Archive member included to satisfy reference by file (symbol)

D:/Programming/Segger Embedded Studio/lib/libc_v7em_fpv4_sp_d16_hard_t_le_eabi.a(libc_asm.o)
                              Output/Receiver Debug/Obj/bsp.o (__aeabi_uldivmod)
D:/Programming/Segger Embedded Studio/lib/libc_v7em_fpv4_sp_d16_hard_t_le_eabi.a(libc2_asm.o)
                              Output/Receiver Debug/Obj/app_scheduler.o (memcpy)
D:/Programming/Segger Embedded Studio/lib/libdebugio_v7em_fpv4_sp_d16_hard_t_le_eabi.a(libdebugio.o)
                              Output/Receiver Debug/Obj/thumb_crt0.o (debug_fopen)
D:/Programming/Segger Embedded Studio/lib/libdebugio_mempoll_v7em_fpv4_sp_d16_hard_t_le_eabi.a(mempoll_debug_operations.o)
                              D:/Programming/Segger Embedded Studio/lib/libdebugio_v7em_fpv4_sp_d16_hard_t_le_eabi.a(libdebugio.o) (__do_debug_operation)
D:/Programming/Segger Embedded Studio/lib/libdebugio_mempoll_v7em_fpv4_sp_d16_hard_t_le_eabi.a(do_nv_debug_operation.o)
                              D:/Programming/Segger Embedded Studio/lib/libdebugio_v7em_fpv4_sp_d16_hard_t_le_eabi.a(libdebugio.o) (__do_nvdebug_operation)
D:/Programming/Segger Embedded Studio/lib/libm_v7em_fpv4_sp_d16_hard_t_le_eabi.a(libm_asm.o)
                              D:/Programming/Segger Embedded Studio/lib/libvfprintf_v7em_fpv4_sp_d16_hard_t_le_eabi.o (__aeabi_dadd)
D:/Programming/Segger Embedded Studio/lib/libm_v7em_fpv4_sp_d16_hard_t_le_eabi.a(libm2.o)
                              D:/Programming/Segger Embedded Studio/lib/libvfprintf_v7em_fpv4_sp_d16_hard_t_le_eabi.o (frexp)
D:/Programming/Segger Embedded Studio/lib/libc_v7em_fpv4_sp_d16_hard_t_le_eabi.a(libc2.o)
                              D:/Programming/Segger Embedded Studio/lib/libvfscanf_v7em_fpv4_sp_d16_hard_t_le_eabi.o (__getc)
D:/Programming/Segger Embedded Studio/lib/libc_v7em_fpv4_sp_d16_hard_t_le_eabi.a(libc.o)
                              D:/Programming/Segger Embedded Studio/lib/libc_v7em_fpv4_sp_d16_hard_t_le_eabi.a(libc2.o) (__heap_lock)

Discarded input sections

 .text          0x0000000000000000        0x0 Output/Receiver Debug/Obj/thumb_crt0.o
 .data          0x0000000000000000        0x0 Output/Receiver Debug/Obj/thumb_crt0.o
 .bss           0x0000000000000000        0x0 Output/Receiver Debug/Obj/thumb_crt0.o
 .text.__aeabi_read_tp
                0x0000000000000000        0x8 Output/Receiver Debug/Obj/thumb_crt0.o
 .text.abort    0x0000000000000000        0x2 Output/Receiver Debug/Obj/thumb_crt0.o
 .text.__assert
                0x0000000000000000        0x2 Output/Receiver Debug/Obj/thumb_crt0.o
 .text.__aeabi_assert
                0x0000000000000000        0x2 Output/Receiver Debug/Obj/thumb_crt0.o
 .text.__sync_synchronize
                0x0000000000000000        0x2 Output/Receiver Debug/Obj/thumb_crt0.o
 .text.__getchar
                0x0000000000000000        0x4 Output/Receiver Debug/Obj/thumb_crt0.o
 .text.__putchar
                0x0000000000000000        0x4 Output/Receiver Debug/Obj/thumb_crt0.o
 .text.__open   0x0000000000000000        0x4 Output/Receiver Debug/Obj/thumb_crt0.o
 .text.__close  0x0000000000000000        0x4 Output/Receiver Debug/Obj/thumb_crt0.o
 .text.__write  0x0000000000000000        0xa Output/Receiver Debug/Obj/thumb_crt0.o
 .text.__read   0x0000000000000000        0xa Output/Receiver Debug/Obj/thumb_crt0.o
 .text.__seek   0x0000000000000000       0x1a Output/Receiver Debug/Obj/thumb_crt0.o
 .bss.__user_locale_name_buffer
                0x0000000000000000        0x4 Output/Receiver Debug/Obj/thumb_crt0.o
 .stack         0x0000000000000000        0x0 Output/Receiver Debug/Obj/thumb_crt0.o
 .stack_process
                0x0000000000000000        0x0 Output/Receiver Debug/Obj/thumb_crt0.o
 .heap          0x0000000000000000        0x0 Output/Receiver Debug/Obj/thumb_crt0.o
 .group         0x0000000000000000        0xc Output/Receiver Debug/Obj/nrf_log_backend_rtt.o
 .group         0x0000000000000000        0xc Output/Receiver Debug/Obj/nrf_log_backend_rtt.o
 .group         0x0000000000000000        0xc Output/Receiver Debug/Obj/nrf_log_backend_rtt.o
 .group         0x0000000000000000        0xc Output/Receiver Debug/Obj/nrf_log_backend_rtt.o
 .group         0x0000000000000000        0xc Output/Receiver Debug/Obj/nrf_log_backend_rtt.o
 .group         0x0000000000000000        0xc Output/Receiver Debug/Obj/nrf_log_backend_rtt.o
 .group         0x0000000000000000        0xc Output/Receiver Debug/Obj/nrf_log_backend_rtt.o
 .group         0x0000000000000000        0xc Output/Receiver Debug/Obj/nrf_log_backend_rtt.o
 .group         0x0000000000000000        0xc Output/Receiver Debug/Obj/nrf_log_backend_rtt.o
 .group         0x0000000000000000        0xc Output/Receiver Debug/Obj/nrf_log_backend_rtt.o
 .group         0x0000000000000000        0xc Output/Receiver Debug/Obj/nrf_log_backend_rtt.o
 .group         0x0000000000000000        0xc Output/Receiver Debug/Obj/nrf_log_backend_rtt.o
[...]
Memory Configuration

Name             Origin             Length             Attributes
UNPLACED_SECTIONS 0x0000000100000000 0x0000000000000000 xw
RAM              0x0000000020000000 0x0000000000040000 xw
FLASH            0x0000000000000000 0x0000000000100000 xw
*default*        0x0000000000000000 0xffffffffffffffff

Linker script and memory map

                0x0000000000000000                __vfprintf = __vfprintf_long
                0x0000000000000000                __vfscanf = __vfscanf_long
                0x0000000020000000                __RAM_segment_start__ = 0x20000000
                0x0000000020040000                __RAM_segment_end__ = 0x20040000
                0x0000000000040000                __RAM_segment_size__ = 0x40000
                0x0000000000000000                __FLASH_segment_start__ = 0x0
                0x0000000000100000                __FLASH_segment_end__ = 0x100000
                0x0000000000100000                __FLASH_segment_size__ = 0x100000
                0x0000000000002000                __HEAPSIZE__ = 0x2000
                0x0000000000000000                __STACKSIZE_PROCESS__ = 0x0
                0x0000000000002000                __STACKSIZE__ = 0x2000
                0x0000000020000000                __vectors_ram_load_start__ = 0x20000000

.vectors_ram    0x0000000020000000        0x0
                0x0000000020000000                __vectors_ram_start__ = .
                0x0000000020000000                __app_ram_start__ = __vectors_ram_start__
 *(.vectors_ram .vectors_ram.*)
                0x0000000020000000                __vectors_ram_end__ = (__vectors_ram_start__ + SIZEOF (.vectors_ram))
                0x0000000000000000                __vectors_ram_size__ = SIZEOF (.vectors_ram)
                0x0000000020000000                __vectors_ram_load_end__ = __vectors_ram_end__
                0x0000000000000001                . = ASSERT (((__vectors_ram_start__ == __vectors_ram_end__) || ((__vectors_ram_end__ - __RAM_segment_start__) <= __RAM_segment_size__)), error: .vectors_ram is too large to fit in RAM memory segment)
                0x0000000020000000                __nrf_sections_run_load_start__ = ALIGN (__vectors_ram_end__, 0x4)

.nrf_sections_run
                0x0000000020000000        0x0
                0x0000000020000000                __nrf_sections_run_start__ = .
                0x0000000020000000                __start_nrf_sections_run = __nrf_sections_run_start__
 *(.nrf_sections_run .nrf_sections_run.*)
                0x0000000020000000                __nrf_sections_run_end__ = (__nrf_sections_run_start__ + SIZEOF (.nrf_sections_run))
                0x0000000000000000                __nrf_sections_run_size__ = SIZEOF (.nrf_sections_run)
                0x0000000020000000                __nrf_sections_run_load_end__ = __nrf_sections_run_end__
                0x0000000000000001                . = ASSERT (((__nrf_sections_run_start__ == __nrf_sections_run_end__) || ((__nrf_sections_run_end__ - __RAM_segment_start__) <= __RAM_segment_size__)), error: .nrf_sections_run is too large to fit in RAM memory segment)
                0x0000000000000000                __vectors_load_start__ = 0x0

.vectors        0x0000000000000000      0x200
                0x0000000000000000                __vectors_start__ = .
 *(.vectors .vectors.*)
 .vectors       0x0000000000000000      0x200 Output/Receiver Debug/Obj/ses_startup_nrf52840.o
                0x0000000000000000                _vectors
                0x0000000000000200                __vectors_end__ = (__vectors_start__ + SIZEOF (.vectors))
                0x0000000000000200                __vectors_size__ = SIZEOF (.vectors)
                0x0000000000000200                __vectors_load_end__ = __vectors_end__
                0x0000000000000001                . = ASSERT (((__vectors_start__ == __vectors_end__) || ((__vectors_end__ - __FLASH_segment_start__) <= __FLASH_segment_size__)), error: .vectors is too large to fit in FLASH memory segment)
                0x0000000000000200                __init_load_start__ = ALIGN (__vectors_end__, 0x4)

.init           0x0000000000000200      0x1d0
                0x0000000000000200                __init_start__ = .
 *(.init .init.*)
 .init          0x0000000000000200      0x15c Output/Receiver Debug/Obj/thumb_crt0.o
                0x0000000000000200                _start
                0x00000000000002b4                exit
 .init          0x000000000000035c       0x18 Output/Receiver Debug/Obj/ses_startup_nrf52840.o
                0x000000000000035c                NMI_Handler
                0x000000000000035e                HardFault_Handler
                0x0000000000000360                MemoryManagement_Handler
                0x0000000000000362                BusFault_Handler
                0x0000000000000364                UsageFault_Handler
                0x0000000000000366                SVC_Handler
                0x0000000000000368                DebugMon_Handler
                0x000000000000036a                PendSV_Handler
                0x000000000000036c                SysTick_Handler
                0x000000000000036e                PWM1_IRQHandler
                0x000000000000036e                RTC0_IRQHandler
                0x000000000000036e                RADIO_IRQHandler
                0x000000000000036e                PDM_IRQHandler
                0x000000000000036e                TEMP_IRQHandler
                0x000000000000036e                QDEC_IRQHandler
                0x000000000000036e                TIMER3_IRQHandler
                0x000000000000036e                PWM3_IRQHandler
                0x000000000000036e                FPU_IRQHandler
                0x000000000000036e                USBD_IRQHandler
                0x000000000000036e                QSPI_IRQHandler
                0x000000000000036e                TIMER4_IRQHandler
                0x000000000000036e                CRYPTOCELL_IRQHandler
                0x000000000000036e                SWI2_EGU2_IRQHandler
                0x000000000000036e                SWI4_EGU4_IRQHandler
                0x000000000000036e                UARTE1_IRQHandler
                0x000000000000036e                Dummy_Handler
                0x000000000000036e                TIMER1_IRQHandler
                0x000000000000036e                SPIM3_IRQHandler
                0x000000000000036e                PWM2_IRQHandler
                0x000000000000036e                ECB_IRQHandler
                0x000000000000036e                SPIM1_SPIS1_TWIM1_TWIS1_SPI1_TWI1_IRQHandler
                0x000000000000036e                SAADC_IRQHandler
                0x000000000000036e                CCM_AAR_IRQHandler
                0x000000000000036e                WDT_IRQHandler
                0x000000000000036e                SWI0_EGU0_IRQHandler
                0x000000000000036e                SWI5_EGU5_IRQHandler
                0x000000000000036e                RNG_IRQHandler
                0x000000000000036e                RTC2_IRQHandler
                0x000000000000036e                PWM0_IRQHandler
                0x000000000000036e                SWI3_EGU3_IRQHandler
                0x000000000000036e                SWI1_EGU1_IRQHandler
                0x000000000000036e                SPIM2_SPIS2_SPI2_IRQHandler
                0x000000000000036e                NFCT_IRQHandler
                0x000000000000036e                I2S_IRQHandler
                0x000000000000036e                MWU_IRQHandler
                0x000000000000036e                TIMER2_IRQHandler
                0x000000000000036e                COMP_LPCOMP_IRQHandler
                0x0000000000000370                nRFInitialize
 .init          0x0000000000000374       0x5c Output/Receiver Debug/Obj/ses_startup_nrf_common.o
                0x0000000000000374                Reset_Handler
                0x0000000000000378                afterInitialize
                0x000000000000039c                InitializeUserMemorySections
                0x00000000000003d0                __init_end__ = (__init_start__ + SIZEOF (.init))
                0x00000000000001d0                __init_size__ = SIZEOF (.init)
                0x00000000000003d0                __init_load_end__ = __init_end__
                0x0000000000000001                . = ASSERT (((__init_start__ == __init_end__) || ((__init_end__ - __FLASH_segment_start__) <= __FLASH_segment_size__)), error: .init is too large to fit in FLASH memory segment)
                0x00000000000003d0                __init_rodata_load_start__ = ALIGN (__init_end__, 0x4)

.init_rodata    0x00000000000003d0        0x0
                0x00000000000003d0                __init_rodata_start__ = .
 *(.init_rodata .init_rodata.*)
                0x00000000000003d0                __init_rodata_end__ = (__init_rodata_start__ + SIZEOF (.init_rodata))
                0x0000000000000000                __init_rodata_size__ = SIZEOF (.init_rodata)
                0x00000000000003d0                __init_rodata_load_end__ = __init_rodata_end__
                0x0000000000000001                . = ASSERT (((__init_rodata_start__ == __init_rodata_end__) || ((__init_rodata_end__ - __FLASH_segment_start__) <= __FLASH_segment_size__)), error: .init_rodata is too large to fit in FLASH memory segment)
                0x00000000000003d0                __text_load_start__ = ALIGN (__init_rodata_end__, 0x4)

.text           0x00000000000003d0     0x4cb0
                0x00000000000003d0                __text_start__ = .
 *(.text .text.* .glue_7t .glue_7 .gnu.linkonce.t.* .gcc_except_table .ARM.extab* .gnu.linkonce.armextab.*)
 .glue_7        0x00000000000003d0        0x0 linker stubs
 .glue_7t       0x00000000000003d0        0x0 linker stubs
 .text.nrf_gpio_pin_port_decode
                0x00000000000003d0       0x44 Output/Receiver Debug/Obj/boards.o
 .text.nrf_gpio_cfg
                0x0000000000000414       0x62 Output/Receiver Debug/Obj/boards.o
 .text.nrf_gpio_cfg_output
                0x0000000000000476       0x22 Output/Receiver Debug/Obj/boards.o
 .text.nrf_gpio_cfg_input
                0x0000000000000498       0x2a Output/Receiver Debug/Obj/boards.o
 .text.nrf_gpio_pin_set
                0x00000000000004c2       0x28 Output/Receiver Debug/Obj/boards.o
 .text.nrf_gpio_pin_clear
                0x00000000000004ea       0x28 Output/Receiver Debug/Obj/boards.o
 .text.nrf_gpio_pin_toggle
                0x0000000000000512       0x44 Output/Receiver Debug/Obj/boards.o
 .text.nrf_gpio_pin_write
                0x0000000000000556       0x24 Output/Receiver Debug/Obj/boards.o
 .text.nrf_gpio_pin_out_read
                0x000000000000057a       0x2a Output/Receiver Debug/Obj/boards.o
 .text.nrf_gpio_port_out_read
                0x00000000000005a4       0x10 Output/Receiver Debug/Obj/boards.o
 .text.nrf_gpio_port_out_set
                0x00000000000005b4       0x14 Output/Receiver Debug/Obj/boards.o
 .text.nrf_gpio_port_out_clear
                0x00000000000005c8       0x14 Output/Receiver Debug/Obj/boards.o
 .text.bsp_board_led_state_get
                0x00000000000005dc       0x5c Output/Receiver Debug/Obj/boards.o
                0x00000000000005dc                bsp_board_led_state_get
 .text.bsp_board_led_on
                0x0000000000000638       0x34 Output/Receiver Debug/Obj/boards.o
                0x0000000000000638                bsp_board_led_on
 .text.bsp_board_led_off
                0x000000000000066c       0x34 Output/Receiver Debug/Obj/boards.o
                0x000000000000066c                bsp_board_led_off
 .text.bsp_board_leds_off
                0x00000000000006a0       0x26 Output/Receiver Debug/Obj/boards.o
                0x00000000000006a0                bsp_board_leds_off
 .text.bsp_board_leds_on
                0x00000000000006c6       0x26 Output/Receiver Debug/Obj/boards.o
                0x00000000000006c6                bsp_board_leds_on
 .text.bsp_board_led_invert
                0x00000000000006ec       0x34 Output/Receiver Debug/Obj/boards.o
                0x00000000000006ec                bsp_board_led_invert
 .text.bsp_board_leds_init
                0x0000000000000720       0x34 Output/Receiver Debug/Obj/boards.o
 .text.bsp_board_buttons_init
                0x0000000000000754       0x34 Output/Receiver Debug/Obj/boards.o
 .text.bsp_board_pin_to_button_idx
                0x0000000000000788       0x40 Output/Receiver Debug/Obj/boards.o
                0x0000000000000788                bsp_board_pin_to_button_idx
 .text.bsp_board_init
                0x00000000000007c8       0x2a Output/Receiver Debug/Obj/boards.o
                0x00000000000007c8                bsp_board_init
 *fill*         0x00000000000007f2        0x2 
 .text.state_get
                0x00000000000007f4       0x4c Output/Receiver Debug/Obj/app_button.o
 .text.state_set
                0x0000000000000840       0x98 Output/Receiver Debug/Obj/app_button.o
 .text.button_get
                0x00000000000008d8       0x5c Output/Receiver Debug/Obj/app_button.o
 .text.usr_event
                0x0000000000000934       0x44 Output/Receiver Debug/Obj/app_button.o
 .text.evt_handle
                0x0000000000000978      0x19c Output/Receiver Debug/Obj/app_button.o
                0x0000000000000978                evt_handle
 .text.timer_start
                0x0000000000000b14       0x28 Output/Receiver Debug/Obj/app_button.o
 .text.detection_delay_timeout_handler
                0x0000000000000b3c       0x8c Output/Receiver Debug/Obj/app_button.o
 .text.gpiote_event_handler
                0x0000000000000bc8       0x6c Output/Receiver Debug/Obj/app_button.o
 .text.app_button_init
                0x0000000000000c34      0x110 Output/Receiver Debug/Obj/app_button.o
                0x0000000000000c34                app_button_init
 .text.app_button_enable
                0x0000000000000d44       0x58 Output/Receiver Debug/Obj/app_button.o
                0x0000000000000d44                app_button_enable
 .text.app_error_save_and_stop
                0x0000000000000d9c       0x9c Output/Receiver Debug/Obj/app_error.o
                0x0000000000000d9c                app_error_save_and_stop
 .text.app_error_handler
                0x0000000000000e38       0x1c Output/Receiver Debug/Obj/app_error_handler_gcc.o
                0x0000000000000e38                app_error_handler
 .text.app_error_fault_handler
                0x0000000000000e54       0x54 Output/Receiver Debug/Obj/app_error_weak.o
                0x0000000000000e54                app_error_fault_handler
 .text.get_now  0x0000000000000ea8       0x5c Output/Receiver Debug/Obj/app_timer2.o
 .text.compare_func
                0x0000000000000f04       0x3e Output/Receiver Debug/Obj/app_timer2.o
 *fill*         0x0000000000000f42        0x2 
 .text.timer_expire
                0x0000000000000f44       0xc8 Output/Receiver Debug/Obj/app_timer2.o
 .text.rtc_schedule
                0x000000000000100c       0xa8 Output/Receiver Debug/Obj/app_timer2.o
 .text.sortlist_pop
                0x00000000000010b4       0x1c Output/Receiver Debug/Obj/app_timer2.o
 .text.sortlist_peek
                0x00000000000010d0       0x1c Output/Receiver Debug/Obj/app_timer2.o
 .text.sorted_list_stop_all
                0x00000000000010ec       0x26 Output/Receiver Debug/Obj/app_timer2.o
 *fill*         0x0000000000001112        0x2 
 .text.on_overflow_evt
                0x0000000000001114       0x1c Output/Receiver Debug/Obj/app_timer2.o
 .text.on_compare_evt
                0x0000000000001130       0x5c Output/Receiver Debug/Obj/app_timer2.o
 .text.on_compare1_evt
                0x000000000000118c       0x20 Output/Receiver Debug/Obj/app_timer2.o
 .text.rtc_update
                0x00000000000011ac       0xd0 Output/Receiver Debug/Obj/app_timer2.o
 .text.timer_req_process
                0x000000000000127c       0xc8 Output/Receiver Debug/Obj/app_timer2.o
 .text.rtc_irq  0x0000000000001344       0x52 Output/Receiver Debug/Obj/app_timer2.o
 *fill*         0x0000000000001396        0x2 
 .text.timer_request_proc_trigger
                0x0000000000001398       0x10 Output/Receiver Debug/Obj/app_timer2.o
 .text.timer_req_schedule
                0x00000000000013a8       0x58 Output/Receiver Debug/Obj/app_timer2.o
 .text.app_timer_init
                0x0000000000001400       0x7c Output/Receiver Debug/Obj/app_timer2.o
                0x0000000000001400                app_timer_init
 .text.app_timer_create
                0x000000000000147c       0x68 Output/Receiver Debug/Obj/app_timer2.o
                0x000000000000147c                app_timer_create
 .text.app_timer_start
                0x00000000000014e4       0x6c Output/Receiver Debug/Obj/app_timer2.o
                0x00000000000014e4                app_timer_start
 .text.app_timer_stop
                0x0000000000001550       0x38 Output/Receiver Debug/Obj/app_timer2.o
                0x0000000000001550                app_timer_stop
 .text.app_timer_cnt_diff_compute
                0x0000000000001588       0x16 Output/Receiver Debug/Obj/app_timer2.o
                0x0000000000001588                app_timer_cnt_diff_compute
 *fill*         0x000000000000159e        0x2 
 .text.app_timer_cnt_get
                0x00000000000015a0       0x14 Output/Receiver Debug/Obj/app_timer2.o
                0x00000000000015a0                app_timer_cnt_get
 .text.app_util_disable_irq
                0x00000000000015b4       0x18 Output/Receiver Debug/Obj/app_util_platform.o
                0x00000000000015b4                app_util_disable_irq
 .text.app_util_enable_irq
                0x00000000000015cc       0x20 Output/Receiver Debug/Obj/app_util_platform.o
                0x00000000000015cc                app_util_enable_irq
 .text.app_util_critical_region_enter
                0x00000000000015ec       0x28 Output/Receiver Debug/Obj/app_util_platform.o
                0x00000000000015ec                app_util_critical_region_enter
 .text.app_util_critical_region_exit
                0x0000000000001614       0x2c Output/Receiver Debug/Obj/app_util_platform.o
                0x0000000000001614                app_util_critical_region_exit
 .text.privilege_level_get
                0x0000000000001640       0x3a Output/Receiver Debug/Obj/app_util_platform.o
                0x0000000000001640                privilege_level_get
 *fill*         0x000000000000167a        0x2 
 .text.NVIC_EnableIRQ
                0x000000000000167c       0x2c Output/Receiver Debug/Obj/drv_rtc.o
 .text.NVIC_SetPendingIRQ
                0x00000000000016a8       0x30 Output/Receiver Debug/Obj/drv_rtc.o
 .text.NVIC_SetPriority
                0x00000000000016d8       0x50 Output/Receiver Debug/Obj/drv_rtc.o
 .text._NRFX_IRQ_PRIORITY_SET
                0x0000000000001728       0x40 Output/Receiver Debug/Obj/drv_rtc.o
 .text._NRFX_IRQ_ENABLE
                0x0000000000001768       0x1c Output/Receiver Debug/Obj/drv_rtc.o
 .text.nrfx_coredep_delay_us
                0x0000000000001784       0x30 Output/Receiver Debug/Obj/drv_rtc.o
 .text.nrf_rtc_cc_set
                0x00000000000017b4       0x1c Output/Receiver Debug/Obj/drv_rtc.o
 .text.nrf_rtc_cc_get
                0x00000000000017d0       0x18 Output/Receiver Debug/Obj/drv_rtc.o
 .text.nrf_rtc_int_enable
                0x00000000000017e8       0x14 Output/Receiver Debug/Obj/drv_rtc.o
 .text.nrf_rtc_int_disable
                0x00000000000017fc       0x14 Output/Receiver Debug/Obj/drv_rtc.o
 .text.nrf_rtc_event_pending
                0x0000000000001810       0x1a Output/Receiver Debug/Obj/drv_rtc.o
 .text.nrf_rtc_event_clear
                0x000000000000182a       0x2a Output/Receiver Debug/Obj/drv_rtc.o
 .text.nrf_rtc_counter_get
                0x0000000000001854       0x10 Output/Receiver Debug/Obj/drv_rtc.o
 .text.nrf_rtc_prescaler_set
                0x0000000000001864       0x30 Output/Receiver Debug/Obj/drv_rtc.o
 .text.nrf_rtc_task_trigger
                0x0000000000001894       0x1e Output/Receiver Debug/Obj/drv_rtc.o
 .text.nrf_rtc_event_enable
                0x00000000000018b2       0x14 Output/Receiver Debug/Obj/drv_rtc.o
 .text.nrf_rtc_event_disable
                0x00000000000018c6       0x14 Output/Receiver Debug/Obj/drv_rtc.o
 *fill*         0x00000000000018da        0x2 
 .text.drv_rtc_init
                0x00000000000018dc       0xc0 Output/Receiver Debug/Obj/drv_rtc.o
                0x00000000000018dc                drv_rtc_init
 .text.drv_rtc_start
                0x000000000000199c       0x2c Output/Receiver Debug/Obj/drv_rtc.o
                0x000000000000199c                drv_rtc_start
 .text.drv_rtc_stop
                0x00000000000019c8       0x2c Output/Receiver Debug/Obj/drv_rtc.o
                0x00000000000019c8                drv_rtc_stop
 .text.drv_rtc_compare_set
                0x00000000000019f4       0xa0 Output/Receiver Debug/Obj/drv_rtc.o
                0x00000000000019f4                drv_rtc_compare_set
 .text.evt_enable
                0x0000000000001a94       0x48 Output/Receiver Debug/Obj/drv_rtc.o
 .text.evt_disable
                0x0000000000001adc       0x3c Output/Receiver Debug/Obj/drv_rtc.o
 .text.evt_pending
                0x0000000000001b18       0x54 Output/Receiver Debug/Obj/drv_rtc.o
 .text.ticks_sub
                0x0000000000001b6c       0x16 Output/Receiver Debug/Obj/drv_rtc.o
 *fill*         0x0000000000001b82        0x2 
 .text.drv_rtc_windowed_compare_set
                0x0000000000001b84      0x174 Output/Receiver Debug/Obj/drv_rtc.o
                0x0000000000001b84                drv_rtc_windowed_compare_set
 .text.drv_rtc_overflow_enable
                0x0000000000001cf8       0x22 Output/Receiver Debug/Obj/drv_rtc.o
                0x0000000000001cf8                drv_rtc_overflow_enable
 .text.drv_rtc_overflow_pending
                0x0000000000001d1a       0x1a Output/Receiver Debug/Obj/drv_rtc.o
                0x0000000000001d1a                drv_rtc_overflow_pending
 .text.drv_rtc_compare_disable
                0x0000000000001d34       0x22 Output/Receiver Debug/Obj/drv_rtc.o
                0x0000000000001d34                drv_rtc_compare_disable
 .text.drv_rtc_compare_pending
                0x0000000000001d56       0x2a Output/Receiver Debug/Obj/drv_rtc.o
                0x0000000000001d56                drv_rtc_compare_pending
 .text.drv_rtc_counter_get
                0x0000000000001d80       0x1a Output/Receiver Debug/Obj/drv_rtc.o
                0x0000000000001d80                drv_rtc_counter_get
 .text.drv_rtc_irq_trigger
                0x0000000000001d9a       0x1a Output/Receiver Debug/Obj/drv_rtc.o
                0x0000000000001d9a                drv_rtc_irq_trigger
 .text.RTC1_IRQHandler
                0x0000000000001db4       0x1c Output/Receiver Debug/Obj/drv_rtc.o
                0x0000000000001db4                RTC1_IRQHandler
 .text.assert_nrf_callback
                0x0000000000001dd0       0x2e Output/Receiver Debug/Obj/nrf_assert.o
                0x0000000000001dd0                assert_nrf_callback
 .text.nrf_atfifo_wspace_req
                0x0000000000001dfe       0x54 Output/Receiver Debug/Obj/nrf_atfifo.o
 .text.nrf_atfifo_wspace_close
                0x0000000000001e52       0x20 Output/Receiver Debug/Obj/nrf_atfifo.o
 .text.nrf_atfifo_rspace_req
                0x0000000000001e72       0x56 Output/Receiver Debug/Obj/nrf_atfifo.o
 .text.nrf_atfifo_rspace_close
                0x0000000000001ec8       0x20 Output/Receiver Debug/Obj/nrf_atfifo.o
 .text.nrf_atfifo_init
                0x0000000000001ee8       0x66 Output/Receiver Debug/Obj/nrf_atfifo.o
                0x0000000000001ee8                nrf_atfifo_init
 .text.nrf_atfifo_item_alloc
                0x0000000000001f4e       0x32 Output/Receiver Debug/Obj/nrf_atfifo.o
                0x0000000000001f4e                nrf_atfifo_item_alloc
 .text.nrf_atfifo_item_put
                0x0000000000001f80       0x28 Output/Receiver Debug/Obj/nrf_atfifo.o
                0x0000000000001f80                nrf_atfifo_item_put
 .text.nrf_atfifo_item_get
                0x0000000000001fa8       0x32 Output/Receiver Debug/Obj/nrf_atfifo.o
                0x0000000000001fa8                nrf_atfifo_item_get
 .text.nrf_atfifo_item_free
                0x0000000000001fda       0x28 Output/Receiver Debug/Obj/nrf_atfifo.o
                0x0000000000001fda                nrf_atfifo_item_free
 *fill*         0x0000000000002002        0x2 
 .text.nrf_sortlist_add
                0x0000000000002004       0x74 Output/Receiver Debug/Obj/nrf_sortlist.o
                0x0000000000002004                nrf_sortlist_add
 .text.nrf_sortlist_pop
                0x0000000000002078       0x44 Output/Receiver Debug/Obj/nrf_sortlist.o
                0x0000000000002078                nrf_sortlist_pop
 .text.nrf_sortlist_peek
                0x00000000000020bc       0x28 Output/Receiver Debug/Obj/nrf_sortlist.o
                0x00000000000020bc                nrf_sortlist_peek
 .text.nrf_sortlist_remove
                0x00000000000020e4       0x6c Output/Receiver Debug/Obj/nrf_sortlist.o
                0x00000000000020e4                nrf_sortlist_remove
 .text.NVIC_EnableIRQ
                0x0000000000002150       0x2c Output/Receiver Debug/Obj/nrfx_gpiote.o
 .text.NVIC_SetPriority
                0x000000000000217c       0x50 Output/Receiver Debug/Obj/nrfx_gpiote.o
 .text._NRFX_IRQ_PRIORITY_SET
                0x00000000000021cc       0x40 Output/Receiver Debug/Obj/nrfx_gpiote.o
 .text._NRFX_IRQ_ENABLE
                0x000000000000220c       0x1c Output/Receiver Debug/Obj/nrfx_gpiote.o
 .text.nrf_gpiote_event_is_set
                0x0000000000002228       0x2a Output/Receiver Debug/Obj/nrfx_gpiote.o
 .text.nrf_gpiote_event_clear
                0x0000000000002252       0x36 Output/Receiver Debug/Obj/nrfx_gpiote.o
 .text.nrf_gpiote_event_addr_get
                0x0000000000002288       0x1a Output/Receiver Debug/Obj/nrfx_gpiote.o
 *fill*         0x00000000000022a2        0x2 
 .text.nrf_gpiote_int_enable
                0x00000000000022a4       0x18 Output/Receiver Debug/Obj/nrfx_gpiote.o
 .text.nrf_gpiote_int_is_enabled
                0x00000000000022bc       0x18 Output/Receiver Debug/Obj/nrfx_gpiote.o
 .text.nrf_gpiote_event_enable
                0x00000000000022d4       0x2c Output/Receiver Debug/Obj/nrfx_gpiote.o
 .text.nrf_gpiote_event_configure
                0x0000000000002300       0x64 Output/Receiver Debug/Obj/nrfx_gpiote.o
 .text.nrf_gpiote_event_pin_get
                0x0000000000002364       0x20 Output/Receiver Debug/Obj/nrfx_gpiote.o
 .text.nrf_gpiote_event_polarity_get
                0x0000000000002384       0x24 Output/Receiver Debug/Obj/nrfx_gpiote.o
 .text.nrf_gpio_pin_port_decode
                0x00000000000023a8       0x44 Output/Receiver Debug/Obj/nrfx_gpiote.o
 .text.nrf_gpio_cfg
                0x00000000000023ec       0x62 Output/Receiver Debug/Obj/nrfx_gpiote.o
 .text.nrf_gpio_cfg_input
                0x000000000000244e       0x2a Output/Receiver Debug/Obj/nrfx_gpiote.o
 .text.nrf_gpio_cfg_watcher
                0x0000000000002478       0x38 Output/Receiver Debug/Obj/nrfx_gpiote.o
 .text.nrf_gpio_cfg_sense_set
                0x00000000000024b0       0x5c Output/Receiver Debug/Obj/nrfx_gpiote.o
 .text.nrf_gpio_pin_read
                0x000000000000250c       0x2a Output/Receiver Debug/Obj/nrfx_gpiote.o
 .text.nrf_gpio_pin_sense_get
                0x0000000000002536       0x2c Output/Receiver Debug/Obj/nrfx_gpiote.o
 .text.nrf_gpio_port_in_read
                0x0000000000002562       0x10 Output/Receiver Debug/Obj/nrfx_gpiote.o
 *fill*         0x0000000000002572        0x2 
 .text.nrf_gpio_ports_read
                0x0000000000002574       0x74 Output/Receiver Debug/Obj/nrfx_gpiote.o
 .text.nrf_bitmask_bit_is_set
                0x00000000000025e8       0x30 Output/Receiver Debug/Obj/nrfx_gpiote.o
 .text.nrf_bitmask_bit_set
                0x0000000000002618       0x40 Output/Receiver Debug/Obj/nrfx_gpiote.o
 .text.pin_in_use_by_te
                0x0000000000002658       0x3c Output/Receiver Debug/Obj/nrfx_gpiote.o
 .text.pin_in_use_by_port
                0x0000000000002694       0x24 Output/Receiver Debug/Obj/nrfx_gpiote.o
 .text.pin_in_use_by_gpiote
                0x00000000000026b8       0x24 Output/Receiver Debug/Obj/nrfx_gpiote.o
 .text.pin_in_use_by_te_set
                0x00000000000026dc       0x50 Output/Receiver Debug/Obj/nrfx_gpiote.o
 .text.pin_in_use_clear
                0x000000000000272c       0x1c Output/Receiver Debug/Obj/nrfx_gpiote.o
 .text.pin_configured_set
                0x0000000000002748       0x1c Output/Receiver Debug/Obj/nrfx_gpiote.o
 .text.channel_port_get
                0x0000000000002764       0x1c Output/Receiver Debug/Obj/nrfx_gpiote.o
 .text.channel_handler_get
                0x0000000000002780       0x18 Output/Receiver Debug/Obj/nrfx_gpiote.o
 .text.channel_port_alloc
                0x0000000000002798       0x7c Output/Receiver Debug/Obj/nrfx_gpiote.o
 .text.channel_free
                0x0000000000002814       0x38 Output/Receiver Debug/Obj/nrfx_gpiote.o
 .text.nrfx_gpiote_init
                0x000000000000284c       0xa4 Output/Receiver Debug/Obj/nrfx_gpiote.o
                0x000000000000284c                nrfx_gpiote_init
 .text.nrfx_gpiote_is_init
                0x00000000000028f0       0x18 Output/Receiver Debug/Obj/nrfx_gpiote.o
                0x00000000000028f0                nrfx_gpiote_is_init
 .text.nrfx_gpiote_in_init
                0x0000000000002908       0xf4 Output/Receiver Debug/Obj/nrfx_gpiote.o
                0x0000000000002908                nrfx_gpiote_in_init
 .text.nrfx_gpiote_in_event_enable
                0x00000000000029fc      0x110 Output/Receiver Debug/Obj/nrfx_gpiote.o
                0x00000000000029fc                nrfx_gpiote_in_event_enable
 .text.nrfx_gpiote_in_is_set
                0x0000000000002b0c       0x34 Output/Receiver Debug/Obj/nrfx_gpiote.o
                0x0000000000002b0c                nrfx_gpiote_in_is_set
 .text.GPIOTE_IRQHandler
                0x0000000000002b40      0x2e8 Output/Receiver Debug/Obj/nrfx_gpiote.o
                0x0000000000002b40                GPIOTE_IRQHandler
 .text.UARTE0_UART0_IRQHandler
                0x0000000000002e28       0x24 Output/Receiver Debug/Obj/nrfx_prs.o
                0x0000000000002e28                UARTE0_UART0_IRQHandler
 .text.prs_box_get
                0x0000000000002e4c       0x20 Output/Receiver Debug/Obj/nrfx_prs.o
 .text.nrfx_prs_acquire
                0x0000000000002e6c       0x74 Output/Receiver Debug/Obj/nrfx_prs.o
                0x0000000000002e6c                nrfx_prs_acquire
 .text.spis_event_handler
                0x0000000000002ee0       0x28 Output/Receiver Debug/Obj/nrf_drv_spis.o
 .text.nrf_drv_spis_init
                0x0000000000002f08       0x38 Output/Receiver Debug/Obj/nrf_drv_spis.o
                0x0000000000002f08                nrf_drv_spis_init
 .text.NVIC_EnableIRQ
                0x0000000000002f40       0x2c Output/Receiver Debug/Obj/nrfx_spis.o
 .text.NVIC_SetPriority
                0x0000000000002f6c       0x50 Output/Receiver Debug/Obj/nrfx_spis.o
 .text.nrfx_is_in_ram
                0x0000000000002fbc       0x1c Output/Receiver Debug/Obj/nrfx_spis.o
 .text.nrfx_get_irq_number
                0x0000000000002fd8       0x10 Output/Receiver Debug/Obj/nrfx_spis.o
 .text._NRFX_IRQ_PRIORITY_SET
                0x0000000000002fe8       0x40 Output/Receiver Debug/Obj/nrfx_spis.o
 .text._NRFX_IRQ_ENABLE
                0x0000000000003028       0x1c Output/Receiver Debug/Obj/nrfx_spis.o
 .text.nrf_spis_task_trigger
                0x0000000000003044       0x1c Output/Receiver Debug/Obj/nrfx_spis.o
 .text.nrf_spis_event_clear
                0x0000000000003060       0x2a Output/Receiver Debug/Obj/nrfx_spis.o
 .text.nrf_spis_event_check
                0x000000000000308a       0x24 Output/Receiver Debug/Obj/nrfx_spis.o
 .text.nrf_spis_shorts_enable
                0x00000000000030ae       0x1c Output/Receiver Debug/Obj/nrfx_spis.o
 .text.nrf_spis_int_enable
                0x00000000000030ca       0x14 Output/Receiver Debug/Obj/nrfx_spis.o
 .text.nrf_spis_enable
                0x00000000000030de       0x12 Output/Receiver Debug/Obj/nrfx_spis.o
 .text.nrf_spis_pins_set
                0x00000000000030f0       0x30 Output/Receiver Debug/Obj/nrfx_spis.o
 .text.nrf_spis_tx_buffer_set
                0x0000000000003120       0x1e Output/Receiver Debug/Obj/nrfx_spis.o
 .text.nrf_spis_rx_buffer_set
                0x000000000000313e       0x1e Output/Receiver Debug/Obj/nrfx_spis.o
 .text.nrf_spis_tx_amount_get
                0x000000000000315c       0x10 Output/Receiver Debug/Obj/nrfx_spis.o
 .text.nrf_spis_rx_amount_get
                0x000000000000316c       0x10 Output/Receiver Debug/Obj/nrfx_spis.o
 .text.nrf_spis_configure
                0x000000000000317c       0x64 Output/Receiver Debug/Obj/nrfx_spis.o
 .text.nrf_spis_orc_set
                0x00000000000031e0       0x1a Output/Receiver Debug/Obj/nrfx_spis.o
 .text.nrf_spis_def_set
                0x00000000000031fa       0x1a Output/Receiver Debug/Obj/nrfx_spis.o
 .text.nrf_gpio_pin_port_decode
                0x0000000000003214       0x44 Output/Receiver Debug/Obj/nrfx_spis.o
 .text.nrf_gpio_cfg
                0x0000000000003258       0x62 Output/Receiver Debug/Obj/nrfx_spis.o
 *fill*         0x00000000000032ba        0x2 
 .text.nrfx_spis_init
                0x00000000000032bc      0x1e4 Output/Receiver Debug/Obj/nrfx_spis.o
                0x00000000000032bc                nrfx_spis_init
 .text.spis_state_entry_action_execute
                0x00000000000034a0       0xa4 Output/Receiver Debug/Obj/nrfx_spis.o
 .text.spis_state_change
                0x0000000000003544       0x26 Output/Receiver Debug/Obj/nrfx_spis.o
 *fill*         0x000000000000356a        0x2 
 .text.nrfx_spis_buffers_set
                0x000000000000356c      0x104 Output/Receiver Debug/Obj/nrfx_spis.o
                0x000000000000356c                nrfx_spis_buffers_set
 .text.spis_irq_handler
                0x0000000000003670       0xa4 Output/Receiver Debug/Obj/nrfx_spis.o
 .text.SPIM0_SPIS0_TWIM0_TWIS0_SPI0_TWI0_IRQHandler
                0x0000000000003714       0x18 Output/Receiver Debug/Obj/nrfx_spis.o
                0x0000000000003714                SPIM0_SPIS0_TWIM0_TWIS0_SPI0_TWI0_IRQHandler
 .text.nrf_drv_clock_init
                0x000000000000372c       0x54 Output/Receiver Debug/Obj/nrf_drv_clock.o
                0x000000000000372c                nrf_drv_clock_init
 .text.item_enqueue
                0x0000000000003780       0x38 Output/Receiver Debug/Obj/nrf_drv_clock.o
 .text.item_dequeue
                0x00000000000037b8       0x20 Output/Receiver Debug/Obj/nrf_drv_clock.o
 .text.nrf_drv_clock_lfclk_request
                0x00000000000037d8       0x9c Output/Receiver Debug/Obj/nrf_drv_clock.o
                0x00000000000037d8                nrf_drv_clock_lfclk_request
 .text.clock_clk_started_notify
                0x0000000000003874       0x4c Output/Receiver Debug/Obj/nrf_drv_clock.o
 .text.clock_irq_handler
                0x00000000000038c0       0x40 Output/Receiver Debug/Obj/nrf_drv_clock.o
 .text.NVIC_EnableIRQ
                0x0000000000003900       0x2c Output/Receiver Debug/Obj/nrfx_clock.o
 .text.NVIC_SetPriority
                0x000000000000392c       0x50 Output/Receiver Debug/Obj/nrfx_clock.o
 .text.nrfx_get_irq_number
                0x000000000000397c       0x10 Output/Receiver Debug/Obj/nrfx_clock.o
 .text._NRFX_IRQ_PRIORITY_SET
                0x000000000000398c       0x40 Output/Receiver Debug/Obj/nrfx_clock.o
 .text._NRFX_IRQ_ENABLE
                0x00000000000039cc       0x1c Output/Receiver Debug/Obj/nrfx_clock.o
 .text._NRFX_IRQ_IS_ENABLED
                0x00000000000039e8       0x4c Output/Receiver Debug/Obj/nrfx_clock.o
 .text.nrf_clock_int_enable
                0x0000000000003a34       0x14 Output/Receiver Debug/Obj/nrfx_clock.o
 .text.nrf_clock_int_disable
                0x0000000000003a48       0x14 Output/Receiver Debug/Obj/nrfx_clock.o
 .text.nrf_clock_task_trigger
                0x0000000000003a5c       0x1a Output/Receiver Debug/Obj/nrfx_clock.o
 .text.nrf_clock_event_clear
                0x0000000000003a76       0x28 Output/Receiver Debug/Obj/nrfx_clock.o
 .text.nrf_clock_event_check
                0x0000000000003a9e       0x22 Output/Receiver Debug/Obj/nrfx_clock.o
 .text.nrf_clock_lf_src_set
                0x0000000000003ac0       0x14 Output/Receiver Debug/Obj/nrfx_clock.o
 .text.nrfx_power_clock_irq_init
                0x0000000000003ad4       0x56 Output/Receiver Debug/Obj/nrfx_clock.o
 *fill*         0x0000000000003b2a        0x2 
 .text.nrfx_clock_init
                0x0000000000003b2c       0x4c Output/Receiver Debug/Obj/nrfx_clock.o
                0x0000000000003b2c                nrfx_clock_init
 .text.nrfx_clock_enable
                0x0000000000003b78       0x28 Output/Receiver Debug/Obj/nrfx_clock.o
                0x0000000000003b78                nrfx_clock_enable
 .text.nrfx_clock_lfclk_start
                0x0000000000003ba0       0x34 Output/Receiver Debug/Obj/nrfx_clock.o
                0x0000000000003ba0                nrfx_clock_lfclk_start
 .text.POWER_CLOCK_IRQHandler
                0x0000000000003bd4       0x68 Output/Receiver Debug/Obj/nrfx_clock.o
                0x0000000000003bd4                POWER_CLOCK_IRQHandler
 .text.nrf_timer_event_clear
                0x0000000000003c3c       0x2a Output/Receiver Debug/Obj/nrfx_timer.o
 .text.nrf_timer_event_check
                0x0000000000003c66       0x24 Output/Receiver Debug/Obj/nrfx_timer.o
 .text.nrf_timer_int_enable_check
                0x0000000000003c8a       0x20 Output/Receiver Debug/Obj/nrfx_timer.o
 .text.nrf_timer_compare_event_get
                0x0000000000003caa       0x14 Output/Receiver Debug/Obj/nrfx_timer.o
 .text.nrf_timer_compare_int_get
                0x0000000000003cbe       0x14 Output/Receiver Debug/Obj/nrfx_timer.o
 .text.irq_handler
                0x0000000000003cd2       0x8e Output/Receiver Debug/Obj/nrfx_timer.o
 .text.TIMER0_IRQHandler
                0x0000000000003d60       0x18 Output/Receiver Debug/Obj/nrfx_timer.o
                0x0000000000003d60                TIMER0_IRQHandler
 .text.bsp_button_event_handler
                0x0000000000003d78      0x130 Output/Receiver Debug/Obj/bsp.o
 .text.button_timer_handler
                0x0000000000003ea8       0x1a Output/Receiver Debug/Obj/bsp.o
 *fill*         0x0000000000003ec2        0x2 
 .text.leds_off
                0x0000000000003ec4       0x3c Output/Receiver Debug/Obj/bsp.o
 .text.bsp_led_indication
                0x0000000000003f00      0x4a4 Output/Receiver Debug/Obj/bsp.o
 .text.leds_timer_handler
                0x00000000000043a4       0x2c Output/Receiver Debug/Obj/bsp.o
 .text.alert_timer_handler
                0x00000000000043d0       0x14 Output/Receiver Debug/Obj/bsp.o
 .text.bsp_init
                0x00000000000043e4       0xdc Output/Receiver Debug/Obj/bsp.o
                0x00000000000043e4                bsp_init
 .text.bsp_event_to_button_action_assign
                0x00000000000044c0       0xa4 Output/Receiver Debug/Obj/bsp.o
                0x00000000000044c0                bsp_event_to_button_action_assign
 .text.reset_packs
                0x0000000000004564       0x50 Output/Receiver Debug/Obj/main.o
 .text.spis_event_handler
                0x00000000000045b4      0x1a4 Output/Receiver Debug/Obj/main.o
                0x00000000000045b4                spis_event_handler
 .text.init     0x0000000000004758       0xcc Output/Receiver Debug/Obj/main.o
                0x0000000000004758                init
 .text.main     0x0000000000004824       0x50 Output/Receiver Debug/Obj/main.o
                0x0000000000004824                main
 .text.empty_handler
                0x0000000000004874        0xe Output/Receiver Debug/Obj/allspis.o
 *fill*         0x0000000000004882        0x2 
 .text.allspis_init
                0x0000000000004884       0x68 Output/Receiver Debug/Obj/allspis.o
                0x0000000000004884                allspis_init
 .text.allspis_transfer
                0x00000000000048ec       0x4c Output/Receiver Debug/Obj/allspis.o
                0x00000000000048ec                allspis_transfer
 .text.radio_init
                0x0000000000004938       0x74 Output/Receiver Debug/Obj/allradio.o
                0x0000000000004938                radio_init
 .text.radio_disable
                0x00000000000049ac       0x34 Output/Receiver Debug/Obj/allradio.o
 .text.set_channel
                0x00000000000049e0       0x50 Output/Receiver Debug/Obj/allradio.o
                0x00000000000049e0                set_channel
 .text.get_channel
                0x0000000000004a30       0x10 Output/Receiver Debug/Obj/allradio.o
                0x0000000000004a30                get_channel
 .text.read_data
                0x0000000000004a40       0x6c Output/Receiver Debug/Obj/allradio.o
                0x0000000000004a40                read_data
 .text.get_hash
                0x0000000000004aac       0x4e Output/Receiver Debug/Obj/hash.o
                0x0000000000004aac                get_hash
 .text.hashify  0x0000000000004afa       0x20 Output/Receiver Debug/Obj/hash.o
                0x0000000000004afa                hashify
 .text.check_hash
                0x0000000000004b1a       0x34 Output/Receiver Debug/Obj/hash.o
                0x0000000000004b1a                check_hash
 *fill*         0x0000000000004b4e        0x2 
 .text.NVIC_SystemReset
                0x0000000000004b50       0x2c Output/Receiver Debug/Obj/system_nrf52840.o
 .text.SystemCoreClockUpdate
                0x0000000000004b7c       0x14 Output/Receiver Debug/Obj/system_nrf52840.o
                0x0000000000004b7c                SystemCoreClockUpdate
 .text.SystemInit
                0x0000000000004b90      0x254 Output/Receiver Debug/Obj/system_nrf52840.o
                0x0000000000004b90                SystemInit
 .text.errata_36
                0x0000000000004de4       0x48 Output/Receiver Debug/Obj/system_nrf52840.o
 .text.errata_66
                0x0000000000004e2c       0x48 Output/Receiver Debug/Obj/system_nrf52840.o
 .text.errata_98
                0x0000000000004e74       0x24 Output/Receiver Debug/Obj/system_nrf52840.o
 .text.errata_103
                0x0000000000004e98       0x24 Output/Receiver Debug/Obj/system_nrf52840.o
 .text.errata_115
                0x0000000000004ebc       0x24 Output/Receiver Debug/Obj/system_nrf52840.o
 .text.errata_120
                0x0000000000004ee0       0x24 Output/Receiver Debug/Obj/system_nrf52840.o
 .text.errata_136
                0x0000000000004f04       0x48 Output/Receiver Debug/Obj/system_nrf52840.o
 .text.libc.__int64_udivmod
                0x0000000000004f4c       0xce D:/Programming/Segger Embedded Studio/lib/libc_v7em_fpv4_sp_d16_hard_t_le_eabi.a(libc_asm.o)
                0x0000000000004f4c                __aeabi_uldivmod
                0x0000000000004f4c                __int64_udiv
                0x0000000000004f4c                __udivdi3
                0x0000000000004f4c                __int64_udivmod
 .text.libc.memset
                0x000000000000501a       0x66 D:/Programming/Segger Embedded Studio/lib/libc_v7em_fpv4_sp_d16_hard_t_le_eabi.a(libc2_asm.o)
                0x000000000000501a                memset
                0x0000000000005080                __text_end__ = (__text_start__ + SIZEOF (.text))
                0x0000000000004cb0                __text_size__ = SIZEOF (.text)
                0x0000000000005080                __text_load_end__ = __text_end__

.vfp11_veneer   0x0000000100000000        0x0
 .vfp11_veneer  0x0000000100000000        0x0 linker stubs

.v4_bx          0x0000000100000000        0x0
 .v4_bx         0x0000000100000000        0x0 linker stubs

.iplt           0x0000000100000000        0x0
 .iplt          0x0000000100000000        0x0 Output/Receiver Debug/Obj/thumb_crt0.o
                0x0000000000000001                . = ASSERT (((__text_start__ == __text_end__) || ((__text_end__ - __FLASH_segment_start__) <= __FLASH_segment_size__)), error: .text is too large to fit in FLASH memory segment)
                0x0000000000005080                __log_const_data_load_start__ = ALIGN (__text_end__, 0x4)

.log_const_data
                0x0000000000005080        0x0
                0x0000000000005080                __log_const_data_start__ = .
                0x0000000000005080                __start_log_const_data = __log_const_data_start__
 *(SORT_BY_NAME(.log_const_data*))
                0x0000000000005080                __log_const_data_end__ = (__log_const_data_start__ + SIZEOF (.log_const_data))
                0x0000000000000000                __log_const_data_size__ = SIZEOF (.log_const_data)
                0x0000000000005080                __stop_log_const_data = __log_const_data_end__
                0x0000000000005080                __log_const_data_load_end__ = __log_const_data_end__
                0x0000000000000001                . = ASSERT (((__log_const_data_start__ == __log_const_data_end__) || ((__log_const_data_end__ - __FLASH_segment_start__) <= __FLASH_segment_size__)), error: .log_const_data is too large to fit in FLASH memory segment)
                0x0000000000005080                __log_backends_load_start__ = ALIGN (__log_const_data_end__, 0x4)

.log_backends   0x0000000000005080        0x0
                0x0000000000005080                __log_backends_start__ = .
                0x0000000000005080                __start_log_backends = __log_backends_start__
 *(SORT_BY_NAME(.log_backends*))
                0x0000000000005080                __log_backends_end__ = (__log_backends_start__ + SIZEOF (.log_backends))
                0x0000000000000000                __log_backends_size__ = SIZEOF (.log_backends)
                0x0000000000005080                __stop_log_backends = __log_backends_end__
                0x0000000000005080                __log_backends_load_end__ = __log_backends_end__
                0x0000000000000001                . = ASSERT (((__log_backends_start__ == __log_backends_end__) || ((__log_backends_end__ - __FLASH_segment_start__) <= __FLASH_segment_size__)), error: .log_backends is too large to fit in FLASH memory segment)
                0x0000000000005080                __nrf_balloc_load_start__ = ALIGN (__log_backends_end__, 0x4)

.nrf_balloc     0x0000000000005080        0x0
                0x0000000000005080                __nrf_balloc_start__ = .
                0x0000000000005080                __start_nrf_balloc = __nrf_balloc_start__
 *(.nrf_balloc*)
                0x0000000000005080                __nrf_balloc_end__ = (__nrf_balloc_start__ + SIZEOF (.nrf_balloc))
                0x0000000000000000                __nrf_balloc_size__ = SIZEOF (.nrf_balloc)
                0x0000000000005080                __stop_nrf_balloc = __nrf_balloc_end__
                0x0000000000005080                __nrf_balloc_load_end__ = __nrf_balloc_end__
                0x0000000000000001                . = ASSERT (((__nrf_balloc_start__ == __nrf_balloc_end__) || ((__nrf_balloc_end__ - __FLASH_segment_start__) <= __FLASH_segment_size__)), error: .nrf_balloc is too large to fit in FLASH memory segment)
                0x0000000000005080                __nrf_sections_load_start__ = ALIGN (__nrf_balloc_end__, 0x4)

.nrf_sections   0x0000000000005080        0x0
                0x0000000000005080                __nrf_sections_start__ = .
                0x0000000000005080                __start_nrf_sections = __nrf_sections_start__
 *(.nrf_sections .nrf_sections.*)
                0x0000000000005080                __nrf_sections_end__ = (__nrf_sections_start__ + SIZEOF (.nrf_sections))
                0x0000000000000000                __nrf_sections_size__ = SIZEOF (.nrf_sections)
                0x0000000000005080                __nrf_sections_load_end__ = __nrf_sections_end__
                0x0000000000000001                . = ASSERT (((__nrf_sections_start__ == __nrf_sections_end__) || ((__nrf_sections_end__ - __FLASH_segment_start__) <= __FLASH_segment_size__)), error: .nrf_sections is too large to fit in FLASH memory segment)
                0x0000000000005080                __log_dynamic_data_load_start__ = ALIGN (__nrf_sections_end__, 0x4)

.log_dynamic_data
                0x0000000020000000        0x0 load address 0x0000000000005080
                0x0000000020000000                __log_dynamic_data_start__ = .
 *(SORT_BY_NAME(.log_dynamic_data*))
                0x0000000020000000                __log_dynamic_data_end__ = (__log_dynamic_data_start__ + SIZEOF (.log_dynamic_data))
                0x0000000000000000                __log_dynamic_data_size__ = SIZEOF (.log_dynamic_data)
                0x0000000000005080                __log_dynamic_data_load_end__ = (__log_dynamic_data_load_start__ + SIZEOF (.log_dynamic_data))
                0x0000000000000001                . = ASSERT (((__log_dynamic_data_load_start__ == __log_dynamic_data_load_end__) || ((__log_dynamic_data_load_end__ - __FLASH_segment_start__) <= __FLASH_segment_size__)), error: .log_dynamic_data is too large to fit in FLASH memory segment)

.log_dynamic_data_run
                0x0000000020000000        0x0
                0x0000000020000000                __log_dynamic_data_run_start__ = .
                0x0000000020000000                __start_log_dynamic_data = __log_dynamic_data_run_start__
                0x0000000020000000                . = MAX ((__log_dynamic_data_run_start__ + SIZEOF (.log_dynamic_data)), .)
                0x0000000020000000                __log_dynamic_data_run_end__ = (__log_dynamic_data_run_start__ + SIZEOF (.log_dynamic_data_run))
                0x0000000000000000                __log_dynamic_data_run_size__ = SIZEOF (.log_dynamic_data_run)
                0x0000000020000000                __stop_log_dynamic_data = __log_dynamic_data_run_end__
                0x0000000020000000                __log_dynamic_data_run_load_end__ = __log_dynamic_data_run_end__
                0x0000000000000001                . = ASSERT (((__log_dynamic_data_run_start__ == __log_dynamic_data_run_end__) || ((__log_dynamic_data_run_end__ - __RAM_segment_start__) <= __RAM_segment_size__)), error: .log_dynamic_data_run is too large to fit in RAM memory segment)
                0x0000000000005080                __log_filter_data_load_start__ = ALIGN ((__log_dynamic_data_load_start__ + SIZEOF (.log_dynamic_data)), 0x4)

.log_filter_data
                0x0000000020000000        0x0 load address 0x0000000000005080
                0x0000000020000000                __log_filter_data_start__ = .
 *(SORT_BY_NAME(.log_filter_data*))
                0x0000000020000000                __log_filter_data_end__ = (__log_filter_data_start__ + SIZEOF (.log_filter_data))
                0x0000000000000000                __log_filter_data_size__ = SIZEOF (.log_filter_data)
                0x0000000000005080                __log_filter_data_load_end__ = (__log_filter_data_load_start__ + SIZEOF (.log_filter_data))
                0x0000000000000001                . = ASSERT (((__log_filter_data_load_start__ == __log_filter_data_load_end__) || ((__log_filter_data_load_end__ - __FLASH_segment_start__) <= __FLASH_segment_size__)), error: .log_filter_data is too large to fit in FLASH memory segment)

.log_filter_data_run
                0x0000000020000000        0x0
                0x0000000020000000                __log_filter_data_run_start__ = .
                0x0000000020000000                __start_log_filter_data = __log_filter_data_run_start__
                0x0000000020000000                . = MAX ((__log_filter_data_run_start__ + SIZEOF (.log_filter_data)), .)
                0x0000000020000000                __log_filter_data_run_end__ = (__log_filter_data_run_start__ + SIZEOF (.log_filter_data_run))
                0x0000000000000000                __log_filter_data_run_size__ = SIZEOF (.log_filter_data_run)
                0x0000000020000000                __stop_log_filter_data = __log_filter_data_run_end__
                0x0000000020000000                __log_filter_data_run_load_end__ = __log_filter_data_run_end__
                0x0000000000000001                . = ASSERT (((__log_filter_data_run_start__ == __log_filter_data_run_end__) || ((__log_filter_data_run_end__ - __RAM_segment_start__) <= __RAM_segment_size__)), error: .log_filter_data_run is too large to fit in RAM memory segment)
                0x0000000020000000                __nrf_sections_run_end_load_start__ = ALIGN (__log_filter_data_run_end__, 0x4)

.nrf_sections_run_end
                0x0000000020000000        0x0
                0x0000000020000000                __nrf_sections_run_end_start__ = .
                0x0000000020000000                __end_nrf_sections_run = __nrf_sections_run_end_start__
 *(.nrf_sections_run_end .nrf_sections_run_end.*)
                0x0000000020000000                __nrf_sections_run_end_end__ = (__nrf_sections_run_end_start__ + SIZEOF (.nrf_sections_run_end))
                0x0000000000000000                __nrf_sections_run_end_size__ = SIZEOF (.nrf_sections_run_end)
                0x0000000020000000                __nrf_sections_run_end_load_end__ = __nrf_sections_run_end_end__
                0x0000000000000001                . = ASSERT (((__nrf_sections_run_end_start__ == __nrf_sections_run_end_end__) || ((__nrf_sections_run_end_end__ - __RAM_segment_start__) <= __RAM_segment_size__)), error: .nrf_sections_run_end is too large to fit in RAM memory segment)
                0x0000000000005080                __dtors_load_start__ = ALIGN ((__log_filter_data_load_start__ + SIZEOF (.log_filter_data)), 0x4)

.dtors          0x0000000000005080        0x0
                0x0000000000005080                __dtors_start__ = .
 *(SORT_BY_NAME(.dtors.*))
 *(.dtors)
 *(.fini_array)
 *(SORT_BY_NAME(.fini_array.*))
                0x0000000000005080                __dtors_end__ = (__dtors_start__ + SIZEOF (.dtors))
                0x0000000000000000                __dtors_size__ = SIZEOF (.dtors)
                0x0000000000005080                __dtors_load_end__ = __dtors_end__
                0x0000000000000001                . = ASSERT (((__dtors_start__ == __dtors_end__) || ((__dtors_end__ - __FLASH_segment_start__) <= __FLASH_segment_size__)), error: .dtors is too large to fit in FLASH memory segment)
                0x0000000000005080                __ctors_load_start__ = ALIGN (__dtors_end__, 0x4)

.ctors          0x0000000000005080        0x0
                0x0000000000005080                __ctors_start__ = .
 *(SORT_BY_NAME(.ctors.*))
 *(.ctors)
 *(.init_array)
 *(SORT_BY_NAME(.init_array.*))
                0x0000000000005080                __ctors_end__ = (__ctors_start__ + SIZEOF (.ctors))
                0x0000000000000000                __ctors_size__ = SIZEOF (.ctors)
                0x0000000000005080                __ctors_load_end__ = __ctors_end__
                0x0000000000000001                . = ASSERT (((__ctors_start__ == __ctors_end__) || ((__ctors_end__ - __FLASH_segment_start__) <= __FLASH_segment_size__)), error: .ctors is too large to fit in FLASH memory segment)
                0x0000000000005080                __rodata_load_start__ = ALIGN (__ctors_end__, 0x4)

.rodata         0x0000000000005080      0x58c
                0x0000000000005080                __rodata_start__ = .
 *(.rodata .rodata.* .gnu.linkonce.r.*)
 .rodata        0x0000000000005080       0x67 Output/Receiver Debug/Obj/boards.o
 *fill*         0x00000000000050e7        0x1 
 .rodata.m_board_led_list
                0x00000000000050e8        0x4 Output/Receiver Debug/Obj/boards.o
 .rodata.m_board_btn_list
                0x00000000000050ec        0x4 Output/Receiver Debug/Obj/boards.o
 .rodata.m_detection_delay_timer_id
                0x00000000000050f0        0x4 Output/Receiver Debug/Obj/app_button.o
 .rodata        0x00000000000050f4       0x51 Output/Receiver Debug/Obj/app_button.o
 *fill*         0x0000000000005145        0x3 
 .rodata.m_app_timer_sortlist
                0x0000000000005148        0xc Output/Receiver Debug/Obj/app_timer2.o
 .rodata        0x0000000000005154       0x54 Output/Receiver Debug/Obj/app_timer2.o
 .rodata        0x00000000000051a8       0x56 Output/Receiver Debug/Obj/app_util_platform.o
 *fill*         0x00000000000051fe        0x2 
 .rodata        0x0000000000005200       0x95 Output/Receiver Debug/Obj/drv_rtc.o
 *fill*         0x0000000000005295        0xb 
 .rodata.delay_machine_code.7862
                0x00000000000052a0        0x6 Output/Receiver Debug/Obj/drv_rtc.o
 *fill*         0x00000000000052a6        0x2 
 .rodata        0x00000000000052a8       0x55 Output/Receiver Debug/Obj/nrf_sortlist.o
 *fill*         0x00000000000052fd        0x3 
 .rodata        0x0000000000005300       0x9f Output/Receiver Debug/Obj/nrfx_gpiote.o
 *fill*         0x000000000000539f        0x1 
 .rodata        0x00000000000053a0       0x50 Output/Receiver Debug/Obj/nrfx_prs.o
 .rodata        0x00000000000053f0       0x95 Output/Receiver Debug/Obj/nrfx_spis.o
 *fill*         0x0000000000005485        0x3 
 .rodata.irq_handlers.8747
                0x0000000000005488        0x4 Output/Receiver Debug/Obj/nrfx_spis.o
 .rodata        0x000000000000548c       0x50 Output/Receiver Debug/Obj/nrf_drv_clock.o
 .rodata        0x00000000000054dc       0x72 Output/Receiver Debug/Obj/nrfx_clock.o
 *fill*         0x000000000000554e        0x2 
 .rodata.m_bsp_leds_tmr
                0x0000000000005550        0x4 Output/Receiver Debug/Obj/bsp.o
 .rodata.m_bsp_alert_tmr
                0x0000000000005554        0x4 Output/Receiver Debug/Obj/bsp.o
 .rodata.m_bsp_button_tmr
                0x0000000000005558        0x4 Output/Receiver Debug/Obj/bsp.o
 .rodata.app_buttons
                0x000000000000555c       0x20 Output/Receiver Debug/Obj/bsp.o
 .rodata        0x000000000000557c       0x34 Output/Receiver Debug/Obj/main.o
 .rodata.spis   0x00000000000055b0        0x8 Output/Receiver Debug/Obj/allspis.o
                0x00000000000055b0                spis
 .rodata        0x00000000000055b8       0x54 Output/Receiver Debug/Obj/allspis.o
                0x000000000000560c                __rodata_end__ = (__rodata_start__ + SIZEOF (.rodata))
                0x000000000000058c                __rodata_size__ = SIZEOF (.rodata)
                0x000000000000560c                __rodata_load_end__ = __rodata_end__

.rel.dyn        0x000000000000560c        0x0
 .rel.iplt      0x000000000000560c        0x0 Output/Receiver Debug/Obj/thumb_crt0.o
                0x0000000000000001                . = ASSERT (((__rodata_start__ == __rodata_end__) || ((__rodata_end__ - __FLASH_segment_start__) <= __FLASH_segment_size__)), error: .rodata is too large to fit in FLASH memory segment)
                0x000000000000560c                __ARM.exidx_load_start__ = ALIGN (__rodata_end__, 0x4)

.ARM.exidx      0x000000000000560c        0x0
                0x000000000000560c                __ARM.exidx_start__ = .
                0x000000000000560c                __exidx_start = __ARM.exidx_start__
 *(.ARM.exidx .ARM.exidx.*)
                0x000000000000560c                __ARM.exidx_end__ = (__ARM.exidx_start__ + SIZEOF (.ARM.exidx))
                0x0000000000000000                __ARM.exidx_size__ = SIZEOF (.ARM.exidx)
                0x000000000000560c                __exidx_end = __ARM.exidx_end__
                0x000000000000560c                __ARM.exidx_load_end__ = __ARM.exidx_end__
                0x0000000000000001                . = ASSERT (((__ARM.exidx_start__ == __ARM.exidx_end__) || ((__ARM.exidx_end__ - __FLASH_segment_start__) <= __FLASH_segment_size__)), error: .ARM.exidx is too large to fit in FLASH memory segment)
                0x000000000000560c                __fast_load_start__ = ALIGN (__ARM.exidx_end__, 0x4)

.fast           0x0000000020000000        0x0 load address 0x000000000000560c
                0x0000000020000000                __fast_start__ = .
 *(.fast .fast.*)
                0x0000000020000000                __fast_end__ = (__fast_start__ + SIZEOF (.fast))
                0x0000000000000000                __fast_size__ = SIZEOF (.fast)
                0x000000000000560c                __fast_load_end__ = (__fast_load_start__ + SIZEOF (.fast))
                0x0000000000000001                . = ASSERT (((__fast_load_start__ == __fast_load_end__) || ((__fast_load_end__ - __FLASH_segment_start__) <= __FLASH_segment_size__)), error: .fast is too large to fit in FLASH memory segment)

.fast_run       0x0000000020000000        0x0
                0x0000000020000000                __fast_run_start__ = .
                0x0000000020000000                . = MAX ((__fast_run_start__ + SIZEOF (.fast)), .)
                0x0000000020000000                __fast_run_end__ = (__fast_run_start__ + SIZEOF (.fast_run))
                0x0000000000000000                __fast_run_size__ = SIZEOF (.fast_run)
                0x0000000020000000                __fast_run_load_end__ = __fast_run_end__
                0x0000000000000001                . = ASSERT (((__fast_run_start__ == __fast_run_end__) || ((__fast_run_end__ - __RAM_segment_start__) <= __RAM_segment_size__)), error: .fast_run is too large to fit in RAM memory segment)
                0x000000000000560c                __data_load_start__ = ALIGN ((__fast_load_start__ + SIZEOF (.fast)), 0x4)

.data           0x0000000020000000       0x10 load address 0x000000000000560c
                0x0000000020000000                __data_start__ = .
 *(.data .data.* .gnu.linkonce.d.*)
 .data.m_rtc_inst
                0x0000000020000000        0x8 Output/Receiver Debug/Obj/app_timer2.o
 .data.status   0x0000000020000008        0x1 Output/Receiver Debug/Obj/main.o
 .data.current_channel
                0x0000000020000009        0x1 Output/Receiver Debug/Obj/allradio.o
 *fill*         0x000000002000000a        0x2 
 .data.SystemCoreClock
                0x000000002000000c        0x4 Output/Receiver Debug/Obj/system_nrf52840.o
                0x000000002000000c                SystemCoreClock
                0x0000000020000010                __data_end__ = (__data_start__ + SIZEOF (.data))
                0x0000000000000010                __data_size__ = SIZEOF (.data)
                0x000000000000561c                __data_load_end__ = (__data_load_start__ + SIZEOF (.data))

.igot.plt       0x0000000100000000        0x0
 .igot.plt      0x0000000100000000        0x0 Output/Receiver Debug/Obj/thumb_crt0.o
                0x0000000000000001                . = ASSERT (((__data_load_start__ == __data_load_end__) || ((__data_load_end__ - __FLASH_segment_start__) <= __FLASH_segment_size__)), error: .data is too large to fit in FLASH memory segment)

.data_run       0x0000000020000000       0x10 load address 0x000000000000560c
                0x0000000020000000                __data_run_start__ = .
                0x0000000020000010                . = MAX ((__data_run_start__ + SIZEOF (.data)), .)
 *fill*         0x0000000020000000       0x10 
                0x0000000020000010                __data_run_end__ = (__data_run_start__ + SIZEOF (.data_run))
                0x0000000000000010                __data_run_size__ = SIZEOF (.data_run)
                0x0000000020000010                __data_run_load_end__ = __data_run_end__
                0x0000000000000001                . = ASSERT (((__data_run_start__ == __data_run_end__) || ((__data_run_end__ - __RAM_segment_start__) <= __RAM_segment_size__)), error: .data_run is too large to fit in RAM memory segment)
                0x000000000000561c                __tdata_load_start__ = ALIGN ((__data_load_start__ + SIZEOF (.data)), 0x4)

.tdata          0x0000000020000010        0x0 load address 0x000000000000561c
                0x0000000020000010                __tdata_start__ = .
 *(.tdata .tdata.*)
                0x0000000020000010                __tdata_end__ = (__tdata_start__ + SIZEOF (.tdata))
                0x0000000000000000                __tdata_size__ = SIZEOF (.tdata)
                0x000000000000561c                __tdata_load_end__ = (__tdata_load_start__ + SIZEOF (.tdata))
                0x000000000000561c                __FLASH_segment_used_end__ = (ALIGN ((__data_load_start__ + SIZEOF (.data)), 0x4) + SIZEOF (.tdata))
                0x000000000000561c                __FLASH_segment_used_size__ = (__FLASH_segment_used_end__ - __FLASH_segment_start__)
                0x0000000000000001                . = ASSERT (((__tdata_load_start__ == __tdata_load_end__) || ((__tdata_load_end__ - __FLASH_segment_start__) <= __FLASH_segment_size__)), error: .tdata is too large to fit in FLASH memory segment)

.tdata_run      0x0000000020000010        0x0
                0x0000000020000010                __tdata_run_start__ = .
                0x0000000020000010                . = MAX ((__tdata_run_start__ + SIZEOF (.tdata)), .)
                0x0000000020000010                __tdata_run_end__ = (__tdata_run_start__ + SIZEOF (.tdata_run))
                0x0000000000000000                __tdata_run_size__ = SIZEOF (.tdata_run)
                0x0000000020000010                __tdata_run_load_end__ = __tdata_run_end__
                0x0000000000000001                . = ASSERT (((__tdata_run_start__ == __tdata_run_end__) || ((__tdata_run_end__ - __RAM_segment_start__) <= __RAM_segment_size__)), error: .tdata_run is too large to fit in RAM memory segment)
                0x0000000020000010                __bss_load_start__ = ALIGN (__tdata_run_end__, 0x4)

.bss            0x0000000020000010      0x569
                0x0000000020000010                __bss_start__ = .
 *(.bss .bss.* .gnu.linkonce.b.*)
 .bss.mp_buttons
                0x0000000020000010        0x4 Output/Receiver Debug/Obj/app_button.o
 .bss.m_button_count
                0x0000000020000014        0x1 Output/Receiver Debug/Obj/app_button.o
 *fill*         0x0000000020000015        0x3 
 .bss.m_detection_delay
                0x0000000020000018        0x4 Output/Receiver Debug/Obj/app_button.o
 *fill*         0x000000002000001c        0x4 
 .bss.m_detection_delay_timer_id_data
                0x0000000020000020       0x20 Output/Receiver Debug/Obj/app_button.o
 .bss.m_pin_active
                0x0000000020000040        0x8 Output/Receiver Debug/Obj/app_button.o
 .bss.m_pin_states
                0x0000000020000048       0x20 Output/Receiver Debug/Obj/app_button.o
 .bss.m_error_data.7715
                0x0000000020000068       0x20 Output/Receiver Debug/Obj/app_error.o
 .bss.mp_active_timer
                0x0000000020000088        0x4 Output/Receiver Debug/Obj/app_timer2.o
 .bss.m_global_active
                0x000000002000008c        0x1 Output/Receiver Debug/Obj/app_timer2.o
 *fill*         0x000000002000008d        0x3 
 .bss.m_base_counter
                0x0000000020000090        0x8 Output/Receiver Debug/Obj/app_timer2.o
 .bss.m_stamp64
                0x0000000020000098        0x8 Output/Receiver Debug/Obj/app_timer2.o
 .bss.m_req_fifo_data
                0x00000000200000a0       0x58 Output/Receiver Debug/Obj/app_timer2.o
 .bss.m_req_fifo_inst
                0x00000000200000f8       0x10 Output/Receiver Debug/Obj/app_timer2.o
 .bss.m_app_timer_sortlist_sortlist_cb
                0x0000000020000108        0x4 Output/Receiver Debug/Obj/app_timer2.o
 .bss.m_in_critical_region
                0x000000002000010c        0x4 Output/Receiver Debug/Obj/app_util_platform.o
 .bss.m_handlers
                0x0000000020000110        0x4 Output/Receiver Debug/Obj/drv_rtc.o
 .bss.m_cb      0x0000000020000114        0x8 Output/Receiver Debug/Obj/drv_rtc.o
 .bss.m_cb      0x000000002000011c       0x6c Output/Receiver Debug/Obj/nrfx_gpiote.o
 .bss.m_prs_box_4
                0x0000000020000188        0x8 Output/Receiver Debug/Obj/nrfx_prs.o
 .bss.m_handlers
                0x0000000020000190        0xc Output/Receiver Debug/Obj/nrf_drv_spis.o
 .bss.m_cb      0x000000002000019c       0x1c Output/Receiver Debug/Obj/nrfx_spis.o
 .bss.m_clock_cb
                0x00000000200001b8       0x14 Output/Receiver Debug/Obj/nrf_drv_clock.o
 .bss.m_clock_cb
                0x00000000200001cc        0x8 Output/Receiver Debug/Obj/nrfx_clock.o
 .bss.m_cb      0x00000000200001d4        0xc Output/Receiver Debug/Obj/nrfx_timer.o
 .bss.m_stable_state
                0x00000000200001e0        0x1 Output/Receiver Debug/Obj/bsp.o
 .bss.m_leds_clear
                0x00000000200001e1        0x1 Output/Receiver Debug/Obj/bsp.o
 *fill*         0x00000000200001e2        0x2 
 .bss.m_indication_type
                0x00000000200001e4        0x4 Output/Receiver Debug/Obj/bsp.o
 .bss.m_alert_on
                0x00000000200001e8        0x1 Output/Receiver Debug/Obj/bsp.o
 *fill*         0x00000000200001e9        0x7 
 .bss.m_bsp_leds_tmr_data
                0x00000000200001f0       0x20 Output/Receiver Debug/Obj/bsp.o
 .bss.m_bsp_alert_tmr_data
                0x0000000020000210       0x20 Output/Receiver Debug/Obj/bsp.o
 .bss.m_registered_callback
                0x0000000020000230        0x4 Output/Receiver Debug/Obj/bsp.o
 .bss.m_events_list
                0x0000000020000234        0xc Output/Receiver Debug/Obj/bsp.o
 .bss.m_bsp_button_tmr_data
                0x0000000020000240       0x20 Output/Receiver Debug/Obj/bsp.o
 .bss.current_long_push_pin_no.8455
                0x0000000020000260        0x1 Output/Receiver Debug/Obj/bsp.o
 *fill*         0x0000000020000261        0x3 
 .bss.release_event_at_push.8456
                0x0000000020000264        0x4 Output/Receiver Debug/Obj/bsp.o
 .bss.spis_rx   0x0000000020000268        0x3 Output/Receiver Debug/Obj/main.o
                0x0000000020000268                spis_rx
 *fill*         0x000000002000026b        0x1 
 .bss.spis_txs  0x000000002000026c      0x30c Output/Receiver Debug/Obj/main.o
                0x000000002000026c                spis_txs
 .bss.radio_destination
                0x0000000020000578        0x1 Output/Receiver Debug/Obj/main.o
 *(COMMON)
                0x0000000020000579                __bss_end__ = (__bss_start__ + SIZEOF (.bss))
                0x0000000000000569                __bss_size__ = SIZEOF (.bss)
                0x0000000020000579                __bss_load_end__ = __bss_end__
                0x0000000000000001                . = ASSERT (((__bss_start__ == __bss_end__) || ((__bss_end__ - __RAM_segment_start__) <= __RAM_segment_size__)), error: .bss is too large to fit in RAM memory segment)
                0x000000002000057c                __tbss_load_start__ = ALIGN (__bss_end__, 0x4)

.tbss           0x000000002000057c        0x0
                0x000000002000057c                __tbss_start__ = .
 *(.tbss .tbss.*)
                0x000000002000057c                __tbss_end__ = (__tbss_start__ + SIZEOF (.tbss))
                0x0000000000000000                __tbss_size__ = SIZEOF (.tbss)
                0x000000002000057c                __tbss_load_end__ = __tbss_end__
                0x0000000000000001                . = ASSERT (((__tbss_start__ == __tbss_end__) || ((__tbss_end__ - __RAM_segment_start__) <= __RAM_segment_size__)), error: .tbss is too large to fit in RAM memory segment)
                0x000000002000057c                __non_init_load_start__ = ALIGN (__tbss_end__, 0x4)

.non_init       0x000000002000057c        0x0
                0x000000002000057c                __non_init_start__ = .
 *(.non_init .non_init.*)
                0x000000002000057c                __non_init_end__ = (__non_init_start__ + SIZEOF (.non_init))
                0x0000000000000000                __non_init_size__ = SIZEOF (.non_init)
                0x000000002000057c                __non_init_load_end__ = __non_init_end__
                0x0000000000000001                . = ASSERT (((__non_init_start__ == __non_init_end__) || ((__non_init_end__ - __RAM_segment_start__) <= __RAM_segment_size__)), error: .non_init is too large to fit in RAM memory segment)
                0x000000002000057c                __heap_load_start__ = ALIGN (__non_init_end__, 0x4)

.heap           0x000000002000057c     0x2000
                0x000000002000057c                __heap_start__ = .
 *(.heap .heap.*)
                0x000000002000257c                . = ALIGN (MAX ((__heap_start__ + __HEAPSIZE__), .), 0x4)
 *fill*         0x000000002000057c     0x2000 
                0x000000002000257c                __heap_end__ = (__heap_start__ + SIZEOF (.heap))
                0x0000000000002000                __heap_size__ = SIZEOF (.heap)
                0x000000002000257c                __heap_load_end__ = __heap_end__
                0x0000000000000001                . = ASSERT (((__heap_start__ == __heap_end__) || ((__heap_end__ - __RAM_segment_start__) <= __RAM_segment_size__)), error: .heap is too large to fit in RAM memory segment)
                0x000000002003e000                __stack_load_start__ = (__RAM_segment_start__ + (__RAM_segment_size__ - 0x2000))

.stack          0x000000002003e000     0x2000
                0x000000002003e000                __stack_start__ = .
                0x000000002003e000                __StackLimit = __stack_start__
 *(.stack .stack.*)
                0x0000000020040000                . = ALIGN (MAX ((__stack_start__ + __STACKSIZE__), .), 0x8)
 *fill*         0x000000002003e000     0x2000 
                0x0000000020040000                __stack_end__ = (__stack_start__ + SIZEOF (.stack))
                0x0000000000002000                __stack_size__ = SIZEOF (.stack)
                0x0000000020040000                __StackTop = __stack_end__
                0x0000000020040000                __stack_load_end__ = __stack_end__
                0x0000000000000001                . = ASSERT (((__stack_start__ == __stack_end__) || ((__stack_end__ - __RAM_segment_start__) <= __RAM_segment_size__)), error: .stack is too large to fit in RAM memory segment)
                0x0000000000000001                . = ASSERT ((__heap_end__ <= __stack_start__), error: section .heap overlaps absolute placed section .stack)
                0x0000000020040000                __stack_process_load_start__ = ALIGN (__stack_end__, 0x8)

.stack_process  0x0000000020040000        0x0
                0x0000000020040000                __stack_process_start__ = .
 *(.stack_process .stack_process.*)
                0x0000000020040000                . = ALIGN (MAX ((__stack_process_start__ + __STACKSIZE_PROCESS__), .), 0x8)
                0x0000000020040000                __stack_process_end__ = (__stack_process_start__ + SIZEOF (.stack_process))
                0x0000000000000000                __stack_process_size__ = SIZEOF (.stack_process)
                0x0000000020040000                __stack_process_load_end__ = __stack_process_end__
                0x0000000020040000                __RAM_segment_used_end__ = (ALIGN (__stack_end__, 0x8) + SIZEOF (.stack_process))
                0x0000000000040000                __RAM_segment_used_size__ = (__RAM_segment_used_end__ - __RAM_segment_start__)
                0x0000000000000001                . = ASSERT (((__stack_process_start__ == __stack_process_end__) || ((__stack_process_end__ - __RAM_segment_start__) <= __RAM_segment_size__)), error: .stack_process is too large to fit in RAM memory segment)
START GROUP
LOAD Output/Receiver Debug/Obj/thumb_crt0.o
LOAD Output/Receiver Debug/Obj/nrf_log_backend_rtt.o
LOAD Output/Receiver Debug/Obj/nrf_log_backend_serial.o
LOAD Output/Receiver Debug/Obj/nrf_log_backend_uart.o
LOAD Output/Receiver Debug/Obj/nrf_log_default_backends.o
LOAD Output/Receiver Debug/Obj/nrf_log_frontend.o
LOAD Output/Receiver Debug/Obj/nrf_log_str_formatter.o
LOAD Output/Receiver Debug/Obj/boards.o
LOAD Output/Receiver Debug/Obj/app_button.o
LOAD Output/Receiver Debug/Obj/app_error.o
LOAD Output/Receiver Debug/Obj/app_error_handler_gcc.o
LOAD Output/Receiver Debug/Obj/app_error_weak.o
LOAD Output/Receiver Debug/Obj/app_scheduler.o
LOAD Output/Receiver Debug/Obj/app_timer2.o
LOAD Output/Receiver Debug/Obj/app_util_platform.o
LOAD Output/Receiver Debug/Obj/drv_rtc.o
LOAD Output/Receiver Debug/Obj/nrf_assert.o
LOAD Output/Receiver Debug/Obj/nrf_atfifo.o
LOAD Output/Receiver Debug/Obj/nrf_atomic.o
LOAD Output/Receiver Debug/Obj/nrf_balloc.o
LOAD Output/Receiver Debug/Obj/nrf_fprintf.o
LOAD Output/Receiver Debug/Obj/nrf_fprintf_format.o
LOAD Output/Receiver Debug/Obj/nrf_memobj.o
LOAD Output/Receiver Debug/Obj/nrf_ringbuf.o
LOAD Output/Receiver Debug/Obj/nrf_sortlist.o
LOAD Output/Receiver Debug/Obj/nrf_strerror.o
LOAD Output/Receiver Debug/Obj/retarget.o
LOAD Output/Receiver Debug/Obj/app_fifo.o
LOAD Output/Receiver Debug/Obj/app_uart_fifo.o
LOAD Output/Receiver Debug/Obj/nrf_drv_uart.o
LOAD Output/Receiver Debug/Obj/nrfx_atomic.o
LOAD Output/Receiver Debug/Obj/nrfx_gpiote.o
LOAD Output/Receiver Debug/Obj/nrfx_prs.o
LOAD Output/Receiver Debug/Obj/nrfx_uart.o
LOAD Output/Receiver Debug/Obj/nrfx_uarte.o
LOAD Output/Receiver Debug/Obj/nrf_drv_spis.o
LOAD Output/Receiver Debug/Obj/nrfx_spis.o
LOAD Output/Receiver Debug/Obj/nrf_drv_clock.o
LOAD Output/Receiver Debug/Obj/nrfx_clock.o
LOAD Output/Receiver Debug/Obj/nrfx_timer.o
LOAD Output/Receiver Debug/Obj/bsp.o
LOAD Output/Receiver Debug/Obj/main.o
LOAD Output/Receiver Debug/Obj/allspis.o
LOAD Output/Receiver Debug/Obj/allradio.o
LOAD Output/Receiver Debug/Obj/alluart.o
LOAD Output/Receiver Debug/Obj/hash.o
LOAD Output/Receiver Debug/Obj/SEGGER_RTT.o
LOAD Output/Receiver Debug/Obj/SEGGER_RTT_Syscalls_SES.o
LOAD Output/Receiver Debug/Obj/SEGGER_RTT_printf.o
LOAD Output/Receiver Debug/Obj/ses_startup_nrf52840.o
LOAD Output/Receiver Debug/Obj/ses_startup_nrf_common.o
LOAD Output/Receiver Debug/Obj/system_nrf52840.o
LOAD D:/Programming/Segger Embedded Studio/lib/libdebugio_mempoll_v7em_fpv4_sp_d16_hard_t_le_eabi.a
LOAD D:/Programming/Segger Embedded Studio/lib/libm_v7em_fpv4_sp_d16_hard_t_le_eabi.a
LOAD D:/Programming/Segger Embedded Studio/lib/libc_v7em_fpv4_sp_d16_hard_t_le_eabi.a
LOAD D:/Programming/Segger Embedded Studio/lib/libcpp_v7em_fpv4_sp_d16_hard_t_le_eabi.a
LOAD D:/Programming/Segger Embedded Studio/lib/libdebugio_v7em_fpv4_sp_d16_hard_t_le_eabi.a
LOAD D:/Programming/Segger Embedded Studio/lib/libvfprintf_v7em_fpv4_sp_d16_hard_t_le_eabi.o
LOAD D:/Programming/Segger Embedded Studio/lib/libvfscanf_v7em_fpv4_sp_d16_hard_t_le_eabi.o
END GROUP
OUTPUT(Output/Debug/Exe/Receiver.elf elf32-littlearm)

.ARM.attributes
                0x0000000000000000       0x35
 .ARM.attributes
                0x0000000000000000       0x25 Output/Receiver Debug/Obj/thumb_crt0.o
 .ARM.attributes
                0x0000000000000025       0x39 Output/Receiver Debug/Obj/boards.o
 .ARM.attributes
                0x000000000000005e       0x39 Output/Receiver Debug/Obj/app_button.o
 .ARM.attributes
                0x0000000000000097       0x39 Output/Receiver Debug/Obj/app_error.o
 .ARM.attributes
                0x00000000000000d0       0x39 Output/Receiver Debug/Obj/app_error_handler_gcc.o
 .ARM.attributes
                0x0000000000000109       0x39 Output/Receiver Debug/Obj/app_error_weak.o
 .ARM.attributes
                0x0000000000000142       0x39 Output/Receiver Debug/Obj/app_timer2.o
 .ARM.attributes
                0x000000000000017b       0x39 Output/Receiver Debug/Obj/app_util_platform.o
 .ARM.attributes
                0x00000000000001b4       0x39 Output/Receiver Debug/Obj/drv_rtc.o
 .ARM.attributes
                0x00000000000001ed       0x39 Output/Receiver Debug/Obj/nrf_assert.o
 .ARM.attributes
                0x0000000000000226       0x39 Output/Receiver Debug/Obj/nrf_atfifo.o
 .ARM.attributes
                0x000000000000025f       0x39 Output/Receiver Debug/Obj/nrf_sortlist.o
 .ARM.attributes
                0x0000000000000298       0x39 Output/Receiver Debug/Obj/nrfx_gpiote.o
 .ARM.attributes
                0x00000000000002d1       0x39 Output/Receiver Debug/Obj/nrfx_prs.o
 .ARM.attributes
                0x000000000000030a       0x39 Output/Receiver Debug/Obj/nrf_drv_spis.o
 .ARM.attributes
                0x0000000000000343       0x39 Output/Receiver Debug/Obj/nrfx_spis.o
 .ARM.attributes
                0x000000000000037c       0x39 Output/Receiver Debug/Obj/nrf_drv_clock.o
 .ARM.attributes
                0x00000000000003b5       0x39 Output/Receiver Debug/Obj/nrfx_clock.o
 .ARM.attributes
                0x00000000000003ee       0x39 Output/Receiver Debug/Obj/nrfx_timer.o
 .ARM.attributes
                0x0000000000000427       0x39 Output/Receiver Debug/Obj/bsp.o
 .ARM.attributes
                0x0000000000000460       0x39 Output/Receiver Debug/Obj/main.o
 .ARM.attributes
                0x0000000000000499       0x39 Output/Receiver Debug/Obj/allspis.o
 .ARM.attributes
                0x00000000000004d2       0x39 Output/Receiver Debug/Obj/allradio.o
 .ARM.attributes
                0x000000000000050b       0x39 Output/Receiver Debug/Obj/hash.o
 .ARM.attributes
                0x0000000000000544       0x25 Output/Receiver Debug/Obj/ses_startup_nrf52840.o
 .ARM.attributes
                0x0000000000000569       0x25 Output/Receiver Debug/Obj/ses_startup_nrf_common.o
 .ARM.attributes
                0x000000000000058e       0x39 Output/Receiver Debug/Obj/system_nrf52840.o
 .ARM.attributes
                0x00000000000005c7       0x20 D:/Programming/Segger Embedded Studio/lib/libc_v7em_fpv4_sp_d16_hard_t_le_eabi.a(libc_asm.o)
 .ARM.attributes
                0x00000000000005e7       0x20 D:/Programming/Segger Embedded Studio/lib/libc_v7em_fpv4_sp_d16_hard_t_le_eabi.a(libc2_asm.o)

.comment        0x0000000000000000       0x47
 .comment       0x0000000000000000       0x47 Output/Receiver Debug/Obj/boards.o
                                         0x48 (size before relaxing)
 .comment       0x0000000000000047       0x48 Output/Receiver Debug/Obj/app_button.o
 .comment       0x0000000000000047       0x48 Output/Receiver Debug/Obj/app_error.o
 .comment       0x0000000000000047       0x48 Output/Receiver Debug/Obj/app_error_handler_gcc.o
 .comment       0x0000000000000047       0x48 Output/Receiver Debug/Obj/app_error_weak.o
 .comment       0x0000000000000047       0x48 Output/Receiver Debug/Obj/app_timer2.o
 .comment       0x0000000000000047       0x48 Output/Receiver Debug/Obj/app_util_platform.o
 .comment       0x0000000000000047       0x48 Output/Receiver Debug/Obj/drv_rtc.o
 .comment       0x0000000000000047       0x48 Output/Receiver Debug/Obj/nrf_assert.o
 .comment       0x0000000000000047       0x48 Output/Receiver Debug/Obj/nrf_atfifo.o
 .comment       0x0000000000000047       0x48 Output/Receiver Debug/Obj/nrf_sortlist.o
 .comment       0x0000000000000047       0x48 Output/Receiver Debug/Obj/nrfx_gpiote.o
 .comment       0x0000000000000047       0x48 Output/Receiver Debug/Obj/nrfx_prs.o
 .comment       0x0000000000000047       0x48 Output/Receiver Debug/Obj/nrf_drv_spis.o
 .comment       0x0000000000000047       0x48 Output/Receiver Debug/Obj/nrfx_spis.o
 .comment       0x0000000000000047       0x48 Output/Receiver Debug/Obj/nrf_drv_clock.o
 .comment       0x0000000000000047       0x48 Output/Receiver Debug/Obj/nrfx_clock.o
 .comment       0x0000000000000047       0x48 Output/Receiver Debug/Obj/nrfx_timer.o
 .comment       0x0000000000000047       0x48 Output/Receiver Debug/Obj/bsp.o
 .comment       0x0000000000000047       0x48 Output/Receiver Debug/Obj/main.o
 .comment       0x0000000000000047       0x48 Output/Receiver Debug/Obj/allspis.o
 .comment       0x0000000000000047       0x48 Output/Receiver Debug/Obj/allradio.o
 .comment       0x0000000000000047       0x48 Output/Receiver Debug/Obj/hash.o
 .comment       0x0000000000000047       0x48 Output/Receiver Debug/Obj/system_nrf52840.o

.debug_line     0x0000000000000000     0xc2de
 .debug_line    0x0000000000000000      0x1d7 Output/Receiver Debug/Obj/thumb_crt0.o
 .debug_line    0x00000000000001d7      0x90f Output/Receiver Debug/Obj/boards.o
 .debug_line    0x0000000000000ae6      0xa4e Output/Receiver Debug/Obj/app_button.o
 .debug_line    0x0000000000001534      0x32c Output/Receiver Debug/Obj/app_error.o
 .debug_line    0x0000000000001860      0x31f Output/Receiver Debug/Obj/app_error_handler_gcc.o
 .debug_line    0x0000000000001b7f      0x503 Output/Receiver Debug/Obj/app_error_weak.o
 .debug_line    0x0000000000002082      0xb24 Output/Receiver Debug/Obj/app_timer2.o
 .debug_line    0x0000000000002ba6      0x3f0 Output/Receiver Debug/Obj/app_util_platform.o
 .debug_line    0x0000000000002f96      0xc08 Output/Receiver Debug/Obj/drv_rtc.o
 .debug_line    0x0000000000003b9e      0x2ac Output/Receiver Debug/Obj/nrf_assert.o
 .debug_line    0x0000000000003e4a      0x5f1 Output/Receiver Debug/Obj/nrf_atfifo.o
 .debug_line    0x000000000000443b      0x519 Output/Receiver Debug/Obj/nrf_sortlist.o
 .debug_line    0x0000000000004954     0x1644 Output/Receiver Debug/Obj/nrfx_gpiote.o
 .debug_line    0x0000000000005f98      0x649 Output/Receiver Debug/Obj/nrfx_prs.o
 .debug_line    0x00000000000065e1      0x51e Output/Receiver Debug/Obj/nrf_drv_spis.o
 .debug_line    0x0000000000006aff      0xc1f Output/Receiver Debug/Obj/nrfx_spis.o
 .debug_line    0x000000000000771e      0x9e7 Output/Receiver Debug/Obj/nrf_drv_clock.o
 .debug_line    0x0000000000008105      0xa50 Output/Receiver Debug/Obj/nrfx_clock.o
 .debug_line    0x0000000000008b55      0xc82 Output/Receiver Debug/Obj/nrfx_timer.o
 .debug_line    0x00000000000097d7      0xab4 Output/Receiver Debug/Obj/bsp.o
 .debug_line    0x000000000000a28b      0x956 Output/Receiver Debug/Obj/main.o
 .debug_line    0x000000000000abe1      0x5b2 Output/Receiver Debug/Obj/allspis.o
 .debug_line    0x000000000000b193      0x93b Output/Receiver Debug/Obj/allradio.o
 .debug_line    0x000000000000bace      0x13b Output/Receiver Debug/Obj/hash.o
 .debug_line    0x000000000000bc09       0x8d Output/Receiver Debug/Obj/ses_startup_nrf52840.o
 .debug_line    0x000000000000bc96       0xac Output/Receiver Debug/Obj/ses_startup_nrf_common.o
 .debug_line    0x000000000000bd42      0x59c Output/Receiver Debug/Obj/system_nrf52840.o

.debug_info     0x0000000000000000     0xb813
 .debug_info    0x0000000000000000       0x22 Output/Receiver Debug/Obj/thumb_crt0.o
 .debug_info    0x0000000000000022      0x942 Output/Receiver Debug/Obj/boards.o
 .debug_info    0x0000000000000964      0x877 Output/Receiver Debug/Obj/app_button.o
 .debug_info    0x00000000000011db      0x41e Output/Receiver Debug/Obj/app_error.o
 .debug_info    0x00000000000015f9      0x319 Output/Receiver Debug/Obj/app_error_handler_gcc.o
 .debug_info    0x0000000000001912      0x46b Output/Receiver Debug/Obj/app_error_weak.o
 .debug_info    0x0000000000001d7d      0xaf8 Output/Receiver Debug/Obj/app_timer2.o
 .debug_info    0x0000000000002875      0x4d2 Output/Receiver Debug/Obj/app_util_platform.o
 .debug_info    0x0000000000002d47      0xe13 Output/Receiver Debug/Obj/drv_rtc.o
 .debug_info    0x0000000000003b5a      0x2f6 Output/Receiver Debug/Obj/nrf_assert.o
 .debug_info    0x0000000000003e50      0x86d Output/Receiver Debug/Obj/nrf_atfifo.o
 .debug_info    0x00000000000046bd      0x4aa Output/Receiver Debug/Obj/nrf_sortlist.o
 .debug_info    0x0000000000004b67     0x18e1 Output/Receiver Debug/Obj/nrfx_gpiote.o
 .debug_info    0x0000000000006448      0x4ee Output/Receiver Debug/Obj/nrfx_prs.o
 .debug_info    0x0000000000006936      0x417 Output/Receiver Debug/Obj/nrf_drv_spis.o
 .debug_info    0x0000000000006d4d      0xe29 Output/Receiver Debug/Obj/nrfx_spis.o
 .debug_info    0x0000000000007b76      0x7d4 Output/Receiver Debug/Obj/nrf_drv_clock.o
 .debug_info    0x000000000000834a      0x8c7 Output/Receiver Debug/Obj/nrfx_clock.o
 .debug_info    0x0000000000008c11      0xdb9 Output/Receiver Debug/Obj/nrfx_timer.o
 .debug_info    0x00000000000099ca      0x931 Output/Receiver Debug/Obj/bsp.o
 .debug_info    0x000000000000a2fb      0x545 Output/Receiver Debug/Obj/main.o
 .debug_info    0x000000000000a840      0x443 Output/Receiver Debug/Obj/allspis.o
 .debug_info    0x000000000000ac83      0x5c5 Output/Receiver Debug/Obj/allradio.o
 .debug_info    0x000000000000b248      0x2fc Output/Receiver Debug/Obj/hash.o
 .debug_info    0x000000000000b544       0x26 Output/Receiver Debug/Obj/ses_startup_nrf52840.o
 .debug_info    0x000000000000b56a       0x26 Output/Receiver Debug/Obj/ses_startup_nrf_common.o
 .debug_info    0x000000000000b590      0x283 Output/Receiver Debug/Obj/system_nrf52840.o

.debug_abbrev   0x0000000000000000     0x425e
 .debug_abbrev  0x0000000000000000       0x12 Output/Receiver Debug/Obj/thumb_crt0.o
 .debug_abbrev  0x0000000000000012      0x31f Output/Receiver Debug/Obj/boards.o
 .debug_abbrev  0x0000000000000331      0x2c3 Output/Receiver Debug/Obj/app_button.o
 .debug_abbrev  0x00000000000005f4      0x1f1 Output/Receiver Debug/Obj/app_error.o
 .debug_abbrev  0x00000000000007e5      0x17e Output/Receiver Debug/Obj/app_error_handler_gcc.o
 .debug_abbrev  0x0000000000000963      0x228 Output/Receiver Debug/Obj/app_error_weak.o
 .debug_abbrev  0x0000000000000b8b      0x398 Output/Receiver Debug/Obj/app_timer2.o
 .debug_abbrev  0x0000000000000f23      0x300 Output/Receiver Debug/Obj/app_util_platform.o
 .debug_abbrev  0x0000000000001223      0x3df Output/Receiver Debug/Obj/drv_rtc.o
 .debug_abbrev  0x0000000000001602      0x18f Output/Receiver Debug/Obj/nrf_assert.o
 .debug_abbrev  0x0000000000001791      0x2a7 Output/Receiver Debug/Obj/nrf_atfifo.o
 .debug_abbrev  0x0000000000001a38      0x1e1 Output/Receiver Debug/Obj/nrf_sortlist.o
 .debug_abbrev  0x0000000000001c19      0x419 Output/Receiver Debug/Obj/nrfx_gpiote.o
 .debug_abbrev  0x0000000000002032      0x280 Output/Receiver Debug/Obj/nrfx_prs.o
 .debug_abbrev  0x00000000000022b2      0x240 Output/Receiver Debug/Obj/nrf_drv_spis.o
 .debug_abbrev  0x00000000000024f2      0x390 Output/Receiver Debug/Obj/nrfx_spis.o
 .debug_abbrev  0x0000000000002882      0x3a5 Output/Receiver Debug/Obj/nrf_drv_clock.o
 .debug_abbrev  0x0000000000002c27      0x3af Output/Receiver Debug/Obj/nrfx_clock.o
 .debug_abbrev  0x0000000000002fd6      0x36c Output/Receiver Debug/Obj/nrfx_timer.o
 .debug_abbrev  0x0000000000003342      0x332 Output/Receiver Debug/Obj/bsp.o
 .debug_abbrev  0x0000000000003674      0x297 Output/Receiver Debug/Obj/main.o
 .debug_abbrev  0x000000000000390b      0x264 Output/Receiver Debug/Obj/allspis.o
 .debug_abbrev  0x0000000000003b6f      0x2c0 Output/Receiver Debug/Obj/allradio.o
 .debug_abbrev  0x0000000000003e2f      0x1cb Output/Receiver Debug/Obj/hash.o
 .debug_abbrev  0x0000000000003ffa       0x14 Output/Receiver Debug/Obj/ses_startup_nrf52840.o
 .debug_abbrev  0x000000000000400e       0x14 Output/Receiver Debug/Obj/ses_startup_nrf_common.o
 .debug_abbrev  0x0000000000004022      0x23c Output/Receiver Debug/Obj/system_nrf52840.o

.debug_aranges  0x0000000000000000      0xf68
 .debug_aranges
                0x0000000000000000       0x80 Output/Receiver Debug/Obj/thumb_crt0.o
 .debug_aranges
                0x0000000000000080       0xf8 Output/Receiver Debug/Obj/boards.o
 .debug_aranges
                0x0000000000000178       0x78 Output/Receiver Debug/Obj/app_button.o
 .debug_aranges
                0x00000000000001f0       0x28 Output/Receiver Debug/Obj/app_error.o
 .debug_aranges
                0x0000000000000218       0x20 Output/Receiver Debug/Obj/app_error_handler_gcc.o
 .debug_aranges
                0x0000000000000238       0x20 Output/Receiver Debug/Obj/app_error_weak.o
 .debug_aranges
                0x0000000000000258       0xd8 Output/Receiver Debug/Obj/app_timer2.o
 .debug_aranges
                0x0000000000000330       0x50 Output/Receiver Debug/Obj/app_util_platform.o
 .debug_aranges
                0x0000000000000380      0x160 Output/Receiver Debug/Obj/drv_rtc.o
 .debug_aranges
                0x00000000000004e0       0x20 Output/Receiver Debug/Obj/nrf_assert.o
 .debug_aranges
                0x0000000000000500       0x80 Output/Receiver Debug/Obj/nrf_atfifo.o
 .debug_aranges
                0x0000000000000580       0x40 Output/Receiver Debug/Obj/nrf_sortlist.o
 .debug_aranges
                0x00000000000005c0      0x298 Output/Receiver Debug/Obj/nrfx_gpiote.o
 .debug_aranges
                0x0000000000000858       0x38 Output/Receiver Debug/Obj/nrfx_prs.o
 .debug_aranges
                0x0000000000000890       0x28 Output/Receiver Debug/Obj/nrf_drv_spis.o
 .debug_aranges
                0x00000000000008b8      0x120 Output/Receiver Debug/Obj/nrfx_spis.o
 .debug_aranges
                0x00000000000009d8       0xd0 Output/Receiver Debug/Obj/nrf_drv_clock.o
 .debug_aranges
                0x0000000000000aa8      0x108 Output/Receiver Debug/Obj/nrfx_clock.o
 .debug_aranges
                0x0000000000000bb0      0x158 Output/Receiver Debug/Obj/nrfx_timer.o
 .debug_aranges
                0x0000000000000d08       0xa0 Output/Receiver Debug/Obj/bsp.o
 .debug_aranges
                0x0000000000000da8       0x38 Output/Receiver Debug/Obj/main.o
 .debug_aranges
                0x0000000000000de0       0x30 Output/Receiver Debug/Obj/allspis.o
 .debug_aranges
                0x0000000000000e10       0x80 Output/Receiver Debug/Obj/allradio.o
 .debug_aranges
                0x0000000000000e90       0x30 Output/Receiver Debug/Obj/hash.o
 .debug_aranges
                0x0000000000000ec0       0x20 Output/Receiver Debug/Obj/ses_startup_nrf52840.o
 .debug_aranges
                0x0000000000000ee0       0x20 Output/Receiver Debug/Obj/ses_startup_nrf_common.o
 .debug_aranges
                0x0000000000000f00       0x68 Output/Receiver Debug/Obj/system_nrf52840.o

.debug_str      0x0000000000000000    0x90d01
 .debug_str     0x0000000000000000       0x75 Output/Receiver Debug/Obj/thumb_crt0.o
 .debug_str     0x0000000000000075    0x83976 Output/Receiver Debug/Obj/boards.o
                                      0x84e59 (size before relaxing)
 .debug_str     0x00000000000839eb     0x460c Output/Receiver Debug/Obj/app_button.o
                                      0x87dc8 (size before relaxing)
 .debug_str     0x0000000000087ff7      0x114 Output/Receiver Debug/Obj/app_error.o
                                      0x74842 (size before relaxing)