Archive member included to satisfy reference by file (symbol)

D:/Programming/Segger Embedded Studio/lib/libc_v7em_fpv4_sp_d16_hard_t_le_eabi.a(libc_asm.o)
                              Output/Transmitter Debug/Obj/bsp.o (__aeabi_uldivmod)
D:/Programming/Segger Embedded Studio/lib/libc_v7em_fpv4_sp_d16_hard_t_le_eabi.a(libc2.o)
                              Output/Transmitter Debug/Obj/fnmatch.o (isupper)
D:/Programming/Segger Embedded Studio/lib/libc_v7em_fpv4_sp_d16_hard_t_le_eabi.a(libc2_asm.o)
                              Output/Transmitter Debug/Obj/nrf_log_frontend.o (memcpy)
D:/Programming/Segger Embedded Studio/lib/libc_v7em_fpv4_sp_d16_hard_t_le_eabi.a(libc.o)
                              D:/Programming/Segger Embedded Studio/lib/libc_v7em_fpv4_sp_d16_hard_t_le_eabi.a(libc2.o) (__heap_lock)
D:/Programming/Segger Embedded Studio/lib/libdebugio_v7em_fpv4_sp_d16_hard_t_le_eabi.a(libdebugio.o)
                              Output/Transmitter Debug/Obj/thumb_crt0.o (debug_fopen)
D:/Programming/Segger Embedded Studio/lib/libdebugio_mempoll_v7em_fpv4_sp_d16_hard_t_le_eabi.a(mempoll_debug_operations.o)
                              D:/Programming/Segger Embedded Studio/lib/libdebugio_v7em_fpv4_sp_d16_hard_t_le_eabi.a(libdebugio.o) (__do_debug_operation)
D:/Programming/Segger Embedded Studio/lib/libdebugio_mempoll_v7em_fpv4_sp_d16_hard_t_le_eabi.a(do_nv_debug_operation.o)
                              D:/Programming/Segger Embedded Studio/lib/libdebugio_v7em_fpv4_sp_d16_hard_t_le_eabi.a(libdebugio.o) (__do_nvdebug_operation)
D:/Programming/Segger Embedded Studio/lib/libm_v7em_fpv4_sp_d16_hard_t_le_eabi.a(libm_asm.o)
                              D:/Programming/Segger Embedded Studio/lib/libc_v7em_fpv4_sp_d16_hard_t_le_eabi.a(libc2.o) (__aeabi_dadd)
D:/Programming/Segger Embedded Studio/lib/libm_v7em_fpv4_sp_d16_hard_t_le_eabi.a(libm2.o)
                              D:/Programming/Segger Embedded Studio/lib/libvfprintf_v7em_fpv4_sp_d16_hard_t_le_eabi.o (frexp)

Discarded input sections

 .text          0x0000000000000000        0x0 Output/Transmitter Debug/Obj/thumb_crt0.o
 .data          0x0000000000000000        0x0 Output/Transmitter Debug/Obj/thumb_crt0.o
 .bss           0x0000000000000000        0x0 Output/Transmitter Debug/Obj/thumb_crt0.o
 .text.__aeabi_read_tp
                0x0000000000000000        0x8 Output/Transmitter Debug/Obj/thumb_crt0.o
 .text.abort    0x0000000000000000        0x2 Output/Transmitter Debug/Obj/thumb_crt0.o
 .text.__assert
                0x0000000000000000        0x2 Output/Transmitter Debug/Obj/thumb_crt0.o
 .text.__aeabi_assert
                0x0000000000000000        0x2 Output/Transmitter Debug/Obj/thumb_crt0.o
 .text.__sync_synchronize
                0x0000000000000000        0x2 Output/Transmitter Debug/Obj/thumb_crt0.o
 .text.__getchar
                0x0000000000000000        0x4 Output/Transmitter Debug/Obj/thumb_crt0.o
 .text.__putchar
                0x0000000000000000        0x4 Output/Transmitter Debug/Obj/thumb_crt0.o
 .text.__open   0x0000000000000000        0x4 Output/Transmitter Debug/Obj/thumb_crt0.o
 .text.__close  0x0000000000000000        0x4 Output/Transmitter Debug/Obj/thumb_crt0.o
 .text.__write  0x0000000000000000        0xa Output/Transmitter Debug/Obj/thumb_crt0.o
 .text.__read   0x0000000000000000        0xa Output/Transmitter Debug/Obj/thumb_crt0.o
 .text.__seek   0x0000000000000000       0x1a Output/Transmitter Debug/Obj/thumb_crt0.o
 .bss.__user_locale_name_buffer
                0x0000000000000000        0x4 Output/Transmitter Debug/Obj/thumb_crt0.o
 .stack         0x0000000000000000        0x0 Output/Transmitter Debug/Obj/thumb_crt0.o
 .stack_process
                0x0000000000000000        0x0 Output/Transmitter Debug/Obj/thumb_crt0.o
 .heap          0x0000000000000000        0x0 Output/Transmitter Debug/Obj/thumb_crt0.o
 .group         0x0000000000000000        0xc Output/Transmitter Debug/Obj/nrf_log_backend_rtt.o
 .group         0x0000000000000000        0xc Output/Transmitter Debug/Obj/nrf_log_backend_rtt.o
 .group         0x0000000000000000        0xc Output/Transmitter Debug/Obj/nrf_log_backend_rtt.o
 .group         0x0000000000000000        0xc Output/Transmitter Debug/Obj/nrf_log_backend_rtt.o
 .group         0x0000000000000000        0xc Output/Transmitter Debug/Obj/nrf_log_backend_rtt.o
 .group         0x0000000000000000        0xc Output/Transmitter Debug/Obj/nrf_log_backend_rtt.o
 .group         0x0000000000000000        0xc Output/Transmitter Debug/Obj/nrf_log_backend_rtt.o
 .group         0x0000000000000000        0xc Output/Transmitter Debug/Obj/nrf_log_backend_rtt.o
 .group         0x0000000000000000        0xc Output/Transmitter Debug/Obj/nrf_log_backend_rtt.o
 .group         0x0000000000000000        0xc Output/Transmitter Debug/Obj/nrf_log_backend_rtt.o
 .group         0x0000000000000000        0xc Output/Transmitter Debug/Obj/nrf_log_backend_rtt.o
[...]
Memory Configuration

Name             Origin             Length             Attributes
UNPLACED_SECTIONS 0x0000000100000000 0x0000000000000000 xw
RAM              0x0000000020000000 0x0000000000040000 xw
FLASH            0x0000000000000000 0x0000000000100000 xw
*default*        0x0000000000000000 0xffffffffffffffff

Linker script and memory map

                0x0000000000006594                __vfprintf = __vfprintf_long
                0x0000000000000000                __vfscanf = __vfscanf_long
                0x0000000020000000                __RAM_segment_start__ = 0x20000000
                0x0000000020040000                __RAM_segment_end__ = 0x20040000
                0x0000000000040000                __RAM_segment_size__ = 0x40000
                0x0000000000000000                __FLASH_segment_start__ = 0x0
                0x0000000000100000                __FLASH_segment_end__ = 0x100000
                0x0000000000100000                __FLASH_segment_size__ = 0x100000
                0x0000000000002000                __HEAPSIZE__ = 0x2000
                0x0000000000000000                __STACKSIZE_PROCESS__ = 0x0
                0x0000000000002000                __STACKSIZE__ = 0x2000
                0x0000000020000000                __vectors_ram_load_start__ = 0x20000000

.vectors_ram    0x0000000020000000        0x0
                0x0000000020000000                __vectors_ram_start__ = .
                0x0000000020000000                __app_ram_start__ = __vectors_ram_start__
 *(.vectors_ram .vectors_ram.*)
                0x0000000020000000                __vectors_ram_end__ = (__vectors_ram_start__ + SIZEOF (.vectors_ram))
                0x0000000000000000                __vectors_ram_size__ = SIZEOF (.vectors_ram)
                0x0000000020000000                __vectors_ram_load_end__ = __vectors_ram_end__
                0x0000000000000001                . = ASSERT (((__vectors_ram_start__ == __vectors_ram_end__) || ((__vectors_ram_end__ - __RAM_segment_start__) <= __RAM_segment_size__)), error: .vectors_ram is too large to fit in RAM memory segment)
                0x0000000020000000                __nrf_sections_run_load_start__ = ALIGN (__vectors_ram_end__, 0x4)

.nrf_sections_run
                0x0000000020000000        0x0
                0x0000000020000000                __nrf_sections_run_start__ = .
                0x0000000020000000                __start_nrf_sections_run = __nrf_sections_run_start__
 *(.nrf_sections_run .nrf_sections_run.*)
                0x0000000020000000                __nrf_sections_run_end__ = (__nrf_sections_run_start__ + SIZEOF (.nrf_sections_run))
                0x0000000000000000                __nrf_sections_run_size__ = SIZEOF (.nrf_sections_run)
                0x0000000020000000                __nrf_sections_run_load_end__ = __nrf_sections_run_end__
                0x0000000000000001                . = ASSERT (((__nrf_sections_run_start__ == __nrf_sections_run_end__) || ((__nrf_sections_run_end__ - __RAM_segment_start__) <= __RAM_segment_size__)), error: .nrf_sections_run is too large to fit in RAM memory segment)
                0x0000000000000000                __vectors_load_start__ = 0x0

.vectors        0x0000000000000000      0x200
                0x0000000000000000                __vectors_start__ = .
 *(.vectors .vectors.*)
 .vectors       0x0000000000000000      0x200 Output/Transmitter Debug/Obj/ses_startup_nrf52840.o
                0x0000000000000000                _vectors
                0x0000000000000200                __vectors_end__ = (__vectors_start__ + SIZEOF (.vectors))
                0x0000000000000200                __vectors_size__ = SIZEOF (.vectors)
                0x0000000000000200                __vectors_load_end__ = __vectors_end__
                0x0000000000000001                . = ASSERT (((__vectors_start__ == __vectors_end__) || ((__vectors_end__ - __FLASH_segment_start__) <= __FLASH_segment_size__)), error: .vectors is too large to fit in FLASH memory segment)
                0x0000000000000200                __init_load_start__ = ALIGN (__vectors_end__, 0x4)

.init           0x0000000000000200      0x1d0
                0x0000000000000200                __init_start__ = .
 *(.init .init.*)
 .init          0x0000000000000200      0x15c Output/Transmitter Debug/Obj/thumb_crt0.o
                0x0000000000000200                _start
                0x00000000000002b4                exit
 .init          0x000000000000035c       0x18 Output/Transmitter Debug/Obj/ses_startup_nrf52840.o
                0x000000000000035c                NMI_Handler
                0x000000000000035e                HardFault_Handler
                0x0000000000000360                MemoryManagement_Handler
                0x0000000000000362                BusFault_Handler
                0x0000000000000364                UsageFault_Handler
                0x0000000000000366                SVC_Handler
                0x0000000000000368                DebugMon_Handler
                0x000000000000036a                PendSV_Handler
                0x000000000000036c                SysTick_Handler
                0x000000000000036e                PWM1_IRQHandler
                0x000000000000036e                RTC0_IRQHandler
                0x000000000000036e                POWER_CLOCK_IRQHandler
                0x000000000000036e                RADIO_IRQHandler
                0x000000000000036e                PDM_IRQHandler
                0x000000000000036e                TEMP_IRQHandler
                0x000000000000036e                QDEC_IRQHandler
                0x000000000000036e                TIMER3_IRQHandler
                0x000000000000036e                PWM3_IRQHandler
                0x000000000000036e                FPU_IRQHandler
                0x000000000000036e                USBD_IRQHandler
                0x000000000000036e                QSPI_IRQHandler
                0x000000000000036e                TIMER4_IRQHandler
                0x000000000000036e                CRYPTOCELL_IRQHandler
                0x000000000000036e                SWI2_EGU2_IRQHandler
                0x000000000000036e                SWI4_EGU4_IRQHandler
                0x000000000000036e                TIMER0_IRQHandler
                0x000000000000036e                UARTE1_IRQHandler
                0x000000000000036e                Dummy_Handler
                0x000000000000036e                TIMER1_IRQHandler
                0x000000000000036e                SPIM3_IRQHandler
                0x000000000000036e                PWM2_IRQHandler
                0x000000000000036e                ECB_IRQHandler
                0x000000000000036e                SPIM1_SPIS1_TWIM1_TWIS1_SPI1_TWI1_IRQHandler
                0x000000000000036e                SAADC_IRQHandler
                0x000000000000036e                CCM_AAR_IRQHandler
                0x000000000000036e                WDT_IRQHandler
                0x000000000000036e                SWI0_EGU0_IRQHandler
                0x000000000000036e                SWI5_EGU5_IRQHandler
                0x000000000000036e                RNG_IRQHandler
                0x000000000000036e                RTC2_IRQHandler
                0x000000000000036e                PWM0_IRQHandler
                0x000000000000036e                SWI3_EGU3_IRQHandler
                0x000000000000036e                SWI1_EGU1_IRQHandler
                0x000000000000036e                SPIM2_SPIS2_SPI2_IRQHandler
                0x000000000000036e                NFCT_IRQHandler
                0x000000000000036e                I2S_IRQHandler
                0x000000000000036e                MWU_IRQHandler
                0x000000000000036e                TIMER2_IRQHandler
                0x000000000000036e                COMP_LPCOMP_IRQHandler
                0x0000000000000370                nRFInitialize
 .init          0x0000000000000374       0x5c Output/Transmitter Debug/Obj/ses_startup_nrf_common.o
                0x0000000000000374                Reset_Handler
                0x0000000000000378                afterInitialize
                0x000000000000039c                InitializeUserMemorySections
                0x00000000000003d0                __init_end__ = (__init_start__ + SIZEOF (.init))
                0x00000000000001d0                __init_size__ = SIZEOF (.init)
                0x00000000000003d0                __init_load_end__ = __init_end__
                0x0000000000000001                . = ASSERT (((__init_start__ == __init_end__) || ((__init_end__ - __FLASH_segment_start__) <= __FLASH_segment_size__)), error: .init is too large to fit in FLASH memory segment)
                0x00000000000003d0                __init_rodata_load_start__ = ALIGN (__init_end__, 0x4)

.init_rodata    0x00000000000003d0        0x0
                0x00000000000003d0                __init_rodata_start__ = .
 *(.init_rodata .init_rodata.*)
                0x00000000000003d0                __init_rodata_end__ = (__init_rodata_start__ + SIZEOF (.init_rodata))
                0x0000000000000000                __init_rodata_size__ = SIZEOF (.init_rodata)
                0x00000000000003d0                __init_rodata_load_end__ = __init_rodata_end__
                0x0000000000000001                . = ASSERT (((__init_rodata_start__ == __init_rodata_end__) || ((__init_rodata_end__ - __FLASH_segment_start__) <= __FLASH_segment_size__)), error: .init_rodata is too large to fit in FLASH memory segment)
                0x00000000000003d0                __text_load_start__ = ALIGN (__init_rodata_end__, 0x4)

.text           0x00000000000003d0     0x67f8
                0x00000000000003d0                __text_start__ = .
 *(.text .text.* .glue_7t .glue_7 .gnu.linkonce.t.* .gcc_except_table .ARM.extab* .gnu.linkonce.armextab.*)
 .glue_7        0x00000000000003d0        0x0 linker stubs
 .glue_7t       0x00000000000003d0        0x0 linker stubs
 .text.nrf_log_backend_serial_put
                0x00000000000003d0      0x124 Output/Transmitter Debug/Obj/nrf_log_backend_serial.o
                0x00000000000003d0                nrf_log_backend_serial_put
 .text.nrf_drv_uart_uninit
                0x00000000000004f4       0x44 Output/Transmitter Debug/Obj/nrf_log_backend_uart.o
 .text.nrf_drv_uart_tx
                0x0000000000000538       0x64 Output/Transmitter Debug/Obj/nrf_log_backend_uart.o
 .text.uart_evt_handler
                0x000000000000059c       0x18 Output/Transmitter Debug/Obj/nrf_log_backend_uart.o
 .text.uart_init
                0x00000000000005b4       0x88 Output/Transmitter Debug/Obj/nrf_log_backend_uart.o
 .text.serial_tx
                0x000000000000063c       0x6c Output/Transmitter Debug/Obj/nrf_log_backend_uart.o
 .text.nrf_log_backend_uart_put
                0x00000000000006a8       0x28 Output/Transmitter Debug/Obj/nrf_log_backend_uart.o
 .text.nrf_log_backend_uart_flush
                0x00000000000006d0        0xa Output/Transmitter Debug/Obj/nrf_log_backend_uart.o
 *fill*         0x00000000000006da        0x2 
 .text.nrf_log_backend_uart_panic_set
                0x00000000000006dc       0x20 Output/Transmitter Debug/Obj/nrf_log_backend_uart.o
 .text.nrf_log_backend_put
                0x00000000000006fc       0x1c Output/Transmitter Debug/Obj/nrf_log_frontend.o
 .text.nrf_log_backend_panic_set
                0x0000000000000718       0x18 Output/Transmitter Debug/Obj/nrf_log_frontend.o
 .text.nrf_log_backend_flush
                0x0000000000000730       0x18 Output/Transmitter Debug/Obj/nrf_log_frontend.o
 .text.nrf_log_backend_enable
                0x0000000000000748       0x12 Output/Transmitter Debug/Obj/nrf_log_frontend.o
 .text.nrf_log_backend_is_enabled
                0x000000000000075a       0x10 Output/Transmitter Debug/Obj/nrf_log_frontend.o
 *fill*         0x000000000000076a        0x2 
 .text.nrf_log_module_cnt_get
                0x000000000000076c       0x14 Output/Transmitter Debug/Obj/nrf_log_frontend.o
                0x000000000000076c                nrf_log_module_cnt_get
 .text.module_idx_get
                0x0000000000000780       0x64 Output/Transmitter Debug/Obj/nrf_log_frontend.o
 .text.nrf_log_module_name_get
                0x00000000000007e4       0x40 Output/Transmitter Debug/Obj/nrf_log_frontend.o
                0x00000000000007e4                nrf_log_module_name_get
 .text.nrf_log_color_id_get
                0x0000000000000824       0x70 Output/Transmitter Debug/Obj/nrf_log_frontend.o
                0x0000000000000824                nrf_log_color_id_get
 .text.invalid_packets_omit
                0x0000000000000894       0x6e Output/Transmitter Debug/Obj/nrf_log_frontend.o
 *fill*         0x0000000000000902        0x2 
 .text.log_skip
                0x0000000000000904      0x114 Output/Transmitter Debug/Obj/nrf_log_frontend.o
 .text.dropped_sat16_get
                0x0000000000000a18       0x28 Output/Transmitter Debug/Obj/nrf_log_frontend.o
 .text.std_header_set
                0x0000000000000a40       0xb4 Output/Transmitter Debug/Obj/nrf_log_frontend.o
 .text.buf_prealloc
                0x0000000000000af4      0x124 Output/Transmitter Debug/Obj/nrf_log_frontend.o
 .text.std_n    0x0000000000000c18       0x90 Output/Transmitter Debug/Obj/nrf_log_frontend.o
 .text.nrf_log_frontend_std_0
                0x0000000000000ca8       0x1c Output/Transmitter Debug/Obj/nrf_log_frontend.o
                0x0000000000000ca8                nrf_log_frontend_std_0
 .text.nrf_log_frontend_std_1
                0x0000000000000cc4       0x22 Output/Transmitter Debug/Obj/nrf_log_frontend.o
                0x0000000000000cc4                nrf_log_frontend_std_1
 .text.nrf_log_frontend_std_2
                0x0000000000000ce6       0x28 Output/Transmitter Debug/Obj/nrf_log_frontend.o
                0x0000000000000ce6                nrf_log_frontend_std_2
 .text.nrf_log_frontend_std_5
                0x0000000000000d0e       0x34 Output/Transmitter Debug/Obj/nrf_log_frontend.o
                0x0000000000000d0e                nrf_log_frontend_std_5
 *fill*         0x0000000000000d42        0x2 
 .text.buffer_is_empty
                0x0000000000000d44       0x1c Output/Transmitter Debug/Obj/nrf_log_frontend.o
                0x0000000000000d44                buffer_is_empty
 .text.nrf_log_frontend_dequeue
                0x0000000000000d60      0x39c Output/Transmitter Debug/Obj/nrf_log_frontend.o
                0x0000000000000d60                nrf_log_frontend_dequeue
 .text.nrf_log_panic
                0x00000000000010fc       0x40 Output/Transmitter Debug/Obj/nrf_log_frontend.o
                0x00000000000010fc                nrf_log_panic
 .text.timestamp_print
                0x000000000000113c        0xc Output/Transmitter Debug/Obj/nrf_log_str_formatter.o
 .text.prefix_process
                0x0000000000001148       0xb0 Output/Transmitter Debug/Obj/nrf_log_str_formatter.o
 .text.postfix_process
                0x00000000000011f8       0x60 Output/Transmitter Debug/Obj/nrf_log_str_formatter.o
 .text.nrf_log_std_entry_process
                0x0000000000001258      0x144 Output/Transmitter Debug/Obj/nrf_log_str_formatter.o
                0x0000000000001258                nrf_log_std_entry_process
 .text.nrf_log_hexdump_entry_process
                0x000000000000139c       0xf0 Output/Transmitter Debug/Obj/nrf_log_str_formatter.o
                0x000000000000139c                nrf_log_hexdump_entry_process
 .text.nrf_gpio_pin_port_decode
                0x000000000000148c       0x44 Output/Transmitter Debug/Obj/boards.o
 .text.nrf_gpio_cfg
                0x00000000000014d0       0x62 Output/Transmitter Debug/Obj/boards.o
 .text.nrf_gpio_cfg_output
                0x0000000000001532       0x22 Output/Transmitter Debug/Obj/boards.o
 .text.nrf_gpio_cfg_input
                0x0000000000001554       0x2a Output/Transmitter Debug/Obj/boards.o
 .text.nrf_gpio_pin_set
                0x000000000000157e       0x28 Output/Transmitter Debug/Obj/boards.o
 .text.nrf_gpio_pin_clear
                0x00000000000015a6       0x28 Output/Transmitter Debug/Obj/boards.o
 .text.nrf_gpio_pin_toggle
                0x00000000000015ce       0x44 Output/Transmitter Debug/Obj/boards.o
 .text.nrf_gpio_pin_write
                0x0000000000001612       0x24 Output/Transmitter Debug/Obj/boards.o
 .text.nrf_gpio_port_out_set
                0x0000000000001636       0x14 Output/Transmitter Debug/Obj/boards.o
 .text.nrf_gpio_port_out_clear
                0x000000000000164a       0x14 Output/Transmitter Debug/Obj/boards.o
 *fill*         0x000000000000165e        0x2 
 .text.bsp_board_led_off
                0x0000000000001660       0x34 Output/Transmitter Debug/Obj/boards.o
                0x0000000000001660                bsp_board_led_off
 .text.bsp_board_leds_off
                0x0000000000001694       0x26 Output/Transmitter Debug/Obj/boards.o
                0x0000000000001694                bsp_board_leds_off
 *fill*         0x00000000000016ba        0x2 
 .text.bsp_board_led_invert
                0x00000000000016bc       0x34 Output/Transmitter Debug/Obj/boards.o
                0x00000000000016bc                bsp_board_led_invert
 .text.bsp_board_leds_init
                0x00000000000016f0       0x34 Output/Transmitter Debug/Obj/boards.o
 .text.bsp_board_buttons_init
                0x0000000000001724       0x34 Output/Transmitter Debug/Obj/boards.o
 .text.bsp_board_init
                0x0000000000001758       0x2a Output/Transmitter Debug/Obj/boards.o
                0x0000000000001758                bsp_board_init
 *fill*         0x0000000000001782        0x2 
 .text.app_error_save_and_stop
                0x0000000000001784       0x9c Output/Transmitter Debug/Obj/app_error.o
                0x0000000000001784                app_error_save_and_stop
 .text.app_error_handler
                0x0000000000001820       0x1c Output/Transmitter Debug/Obj/app_error_handler_gcc.o
                0x0000000000001820                app_error_handler
 .text.app_error_fault_handler
                0x000000000000183c      0x104 Output/Transmitter Debug/Obj/app_error_weak.o
                0x000000000000183c                app_error_fault_handler
 .text.app_util_disable_irq
                0x0000000000001940       0x18 Output/Transmitter Debug/Obj/app_util_platform.o
                0x0000000000001940                app_util_disable_irq
 .text.app_util_enable_irq
                0x0000000000001958       0x20 Output/Transmitter Debug/Obj/app_util_platform.o
                0x0000000000001958                app_util_enable_irq
 .text.app_util_critical_region_enter
                0x0000000000001978       0x28 Output/Transmitter Debug/Obj/app_util_platform.o
                0x0000000000001978                app_util_critical_region_enter
 .text.app_util_critical_region_exit
                0x00000000000019a0       0x2c Output/Transmitter Debug/Obj/app_util_platform.o
                0x00000000000019a0                app_util_critical_region_exit
 .text.privilege_level_get
                0x00000000000019cc       0x3a Output/Transmitter Debug/Obj/app_util_platform.o
                0x00000000000019cc                privilege_level_get
 *fill*         0x0000000000001a06        0x2 
 .text.RTC1_IRQHandler
                0x0000000000001a08       0x1c Output/Transmitter Debug/Obj/drv_rtc.o
                0x0000000000001a08                RTC1_IRQHandler
 .text.assert_nrf_callback
                0x0000000000001a24       0x2e Output/Transmitter Debug/Obj/nrf_assert.o
                0x0000000000001a24                assert_nrf_callback
 .text.nrf_atomic_u32_fetch_store
                0x0000000000001a52       0x2e Output/Transmitter Debug/Obj/nrf_atomic.o
                0x0000000000001a52                nrf_atomic_u32_fetch_store
 .text.nrf_atomic_u32_or
                0x0000000000001a80       0x30 Output/Transmitter Debug/Obj/nrf_atomic.o
                0x0000000000001a80                nrf_atomic_u32_or
 .text.nrf_atomic_u32_fetch_and
                0x0000000000001ab0       0x30 Output/Transmitter Debug/Obj/nrf_atomic.o
                0x0000000000001ab0                nrf_atomic_u32_fetch_and
 .text.nrf_atomic_u32_add
                0x0000000000001ae0       0x30 Output/Transmitter Debug/Obj/nrf_atomic.o
                0x0000000000001ae0                nrf_atomic_u32_add
 .text.nrf_atomic_u32_sub
                0x0000000000001b10       0x30 Output/Transmitter Debug/Obj/nrf_atomic.o
                0x0000000000001b10                nrf_atomic_u32_sub
 .text.nrf_atomic_flag_set
                0x0000000000001b40       0x18 Output/Transmitter Debug/Obj/nrf_atomic.o
                0x0000000000001b40                nrf_atomic_flag_set
 .text.nrf_atomic_flag_clear_fetch
                0x0000000000001b58       0x18 Output/Transmitter Debug/Obj/nrf_atomic.o
                0x0000000000001b58                nrf_atomic_flag_clear_fetch
 .text.nrf_balloc_idx2block
                0x0000000000001b70       0x38 Output/Transmitter Debug/Obj/nrf_balloc.o
 .text.nrf_balloc_block2idx
                0x0000000000001ba8       0x34 Output/Transmitter Debug/Obj/nrf_balloc.o
 .text.nrf_balloc_alloc
                0x0000000000001bdc       0x84 Output/Transmitter Debug/Obj/nrf_balloc.o
                0x0000000000001bdc                nrf_balloc_alloc
 .text.nrf_balloc_free
                0x0000000000001c60       0x58 Output/Transmitter Debug/Obj/nrf_balloc.o
                0x0000000000001c60                nrf_balloc_free
 .text.nrf_fprintf_buffer_flush
                0x0000000000001cb8       0x44 Output/Transmitter Debug/Obj/nrf_fprintf.o
                0x0000000000001cb8                nrf_fprintf_buffer_flush
 .text.nrf_fprintf
                0x0000000000001cfc       0x74 Output/Transmitter Debug/Obj/nrf_fprintf.o
                0x0000000000001cfc                nrf_fprintf
 .text.buffer_add
                0x0000000000001d70       0x4c Output/Transmitter Debug/Obj/nrf_fprintf_format.o
 .text.string_print
                0x0000000000001dbc       0xc2 Output/Transmitter Debug/Obj/nrf_fprintf_format.o
 *fill*         0x0000000000001e7e        0x2 
 .text.unsigned_print
                0x0000000000001e80      0x130 Output/Transmitter Debug/Obj/nrf_fprintf_format.o
 .text.int_print
                0x0000000000001fb0      0x11c Output/Transmitter Debug/Obj/nrf_fprintf_format.o
 .text.nrf_fprintf_fmt
                0x00000000000020cc      0x388 Output/Transmitter Debug/Obj/nrf_fprintf_format.o
                0x00000000000020cc                nrf_fprintf_fmt
 .text.nrf_memobj_alloc
                0x0000000000002454       0xae Output/Transmitter Debug/Obj/nrf_memobj.o
                0x0000000000002454                nrf_memobj_alloc
 .text.nrf_memobj_free
                0x0000000000002502       0x74 Output/Transmitter Debug/Obj/nrf_memobj.o
                0x0000000000002502                nrf_memobj_free
 .text.nrf_memobj_get
                0x0000000000002576       0x1e Output/Transmitter Debug/Obj/nrf_memobj.o
                0x0000000000002576                nrf_memobj_get
 .text.nrf_memobj_put
                0x0000000000002594       0x34 Output/Transmitter Debug/Obj/nrf_memobj.o
                0x0000000000002594                nrf_memobj_put
 .text.memobj_op
                0x00000000000025c8      0x124 Output/Transmitter Debug/Obj/nrf_memobj.o
 .text.nrf_memobj_write
                0x00000000000026ec       0x3c Output/Transmitter Debug/Obj/nrf_memobj.o
                0x00000000000026ec                nrf_memobj_write
 .text.nrf_memobj_read
                0x0000000000002728       0x40 Output/Transmitter Debug/Obj/nrf_memobj.o
                0x0000000000002728                nrf_memobj_read
 .text.nrf_strerror_get
                0x0000000000002768       0x28 Output/Transmitter Debug/Obj/nrf_strerror.o
                0x0000000000002768                nrf_strerror_get
 .text.nrf_strerror_find
                0x0000000000002790       0x68 Output/Transmitter Debug/Obj/nrf_strerror.o
                0x0000000000002790                nrf_strerror_find
 .text.nrf_drv_uart_tx
                0x00000000000027f8       0x64 Output/Transmitter Debug/Obj/app_uart_fifo.o
 .text.nrf_drv_uart_tx_in_progress
                0x000000000000285c       0x5c Output/Transmitter Debug/Obj/app_uart_fifo.o
 .text.nrf_drv_uart_rx
                0x00000000000028b8       0x64 Output/Transmitter Debug/Obj/app_uart_fifo.o
 .text.fifo_length
                0x000000000000291c       0x18 Output/Transmitter Debug/Obj/app_uart_fifo.o
 .text.uart_event_handler
                0x0000000000002934      0x110 Output/Transmitter Debug/Obj/app_uart_fifo.o
 .text.app_uart_init
                0x0000000000002a44      0x120 Output/Transmitter Debug/Obj/app_uart_fifo.o
                0x0000000000002a44                app_uart_init
 .text.app_uart_put
                0x0000000000002b64       0x60 Output/Transmitter Debug/Obj/app_uart_fifo.o
                0x0000000000002b64                app_uart_put
 .text.__putchar
                0x0000000000002bc4       0x1c Output/Transmitter Debug/Obj/retarget.o
                0x0000000000002bc4                __putchar
 .text.fifo_length
                0x0000000000002be0       0x18 Output/Transmitter Debug/Obj/app_fifo.o
 .text.fifo_put
                0x0000000000002bf8       0x30 Output/Transmitter Debug/Obj/app_fifo.o
 .text.fifo_peek
                0x0000000000002c28       0x2e Output/Transmitter Debug/Obj/app_fifo.o
 .text.fifo_get
                0x0000000000002c56       0x24 Output/Transmitter Debug/Obj/app_fifo.o
 .text.app_fifo_init
                0x0000000000002c7a       0x58 Output/Transmitter Debug/Obj/app_fifo.o
                0x0000000000002c7a                app_fifo_init
 .text.app_fifo_put
                0x0000000000002cd2       0x36 Output/Transmitter Debug/Obj/app_fifo.o
                0x0000000000002cd2                app_fifo_put
 .text.app_fifo_get
                0x0000000000002d08       0x2a Output/Transmitter Debug/Obj/app_fifo.o
                0x0000000000002d08                app_fifo_get
 *fill*         0x0000000000002d32        0x2 
 .text.nrfx_coredep_delay_us
                0x0000000000002d34       0x30 Output/Transmitter Debug/Obj/main.o
 .text.nrf_delay_ms
                0x0000000000002d64       0x2a Output/Transmitter Debug/Obj/main.o
 *fill*         0x0000000000002d8e        0x2 
 .text.spi_event_handler
                0x0000000000002d90       0x20 Output/Transmitter Debug/Obj/main.o
                0x0000000000002d90                spi_event_handler
 .text.main     0x0000000000002db0       0x7c Output/Transmitter Debug/Obj/main.o
                0x0000000000002db0                main
 .text.uart_error_handle
                0x0000000000002e2c       0x40 Output/Transmitter Debug/Obj/alluart.o
 .text.alluart_init
                0x0000000000002e6c       0x68 Output/Transmitter Debug/Obj/alluart.o
                0x0000000000002e6c                alluart_init
 .text.nrf_drv_spi_transfer
                0x0000000000002ed4       0x42 Output/Transmitter Debug/Obj/allspi.o
 *fill*         0x0000000000002f16        0x2 
 .text.allspi_init
                0x0000000000002f18       0x5c Output/Transmitter Debug/Obj/allspi.o
                0x0000000000002f18                allspi_init
 .text.allspi_transfer
                0x0000000000002f74       0x4c Output/Transmitter Debug/Obj/allspi.o
                0x0000000000002f74                allspi_transfer
 .text.NVIC_SystemReset
                0x0000000000002fc0       0x2c Output/Transmitter Debug/Obj/system_nrf52840.o
 .text.SystemCoreClockUpdate
                0x0000000000002fec       0x14 Output/Transmitter Debug/Obj/system_nrf52840.o
                0x0000000000002fec                SystemCoreClockUpdate
 .text.SystemInit
                0x0000000000003000      0x254 Output/Transmitter Debug/Obj/system_nrf52840.o
                0x0000000000003000                SystemInit
 .text.errata_36
                0x0000000000003254       0x48 Output/Transmitter Debug/Obj/system_nrf52840.o
 .text.errata_66
                0x000000000000329c       0x48 Output/Transmitter Debug/Obj/system_nrf52840.o
 .text.errata_98
                0x00000000000032e4       0x24 Output/Transmitter Debug/Obj/system_nrf52840.o
 .text.errata_103
                0x0000000000003308       0x24 Output/Transmitter Debug/Obj/system_nrf52840.o
 .text.errata_115
                0x000000000000332c       0x24 Output/Transmitter Debug/Obj/system_nrf52840.o
 .text.errata_120
                0x0000000000003350       0x24 Output/Transmitter Debug/Obj/system_nrf52840.o
 .text.errata_136
                0x0000000000003374       0x48 Output/Transmitter Debug/Obj/system_nrf52840.o
 .text.spim_evt_handler
                0x00000000000033bc       0x5c Output/Transmitter Debug/Obj/nrf_drv_spi.o
 .text.nrf_drv_spi_init
                0x0000000000003418       0xac Output/Transmitter Debug/Obj/nrf_drv_spi.o
                0x0000000000003418                nrf_drv_spi_init
 .text.uarte_evt_handler
                0x00000000000034c4       0x50 Output/Transmitter Debug/Obj/nrf_drv_uart.o
 .text.uart_evt_handler
                0x0000000000003514       0x50 Output/Transmitter Debug/Obj/nrf_drv_uart.o
 .text.nrf_drv_uart_init
                0x0000000000003564       0xdc Output/Transmitter Debug/Obj/nrf_drv_uart.o
                0x0000000000003564                nrf_drv_uart_init
 .text.nrf_gpiote_event_is_set
                0x0000000000003640       0x2a Output/Transmitter Debug/Obj/nrfx_gpiote.o
 .text.nrf_gpiote_event_clear
                0x000000000000366a       0x36 Output/Transmitter Debug/Obj/nrfx_gpiote.o
 .text.nrf_gpiote_event_addr_get
                0x00000000000036a0       0x1a Output/Transmitter Debug/Obj/nrfx_gpiote.o
 *fill*         0x00000000000036ba        0x2 
 .text.nrf_gpiote_int_is_enabled
                0x00000000000036bc       0x18 Output/Transmitter Debug/Obj/nrfx_gpiote.o
 .text.nrf_gpiote_event_pin_get
                0x00000000000036d4       0x20 Output/Transmitter Debug/Obj/nrfx_gpiote.o
 .text.nrf_gpiote_event_polarity_get
                0x00000000000036f4       0x24 Output/Transmitter Debug/Obj/nrfx_gpiote.o
 .text.nrf_gpio_pin_port_decode
                0x0000000000003718       0x44 Output/Transmitter Debug/Obj/nrfx_gpiote.o
 .text.nrf_gpio_cfg_sense_set
                0x000000000000375c       0x5c Output/Transmitter Debug/Obj/nrfx_gpiote.o
 .text.nrf_gpio_pin_sense_get
                0x00000000000037b8       0x2c Output/Transmitter Debug/Obj/nrfx_gpiote.o
 .text.nrf_gpio_port_in_read
                0x00000000000037e4       0x10 Output/Transmitter Debug/Obj/nrfx_gpiote.o
 .text.nrf_gpio_ports_read
                0x00000000000037f4       0x74 Output/Transmitter Debug/Obj/nrfx_gpiote.o
 .text.nrf_bitmask_bit_is_set
                0x0000000000003868       0x30 Output/Transmitter Debug/Obj/nrfx_gpiote.o
 .text.nrf_bitmask_bit_set
                0x0000000000003898       0x40 Output/Transmitter Debug/Obj/nrfx_gpiote.o
 .text.channel_port_get
                0x00000000000038d8       0x1c Output/Transmitter Debug/Obj/nrfx_gpiote.o
 .text.channel_handler_get
                0x00000000000038f4       0x18 Output/Transmitter Debug/Obj/nrfx_gpiote.o
 .text.GPIOTE_IRQHandler
                0x000000000000390c      0x2e8 Output/Transmitter Debug/Obj/nrfx_gpiote.o
                0x000000000000390c                GPIOTE_IRQHandler
 .text.UARTE0_UART0_IRQHandler
                0x0000000000003bf4       0x24 Output/Transmitter Debug/Obj/nrfx_prs.o
                0x0000000000003bf4                UARTE0_UART0_IRQHandler
 .text.prs_box_get
                0x0000000000003c18       0x20 Output/Transmitter Debug/Obj/nrfx_prs.o
 .text.nrfx_prs_acquire
                0x0000000000003c38       0x74 Output/Transmitter Debug/Obj/nrfx_prs.o
                0x0000000000003c38                nrfx_prs_acquire
 .text.nrfx_prs_release
                0x0000000000003cac       0x3c Output/Transmitter Debug/Obj/nrfx_prs.o
                0x0000000000003cac                nrfx_prs_release
 .text.NVIC_EnableIRQ
                0x0000000000003ce8       0x2c Output/Transmitter Debug/Obj/nrfx_spim.o
 .text.NVIC_SetPriority
                0x0000000000003d14       0x50 Output/Transmitter Debug/Obj/nrfx_spim.o
 .text.nrfx_is_in_ram
                0x0000000000003d64       0x1c Output/Transmitter Debug/Obj/nrfx_spim.o
 .text.nrfx_get_irq_number
                0x0000000000003d80       0x10 Output/Transmitter Debug/Obj/nrfx_spim.o
 .text._NRFX_IRQ_PRIORITY_SET
                0x0000000000003d90       0x40 Output/Transmitter Debug/Obj/nrfx_spim.o
 .text._NRFX_IRQ_ENABLE
                0x0000000000003dd0       0x1c Output/Transmitter Debug/Obj/nrfx_spim.o
 .text.nrf_spim_task_trigger
                0x0000000000003dec       0x1c Output/Transmitter Debug/Obj/nrfx_spim.o
 .text.nrf_spim_event_clear
                0x0000000000003e08       0x2a Output/Transmitter Debug/Obj/nrfx_spim.o
 .text.nrf_spim_event_check
                0x0000000000003e32       0x24 Output/Transmitter Debug/Obj/nrfx_spim.o
 .text.nrf_spim_int_enable
                0x0000000000003e56       0x14 Output/Transmitter Debug/Obj/nrfx_spim.o
 .text.nrf_spim_int_disable
                0x0000000000003e6a       0x14 Output/Transmitter Debug/Obj/nrfx_spim.o
 .text.nrf_spim_enable
                0x0000000000003e7e       0x12 Output/Transmitter Debug/Obj/nrfx_spim.o
 .text.nrf_spim_pins_set
                0x0000000000003e90       0x28 Output/Transmitter Debug/Obj/nrfx_spim.o
 .text.nrf_spim_frequency_set
                0x0000000000003eb8       0x14 Output/Transmitter Debug/Obj/nrfx_spim.o
 .text.nrf_spim_tx_buffer_set
                0x0000000000003ecc       0x1e Output/Transmitter Debug/Obj/nrfx_spim.o
 .text.nrf_spim_rx_buffer_set
                0x0000000000003eea       0x1e Output/Transmitter Debug/Obj/nrfx_spim.o
 .text.nrf_spim_configure
                0x0000000000003f08       0x64 Output/Transmitter Debug/Obj/nrfx_spim.o
 .text.nrf_spim_orc_set
                0x0000000000003f6c       0x1a Output/Transmitter Debug/Obj/nrfx_spim.o
 .text.nrf_spim_tx_list_enable
                0x0000000000003f86       0x12 Output/Transmitter Debug/Obj/nrfx_spim.o
 .text.nrf_spim_tx_list_disable
                0x0000000000003f98       0x12 Output/Transmitter Debug/Obj/nrfx_spim.o
 .text.nrf_spim_rx_list_enable
                0x0000000000003faa       0x12 Output/Transmitter Debug/Obj/nrfx_spim.o
 .text.nrf_spim_rx_list_disable
                0x0000000000003fbc       0x12 Output/Transmitter Debug/Obj/nrfx_spim.o
 *fill*         0x0000000000003fce        0x2 
 .text.nrf_gpio_pin_port_decode
                0x0000000000003fd0       0x44 Output/Transmitter Debug/Obj/nrfx_spim.o
 .text.nrf_gpio_cfg
                0x0000000000004014       0x62 Output/Transmitter Debug/Obj/nrfx_spim.o
 .text.nrf_gpio_cfg_output
                0x0000000000004076       0x22 Output/Transmitter Debug/Obj/nrfx_spim.o
 .text.nrf_gpio_cfg_input
                0x0000000000004098       0x2a Output/Transmitter Debug/Obj/nrfx_spim.o
 .text.nrf_gpio_pin_set
                0x00000000000040c2       0x28 Output/Transmitter Debug/Obj/nrfx_spim.o
 .text.nrf_gpio_pin_clear
                0x00000000000040ea       0x28 Output/Transmitter Debug/Obj/nrfx_spim.o
 .text.nrf_gpio_port_out_set
                0x0000000000004112       0x14 Output/Transmitter Debug/Obj/nrfx_spim.o
 .text.nrf_gpio_port_out_clear
                0x0000000000004126       0x14 Output/Transmitter Debug/Obj/nrfx_spim.o
 *fill*         0x000000000000413a        0x2 
 .text.nrfx_spim_init
                0x000000000000413c      0x1e0 Output/Transmitter Debug/Obj/nrfx_spim.o
                0x000000000000413c                nrfx_spim_init
 .text.finish_transfer
                0x000000000000431c       0x52 Output/Transmitter Debug/Obj/nrfx_spim.o
 .text.spim_int_enable
                0x000000000000436e       0x34 Output/Transmitter Debug/Obj/nrfx_spim.o
 .text.spim_list_enable_handle
                0x00000000000043a2       0x40 Output/Transmitter Debug/Obj/nrfx_spim.o
 .text.spim_xfer
                0x00000000000043e2      0x108 Output/Transmitter Debug/Obj/nrfx_spim.o
 *fill*         0x00000000000044ea        0x2 
 .text.nrfx_spim_xfer
                0x00000000000044ec      0x10c Output/Transmitter Debug/Obj/nrfx_spim.o
                0x00000000000044ec                nrfx_spim_xfer
 .text.irq_handler
                0x00000000000045f8       0x48 Output/Transmitter Debug/Obj/nrfx_spim.o
 .text.SPIM0_SPIS0_TWIM0_TWIS0_SPI0_TWI0_IRQHandler
                0x0000000000004640       0x18 Output/Transmitter Debug/Obj/nrfx_spim.o
                0x0000000000004640                SPIM0_SPIS0_TWIM0_TWIS0_SPI0_TWI0_IRQHandler
 .text.NVIC_EnableIRQ
                0x0000000000004658       0x2c Output/Transmitter Debug/Obj/nrfx_uart.o
 .text.NVIC_DisableIRQ
                0x0000000000004684       0x30 Output/Transmitter Debug/Obj/nrfx_uart.o
 .text.NVIC_SetPriority
                0x00000000000046b4       0x50 Output/Transmitter Debug/Obj/nrfx_uart.o
 .text.nrfx_get_irq_number
                0x0000000000004704       0x10 Output/Transmitter Debug/Obj/nrfx_uart.o
 .text._NRFX_IRQ_PRIORITY_SET
                0x0000000000004714       0x40 Output/Transmitter Debug/Obj/nrfx_uart.o
 .text._NRFX_IRQ_ENABLE
                0x0000000000004754       0x1c Output/Transmitter Debug/Obj/nrfx_uart.o
 .text._NRFX_IRQ_DISABLE
                0x0000000000004770       0x1c Output/Transmitter Debug/Obj/nrfx_uart.o
 .text.nrf_uart_event_clear
                0x000000000000478c       0x2a Output/Transmitter Debug/Obj/nrfx_uart.o
 .text.nrf_uart_event_check
                0x00000000000047b6       0x24 Output/Transmitter Debug/Obj/nrfx_uart.o
 .text.nrf_uart_int_enable
                0x00000000000047da       0x14 Output/Transmitter Debug/Obj/nrfx_uart.o
 .text.nrf_uart_int_enable_check
                0x00000000000047ee       0x20 Output/Transmitter Debug/Obj/nrfx_uart.o
 .text.nrf_uart_int_disable
                0x000000000000480e       0x14 Output/Transmitter Debug/Obj/nrfx_uart.o
 .text.nrf_uart_errorsrc_get_and_clear
                0x0000000000004822       0x1c Output/Transmitter Debug/Obj/nrfx_uart.o
 .text.nrf_uart_enable
                0x000000000000483e       0x12 Output/Transmitter Debug/Obj/nrfx_uart.o
 .text.nrf_uart_disable
                0x0000000000004850       0x12 Output/Transmitter Debug/Obj/nrfx_uart.o
 .text.nrf_uart_txrx_pins_set
                0x0000000000004862       0x1e Output/Transmitter Debug/Obj/nrfx_uart.o
 .text.nrf_uart_txrx_pins_disconnect
                0x0000000000004880       0x1c Output/Transmitter Debug/Obj/nrfx_uart.o
 .text.nrf_uart_tx_pin_get
                0x000000000000489c       0x10 Output/Transmitter Debug/Obj/nrfx_uart.o
 .text.nrf_uart_rx_pin_get
                0x00000000000048ac       0x10 Output/Transmitter Debug/Obj/nrfx_uart.o
 .text.nrf_uart_rts_pin_get
                0x00000000000048bc       0x10 Output/Transmitter Debug/Obj/nrfx_uart.o
 .text.nrf_uart_cts_pin_get
                0x00000000000048cc       0x10 Output/Transmitter Debug/Obj/nrfx_uart.o
 .text.nrf_uart_hwfc_pins_set
                0x00000000000048dc       0x1e Output/Transmitter Debug/Obj/nrfx_uart.o
 .text.nrf_uart_hwfc_pins_disconnect
                0x00000000000048fa       0x1c Output/Transmitter Debug/Obj/nrfx_uart.o
 .text.nrf_uart_rxd_get
                0x0000000000004916       0x12 Output/Transmitter Debug/Obj/nrfx_uart.o
 .text.nrf_uart_txd_set
                0x0000000000004928       0x1a Output/Transmitter Debug/Obj/nrfx_uart.o
 .text.nrf_uart_task_trigger
                0x0000000000004942       0x1c Output/Transmitter Debug/Obj/nrfx_uart.o
 .text.nrf_uart_configure
                0x000000000000495e       0x2a Output/Transmitter Debug/Obj/nrfx_uart.o
 .text.nrf_uart_baudrate_set
                0x0000000000004988       0x14 Output/Transmitter Debug/Obj/nrfx_uart.o
 .text.nrf_gpio_pin_port_decode
                0x000000000000499c       0x44 Output/Transmitter Debug/Obj/nrfx_uart.o
 .text.nrf_gpio_cfg
                0x00000000000049e0       0x62 Output/Transmitter Debug/Obj/nrfx_uart.o
 .text.nrf_gpio_cfg_output
                0x0000000000004a42       0x22 Output/Transmitter Debug/Obj/nrfx_uart.o
 .text.nrf_gpio_cfg_input
                0x0000000000004a64       0x2a Output/Transmitter Debug/Obj/nrfx_uart.o
 .text.nrf_gpio_cfg_default
                0x0000000000004a8e       0x22 Output/Transmitter Debug/Obj/nrfx_uart.o
 .text.nrf_gpio_pin_set
                0x0000000000004ab0       0x28 Output/Transmitter Debug/Obj/nrfx_uart.o
 .text.nrf_gpio_port_out_set
                0x0000000000004ad8       0x14 Output/Transmitter Debug/Obj/nrfx_uart.o
 .text.apply_config
                0x0000000000004aec       0xc6 Output/Transmitter Debug/Obj/nrfx_uart.o
 *fill*         0x0000000000004bb2        0x2 
 .text.interrupts_enable
                0x0000000000004bb4       0x6c Output/Transmitter Debug/Obj/nrfx_uart.o
 .text.interrupts_disable
                0x0000000000004c20       0x30 Output/Transmitter Debug/Obj/nrfx_uart.o
 .text.pins_to_default
                0x0000000000004c50       0x8a Output/Transmitter Debug/Obj/nrfx_uart.o
 *fill*         0x0000000000004cda        0x2 
 .text.nrfx_uart_init
                0x0000000000004cdc       0xd4 Output/Transmitter Debug/Obj/nrfx_uart.o
                0x0000000000004cdc                nrfx_uart_init
 .text.nrfx_uart_uninit
                0x0000000000004db0       0x5c Output/Transmitter Debug/Obj/nrfx_uart.o
                0x0000000000004db0                nrfx_uart_uninit
 .text.tx_byte  0x0000000000004e0c       0x40 Output/Transmitter Debug/Obj/nrfx_uart.o
 .text.tx_blocking
                0x0000000000004e4c       0x52 Output/Transmitter Debug/Obj/nrfx_uart.o
 *fill*         0x0000000000004e9e        0x2 
 .text.nrfx_uart_tx
                0x0000000000004ea0      0x110 Output/Transmitter Debug/Obj/nrfx_uart.o
                0x0000000000004ea0                nrfx_uart_tx
 .text.nrfx_uart_tx_in_progress
                0x0000000000004fb0       0x2c Output/Transmitter Debug/Obj/nrfx_uart.o
                0x0000000000004fb0                nrfx_uart_tx_in_progress
 .text.rx_enable
                0x0000000000004fdc       0x36 Output/Transmitter Debug/Obj/nrfx_uart.o
 .text.rx_byte  0x0000000000005012       0x4e Output/Transmitter Debug/Obj/nrfx_uart.o
 .text.nrfx_uart_rx
                0x0000000000005060      0x21c Output/Transmitter Debug/Obj/nrfx_uart.o
                0x0000000000005060                nrfx_uart_rx
 .text.rx_done_event
                0x000000000000527c       0x2e Output/Transmitter Debug/Obj/nrfx_uart.o
 .text.tx_done_event
                0x00000000000052aa       0x34 Output/Transmitter Debug/Obj/nrfx_uart.o
 .text.uart_irq_handler
                0x00000000000052de      0x1de Output/Transmitter Debug/Obj/nrfx_uart.o
 .text.nrfx_uart_0_irq_handler
                0x00000000000054bc       0x18 Output/Transmitter Debug/Obj/nrfx_uart.o
                0x00000000000054bc                nrfx_uart_0_irq_handler
 .text.NVIC_EnableIRQ
                0x00000000000054d4       0x2c Output/Transmitter Debug/Obj/nrfx_uarte.o
 .text.NVIC_DisableIRQ
                0x0000000000005500       0x30 Output/Transmitter Debug/Obj/nrfx_uarte.o
 .text.NVIC_SetPriority
                0x0000000000005530       0x50 Output/Transmitter Debug/Obj/nrfx_uarte.o
 .text.nrfx_is_in_ram
                0x0000000000005580       0x1c Output/Transmitter Debug/Obj/nrfx_uarte.o
 .text.nrfx_get_irq_number
                0x000000000000559c       0x10 Output/Transmitter Debug/Obj/nrfx_uarte.o
 .text._NRFX_IRQ_PRIORITY_SET
                0x00000000000055ac       0x40 Output/Transmitter Debug/Obj/nrfx_uarte.o
 .text._NRFX_IRQ_ENABLE
                0x00000000000055ec       0x1c Output/Transmitter Debug/Obj/nrfx_uarte.o
 .text._NRFX_IRQ_DISABLE
                0x0000000000005608       0x1c Output/Transmitter Debug/Obj/nrfx_uarte.o
 .text.nrf_uarte_event_clear
                0x0000000000005624       0x2a Output/Transmitter Debug/Obj/nrfx_uarte.o
 .text.nrf_uarte_event_check
                0x000000000000564e       0x24 Output/Transmitter Debug/Obj/nrfx_uarte.o
 .text.nrf_uarte_shorts_enable
                0x0000000000005672       0x1c Output/Transmitter Debug/Obj/nrfx_uarte.o
 .text.nrf_uarte_shorts_disable
                0x000000000000568e       0x1e Output/Transmitter Debug/Obj/nrfx_uarte.o
 .text.nrf_uarte_int_enable
                0x00000000000056ac       0x14 Output/Transmitter Debug/Obj/nrfx_uarte.o
 .text.nrf_uarte_int_disable
                0x00000000000056c0       0x14 Output/Transmitter Debug/Obj/nrfx_uarte.o
 .text.nrf_uarte_errorsrc_get_and_clear
                0x00000000000056d4       0x1c Output/Transmitter Debug/Obj/nrfx_uarte.o
 .text.nrf_uarte_enable
                0x00000000000056f0       0x12 Output/Transmitter Debug/Obj/nrfx_uarte.o
 .text.nrf_uarte_disable
                0x0000000000005702       0x12 Output/Transmitter Debug/Obj/nrfx_uarte.o
 .text.nrf_uarte_txrx_pins_set
                0x0000000000005714       0x1e Output/Transmitter Debug/Obj/nrfx_uarte.o
 .text.nrf_uarte_txrx_pins_disconnect
                0x0000000000005732       0x1c Output/Transmitter Debug/Obj/nrfx_uarte.o
 .text.nrf_uarte_tx_pin_get
                0x000000000000574e       0x10 Output/Transmitter Debug/Obj/nrfx_uarte.o
 .text.nrf_uarte_rx_pin_get
                0x000000000000575e       0x10 Output/Transmitter Debug/Obj/nrfx_uarte.o
 .text.nrf_uarte_rts_pin_get
                0x000000000000576e       0x10 Output/Transmitter Debug/Obj/nrfx_uarte.o
 .text.nrf_uarte_cts_pin_get
                0x000000000000577e       0x10 Output/Transmitter Debug/Obj/nrfx_uarte.o
 .text.nrf_uarte_hwfc_pins_set
                0x000000000000578e       0x1e Output/Transmitter Debug/Obj/nrfx_uarte.o
 .text.nrf_uarte_hwfc_pins_disconnect
                0x00000000000057ac       0x1c Output/Transmitter Debug/Obj/nrfx_uarte.o
 .text.nrf_uarte_task_trigger
                0x00000000000057c8       0x1c Output/Transmitter Debug/Obj/nrfx_uarte.o
 .text.nrf_uarte_configure
                0x00000000000057e4       0x2a Output/Transmitter Debug/Obj/nrfx_uarte.o
 .text.nrf_uarte_baudrate_set
                0x000000000000580e       0x14 Output/Transmitter Debug/Obj/nrfx_uarte.o
 .text.nrf_uarte_tx_buffer_set
                0x0000000000005822       0x1e Output/Transmitter Debug/Obj/nrfx_uarte.o
 .text.nrf_uarte_tx_amount_get
                0x0000000000005840       0x10 Output/Transmitter Debug/Obj/nrfx_uarte.o
 .text.nrf_uarte_rx_buffer_set
                0x0000000000005850       0x1e Output/Transmitter Debug/Obj/nrfx_uarte.o
 .text.nrf_uarte_rx_amount_get
                0x000000000000586e       0x10 Output/Transmitter Debug/Obj/nrfx_uarte.o
 *fill*         0x000000000000587e        0x2 
 .text.nrf_gpio_pin_port_decode
                0x0000000000005880       0x44 Output/Transmitter Debug/Obj/nrfx_uarte.o
 .text.nrf_gpio_cfg
                0x00000000000058c4       0x62 Output/Transmitter Debug/Obj/nrfx_uarte.o
 .text.nrf_gpio_cfg_output
                0x0000000000005926       0x22 Output/Transmitter Debug/Obj/nrfx_uarte.o
 .text.nrf_gpio_cfg_input
                0x0000000000005948       0x2a Output/Transmitter Debug/Obj/nrfx_uarte.o
 .text.nrf_gpio_cfg_default
                0x0000000000005972       0x22 Output/Transmitter Debug/Obj/nrfx_uarte.o
 .text.nrf_gpio_pin_set
                0x0000000000005994       0x28 Output/Transmitter Debug/Obj/nrfx_uarte.o
 .text.nrf_gpio_port_out_set
                0x00000000000059bc       0x14 Output/Transmitter Debug/Obj/nrfx_uarte.o
 .text.apply_config
                0x00000000000059d0       0xc6 Output/Transmitter Debug/Obj/nrfx_uarte.o
 *fill*         0x0000000000005a96        0x2 
 .text.interrupts_enable
                0x0000000000005a98       0x98 Output/Transmitter Debug/Obj/nrfx_uarte.o
 .text.interrupts_disable
                0x0000000000005b30       0x30 Output/Transmitter Debug/Obj/nrfx_uarte.o
 .text.pins_to_default
                0x0000000000005b60       0x8a Output/Transmitter Debug/Obj/nrfx_uarte.o
 *fill*         0x0000000000005bea        0x2 
 .text.nrfx_uarte_init
                0x0000000000005bec       0xcc Output/Transmitter Debug/Obj/nrfx_uarte.o
                0x0000000000005bec                nrfx_uarte_init
 .text.nrfx_uarte_uninit
                0x0000000000005cb8       0xac Output/Transmitter Debug/Obj/nrfx_uarte.o
                0x0000000000005cb8                nrfx_uarte_uninit
 .text.nrfx_uarte_tx
                0x0000000000005d64      0x180 Output/Transmitter Debug/Obj/nrfx_uarte.o
                0x0000000000005d64                nrfx_uarte_tx
 .text.nrfx_uarte_tx_in_progress
                0x0000000000005ee4       0x30 Output/Transmitter Debug/Obj/nrfx_uarte.o
                0x0000000000005ee4                nrfx_uarte_tx_in_progress
 .text.nrfx_uarte_rx
                0x0000000000005f14      0x23c Output/Transmitter Debug/Obj/nrfx_uarte.o
                0x0000000000005f14                nrfx_uarte_rx
 .text.rx_done_event
                0x0000000000006150       0x2e Output/Transmitter Debug/Obj/nrfx_uarte.o
 .text.tx_done_event
                0x000000000000617e       0x34 Output/Transmitter Debug/Obj/nrfx_uarte.o
 .text.uarte_irq_handler
                0x00000000000061b2      0x18c Output/Transmitter Debug/Obj/nrfx_uarte.o
 *fill*         0x000000000000633e        0x2 
 .text.nrfx_uarte_0_irq_handler
                0x0000000000006340       0x18 Output/Transmitter Debug/Obj/nrfx_uarte.o
                0x0000000000006340                nrfx_uarte_0_irq_handler
 .text.libc.__RAL_ascii_isctype
                0x0000000000006358       0x1c D:/Programming/Segger Embedded Studio/lib/libc_v7em_fpv4_sp_d16_hard_t_le_eabi.a(libc2.o)
 .text.libc.__RAL_ascii_toupper
                0x0000000000006374        0xc D:/Programming/Segger Embedded Studio/lib/libc_v7em_fpv4_sp_d16_hard_t_le_eabi.a(libc2.o)
 .text.libc.__RAL_ascii_tolower
                0x0000000000006380        0xc D:/Programming/Segger Embedded Studio/lib/libc_v7em_fpv4_sp_d16_hard_t_le_eabi.a(libc2.o)
 .text.libc.__RAL_ascii_iswctype
                0x000000000000638c       0x1c D:/Programming/Segger Embedded Studio/lib/libc_v7em_fpv4_sp_d16_hard_t_le_eabi.a(libc2.o)
 .text.libc.__RAL_ascii_towupper
                0x00000000000063a8        0xc D:/Programming/Segger Embedded Studio/lib/libc_v7em_fpv4_sp_d16_hard_t_le_eabi.a(libc2.o)
 .text.libc.__RAL_ascii_towlower
                0x00000000000063b4        0xc D:/Programming/Segger Embedded Studio/lib/libc_v7em_fpv4_sp_d16_hard_t_le_eabi.a(libc2.o)
 .text.libc.__RAL_ascii_wctomb
                0x00000000000063c0        0xe D:/Programming/Segger Embedded Studio/lib/libc_v7em_fpv4_sp_d16_hard_t_le_eabi.a(libc2.o)
                0x00000000000063c0                __RAL_ascii_wctomb
 .text.libc.__RAL_ascii_mbtowc
                0x00000000000063ce       0x24 D:/Programming/Segger Embedded Studio/lib/libc_v7em_fpv4_sp_d16_hard_t_le_eabi.a(libc2.o)
                0x00000000000063ce                __RAL_ascii_mbtowc
 .text.libc.__putc
                0x00000000000063f2       0x34 D:/Programming/Segger Embedded Studio/lib/libc_v7em_fpv4_sp_d16_hard_t_le_eabi.a(libc2.o)
                0x00000000000063f2                __putc
 .text.libc.__RAL_print_padding
                0x0000000000006426       0x1c D:/Programming/Segger Embedded Studio/lib/libc_v7em_fpv4_sp_d16_hard_t_le_eabi.a(libc2.o)
                0x0000000000006426                __RAL_print_padding
 .text.libc.__RAL_pre_padding
                0x0000000000006442       0x1a D:/Programming/Segger Embedded Studio/lib/libc_v7em_fpv4_sp_d16_hard_t_le_eabi.a(libc2.o)
                0x0000000000006442                __RAL_pre_padding
 .text.libc.__RAL_isctype
                0x000000000000645c       0x14 D:/Programming/Segger Embedded Studio/lib/libc_v7em_fpv4_sp_d16_hard_t_le_eabi.a(libc2.o)
                0x000000000000645c                __RAL_isctype
 .text.libc.isprint
                0x0000000000006470        0xa D:/Programming/Segger Embedded Studio/lib/libc_v7em_fpv4_sp_d16_hard_t_le_eabi.a(libc2.o)
                0x0000000000006470                isprint
 *fill*         0x000000000000647a        0x2 
 .text.libc.printf
                0x000000000000647c       0x40 D:/Programming/Segger Embedded Studio/lib/libc_v7em_fpv4_sp_d16_hard_t_le_eabi.a(libc2.o)
                0x000000000000647c                printf
 .text.libc.strnlen
                0x00000000000064bc       0x22 D:/Programming/Segger Embedded Studio/lib/libc_v7em_fpv4_sp_d16_hard_t_le_eabi.a(libc2.o)
                0x00000000000064bc                strnlen
 .text.libc.memcpy
                0x00000000000064de       0x52 D:/Programming/Segger Embedded Studio/lib/libc_v7em_fpv4_sp_d16_hard_t_le_eabi.a(libc2_asm.o)
                0x00000000000064de                __aeabi_memcpy
                0x00000000000064de                memcpy
                0x00000000000064ea                __aeabi_memcpy8
                0x00000000000064ea                __aeabi_memcpy4
 .text.libc.strlen
                0x0000000000006530       0x60 D:/Programming/Segger Embedded Studio/lib/libc_v7em_fpv4_sp_d16_hard_t_le_eabi.a(libc2_asm.o)
                0x0000000000006530                strlen
 .text.libc.__printf_lock
                0x0000000000006590        0x2 D:/Programming/Segger Embedded Studio/lib/libc_v7em_fpv4_sp_d16_hard_t_le_eabi.a(libc.o)
                0x0000000000006590                __printf_lock
 .text.libc.__printf_unlock
                0x0000000000006592        0x2 D:/Programming/Segger Embedded Studio/lib/libc_v7em_fpv4_sp_d16_hard_t_le_eabi.a(libc.o)
                0x0000000000006592                __printf_unlock
 .text.libc.__vfprintf_long
                0x0000000000006594      0x634 D:/Programming/Segger Embedded Studio/lib/libvfprintf_v7em_fpv4_sp_d16_hard_t_le_eabi.o
                0x0000000000006594                __vfprintf_long
                0x0000000000006bc8                __text_end__ = (__text_start__ + SIZEOF (.text))
                0x00000000000067f8                __text_size__ = SIZEOF (.text)
                0x0000000000006bc8                __text_load_end__ = __text_end__

.vfp11_veneer   0x0000000100000000        0x0
 .vfp11_veneer  0x0000000100000000        0x0 linker stubs

.v4_bx          0x0000000100000000        0x0
 .v4_bx         0x0000000100000000        0x0 linker stubs

.iplt           0x0000000100000000        0x0
 .iplt          0x0000000100000000        0x0 Output/Transmitter Debug/Obj/thumb_crt0.o
                0x0000000000000001                . = ASSERT (((__text_start__ == __text_end__) || ((__text_end__ - __FLASH_segment_start__) <= __FLASH_segment_size__)), error: .text is too large to fit in FLASH memory segment)
                0x0000000000006bc8                __log_const_data_load_start__ = ALIGN (__text_end__, 0x4)

.log_const_data
                0x0000000000006bc8       0x40
                0x0000000000006bc8                __log_const_data_start__ = .
                0x0000000000006bc8                __start_log_const_data = __log_const_data_start__
 *(SORT_BY_NAME(.log_const_data*))
 .log_const_data_GPIOTE
                0x0000000000006bc8        0x8 Output/Transmitter Debug/Obj/nrfx_gpiote.o
                0x0000000000006bc8                m_nrf_log_GPIOTE_logs_data_const
 .log_const_data_PRS
                0x0000000000006bd0        0x8 Output/Transmitter Debug/Obj/nrfx_prs.o
                0x0000000000006bd0                m_nrf_log_PRS_logs_data_const
 .log_const_data_SPIM
                0x0000000000006bd8        0x8 Output/Transmitter Debug/Obj/nrfx_spim.o
                0x0000000000006bd8                m_nrf_log_SPIM_logs_data_const
 .log_const_data_UART
                0x0000000000006be0        0x8 Output/Transmitter Debug/Obj/nrfx_uart.o
                0x0000000000006be0                m_nrf_log_UART_logs_data_const
 .log_const_data_UARTE
                0x0000000000006be8        0x8 Output/Transmitter Debug/Obj/nrfx_uarte.o
                0x0000000000006be8                m_nrf_log_UARTE_logs_data_const
 .log_const_data_app
                0x0000000000006bf0        0x8 Output/Transmitter Debug/Obj/nrf_log_frontend.o
                0x0000000000006bf0                m_nrf_log_app_logs_data_const
 .log_const_data_app_timer
                0x0000000000006bf8        0x8 Output/Transmitter Debug/Obj/app_timer2.o
                0x0000000000006bf8                m_nrf_log_app_timer_logs_data_const
 .log_const_data_sortlist
                0x0000000000006c00        0x8 Output/Transmitter Debug/Obj/nrf_sortlist.o
                0x0000000000006c00                m_nrf_log_sortlist_logs_data_const
                0x0000000000006c08                __log_const_data_end__ = (__log_const_data_start__ + SIZEOF (.log_const_data))
                0x0000000000000040                __log_const_data_size__ = SIZEOF (.log_const_data)
                0x0000000000006c08                __stop_log_const_data = __log_const_data_end__
                0x0000000000006c08                __log_const_data_load_end__ = __log_const_data_end__
                0x0000000000000001                . = ASSERT (((__log_const_data_start__ == __log_const_data_end__) || ((__log_const_data_end__ - __FLASH_segment_start__) <= __FLASH_segment_size__)), error: .log_const_data is too large to fit in FLASH memory segment)
                0x0000000000006c08                __log_backends_load_start__ = ALIGN (__log_const_data_end__, 0x4)

.log_backends   0x0000000000006c08       0x10
                0x0000000000006c08                __log_backends_start__ = .
                0x0000000000006c08                __start_log_backends = __log_backends_start__
 *(SORT_BY_NAME(.log_backends*))
 .log_backends  0x0000000000006c08       0x10 Output/Transmitter Debug/Obj/nrf_log_default_backends.o
                0x0000000000006c18                __log_backends_end__ = (__log_backends_start__ + SIZEOF (.log_backends))
                0x0000000000000010                __log_backends_size__ = SIZEOF (.log_backends)
                0x0000000000006c18                __stop_log_backends = __log_backends_end__
                0x0000000000006c18                __log_backends_load_end__ = __log_backends_end__
                0x0000000000000001                . = ASSERT (((__log_backends_start__ == __log_backends_end__) || ((__log_backends_end__ - __FLASH_segment_start__) <= __FLASH_segment_size__)), error: .log_backends is too large to fit in FLASH memory segment)
                0x0000000000006c18                __nrf_balloc_load_start__ = ALIGN (__log_backends_end__, 0x4)

.nrf_balloc     0x0000000000006c18       0x14
                0x0000000000006c18                __nrf_balloc_start__ = .
                0x0000000000006c18                __start_nrf_balloc = __nrf_balloc_start__
 *(.nrf_balloc*)
 .nrf_balloc    0x0000000000006c18       0x14 Output/Transmitter Debug/Obj/nrf_log_frontend.o
                0x0000000000006c18                log_mempool
                0x0000000000006c2c                __nrf_balloc_end__ = (__nrf_balloc_start__ + SIZEOF (.nrf_balloc))
                0x0000000000000014                __nrf_balloc_size__ = SIZEOF (.nrf_balloc)
                0x0000000000006c2c                __stop_nrf_balloc = __nrf_balloc_end__
                0x0000000000006c2c                __nrf_balloc_load_end__ = __nrf_balloc_end__
                0x0000000000000001                . = ASSERT (((__nrf_balloc_start__ == __nrf_balloc_end__) || ((__nrf_balloc_end__ - __FLASH_segment_start__) <= __FLASH_segment_size__)), error: .nrf_balloc is too large to fit in FLASH memory segment)
                0x0000000000006c2c                __nrf_sections_load_start__ = ALIGN (__nrf_balloc_end__, 0x4)

.nrf_sections   0x0000000000006c2c        0x0
                0x0000000000006c2c                __nrf_sections_start__ = .
                0x0000000000006c2c                __start_nrf_sections = __nrf_sections_start__
 *(.nrf_sections .nrf_sections.*)
                0x0000000000006c2c                __nrf_sections_end__ = (__nrf_sections_start__ + SIZEOF (.nrf_sections))
                0x0000000000000000                __nrf_sections_size__ = SIZEOF (.nrf_sections)
                0x0000000000006c2c                __nrf_sections_load_end__ = __nrf_sections_end__
                0x0000000000000001                . = ASSERT (((__nrf_sections_start__ == __nrf_sections_end__) || ((__nrf_sections_end__ - __FLASH_segment_start__) <= __FLASH_segment_size__)), error: .nrf_sections is too large to fit in FLASH memory segment)
                0x0000000000006c2c                __log_dynamic_data_load_start__ = ALIGN (__nrf_sections_end__, 0x4)

.log_dynamic_data
                0x0000000020000000        0x0 load address 0x0000000000006c2c
                0x0000000020000000                __log_dynamic_data_start__ = .
 *(SORT_BY_NAME(.log_dynamic_data*))
                0x0000000020000000                __log_dynamic_data_end__ = (__log_dynamic_data_start__ + SIZEOF (.log_dynamic_data))
                0x0000000000000000                __log_dynamic_data_size__ = SIZEOF (.log_dynamic_data)
                0x0000000000006c2c                __log_dynamic_data_load_end__ = (__log_dynamic_data_load_start__ + SIZEOF (.log_dynamic_data))
                0x0000000000000001                . = ASSERT (((__log_dynamic_data_load_start__ == __log_dynamic_data_load_end__) || ((__log_dynamic_data_load_end__ - __FLASH_segment_start__) <= __FLASH_segment_size__)), error: .log_dynamic_data is too large to fit in FLASH memory segment)

.log_dynamic_data_run
                0x0000000020000000        0x0
                0x0000000020000000                __log_dynamic_data_run_start__ = .
                0x0000000020000000                __start_log_dynamic_data = __log_dynamic_data_run_start__
                0x0000000020000000                . = MAX ((__log_dynamic_data_run_start__ + SIZEOF (.log_dynamic_data)), .)
                0x0000000020000000                __log_dynamic_data_run_end__ = (__log_dynamic_data_run_start__ + SIZEOF (.log_dynamic_data_run))
                0x0000000000000000                __log_dynamic_data_run_size__ = SIZEOF (.log_dynamic_data_run)
                0x0000000020000000                __stop_log_dynamic_data = __log_dynamic_data_run_end__
                0x0000000020000000                __log_dynamic_data_run_load_end__ = __log_dynamic_data_run_end__
                0x0000000000000001                . = ASSERT (((__log_dynamic_data_run_start__ == __log_dynamic_data_run_end__) || ((__log_dynamic_data_run_end__ - __RAM_segment_start__) <= __RAM_segment_size__)), error: .log_dynamic_data_run is too large to fit in RAM memory segment)
                0x0000000000006c2c                __log_filter_data_load_start__ = ALIGN ((__log_dynamic_data_load_start__ + SIZEOF (.log_dynamic_data)), 0x4)

.log_filter_data
                0x0000000020000000        0x0 load address 0x0000000000006c2c
                0x0000000020000000                __log_filter_data_start__ = .
 *(SORT_BY_NAME(.log_filter_data*))
                0x0000000020000000                __log_filter_data_end__ = (__log_filter_data_start__ + SIZEOF (.log_filter_data))
                0x0000000000000000                __log_filter_data_size__ = SIZEOF (.log_filter_data)
                0x0000000000006c2c                __log_filter_data_load_end__ = (__log_filter_data_load_start__ + SIZEOF (.log_filter_data))
                0x0000000000000001                . = ASSERT (((__log_filter_data_load_start__ == __log_filter_data_load_end__) || ((__log_filter_data_load_end__ - __FLASH_segment_start__) <= __FLASH_segment_size__)), error: .log_filter_data is too large to fit in FLASH memory segment)

.log_filter_data_run
                0x0000000020000000        0x0
                0x0000000020000000                __log_filter_data_run_start__ = .
                0x0000000020000000                __start_log_filter_data = __log_filter_data_run_start__
                0x0000000020000000                . = MAX ((__log_filter_data_run_start__ + SIZEOF (.log_filter_data)), .)
                0x0000000020000000                __log_filter_data_run_end__ = (__log_filter_data_run_start__ + SIZEOF (.log_filter_data_run))
                0x0000000000000000                __log_filter_data_run_size__ = SIZEOF (.log_filter_data_run)
                0x0000000020000000                __stop_log_filter_data = __log_filter_data_run_end__
                0x0000000020000000                __log_filter_data_run_load_end__ = __log_filter_data_run_end__
                0x0000000000000001                . = ASSERT (((__log_filter_data_run_start__ == __log_filter_data_run_end__) || ((__log_filter_data_run_end__ - __RAM_segment_start__) <= __RAM_segment_size__)), error: .log_filter_data_run is too large to fit in RAM memory segment)
                0x0000000020000000                __nrf_sections_run_end_load_start__ = ALIGN (__log_filter_data_run_end__, 0x4)

.nrf_sections_run_end
                0x0000000020000000        0x0
                0x0000000020000000                __nrf_sections_run_end_start__ = .
                0x0000000020000000                __end_nrf_sections_run = __nrf_sections_run_end_start__
 *(.nrf_sections_run_end .nrf_sections_run_end.*)
                0x0000000020000000                __nrf_sections_run_end_end__ = (__nrf_sections_run_end_start__ + SIZEOF (.nrf_sections_run_end))
                0x0000000000000000                __nrf_sections_run_end_size__ = SIZEOF (.nrf_sections_run_end)
                0x0000000020000000                __nrf_sections_run_end_load_end__ = __nrf_sections_run_end_end__
                0x0000000000000001                . = ASSERT (((__nrf_sections_run_end_start__ == __nrf_sections_run_end_end__) || ((__nrf_sections_run_end_end__ - __RAM_segment_start__) <= __RAM_segment_size__)), error: .nrf_sections_run_end is too large to fit in RAM memory segment)
                0x0000000000006c2c                __dtors_load_start__ = ALIGN ((__log_filter_data_load_start__ + SIZEOF (.log_filter_data)), 0x4)

.dtors          0x0000000000006c2c        0x0
                0x0000000000006c2c                __dtors_start__ = .
 *(SORT_BY_NAME(.dtors.*))
 *(.dtors)
 *(.fini_array)
 *(SORT_BY_NAME(.fini_array.*))
                0x0000000000006c2c                __dtors_end__ = (__dtors_start__ + SIZEOF (.dtors))
                0x0000000000000000                __dtors_size__ = SIZEOF (.dtors)
                0x0000000000006c2c                __dtors_load_end__ = __dtors_end__
                0x0000000000000001                . = ASSERT (((__dtors_start__ == __dtors_end__) || ((__dtors_end__ - __FLASH_segment_start__) <= __FLASH_segment_size__)), error: .dtors is too large to fit in FLASH memory segment)
                0x0000000000006c2c                __ctors_load_start__ = ALIGN (__dtors_end__, 0x4)

.ctors          0x0000000000006c2c        0x0
                0x0000000000006c2c                __ctors_start__ = .
 *(SORT_BY_NAME(.ctors.*))
 *(.ctors)
 *(.init_array)
 *(SORT_BY_NAME(.init_array.*))
                0x0000000000006c2c                __ctors_end__ = (__ctors_start__ + SIZEOF (.ctors))
                0x0000000000000000                __ctors_size__ = SIZEOF (.ctors)
                0x0000000000006c2c                __ctors_load_end__ = __ctors_end__
                0x0000000000000001                . = ASSERT (((__ctors_start__ == __ctors_end__) || ((__ctors_end__ - __FLASH_segment_start__) <= __FLASH_segment_size__)), error: .ctors is too large to fit in FLASH memory segment)
                0x0000000000006c2c                __rodata_load_start__ = ALIGN (__ctors_end__, 0x4)

.rodata         0x0000000000006c2c     0x1147
                0x0000000000006c2c                __rodata_start__ = .
 *(.rodata .rodata.* .gnu.linkonce.r.*)
 .rodata        0x0000000000006c2c       0x7c Output/Transmitter Debug/Obj/nrf_log_backend_uart.o
 .rodata.nrf_log_backend_uart_api
                0x0000000000006ca8        0xc Output/Transmitter Debug/Obj/nrf_log_backend_uart.o
                0x0000000000006ca8                nrf_log_backend_uart_api
 .rodata        0x0000000000006cb4       0x74 Output/Transmitter Debug/Obj/nrf_log_default_backends.o
 .rodata        0x0000000000006d28       0x6d Output/Transmitter Debug/Obj/nrf_log_frontend.o
 *fill*         0x0000000000006d95        0x3 
 .rodata        0x0000000000006d98       0xaa Output/Transmitter Debug/Obj/nrf_log_str_formatter.o
 *fill*         0x0000000000006e42        0x2 
 .rodata        0x0000000000006e44       0x67 Output/Transmitter Debug/Obj/boards.o
 *fill*         0x0000000000006eab        0x1 
 .rodata.m_board_led_list
                0x0000000000006eac        0x4 Output/Transmitter Debug/Obj/boards.o
 .rodata.m_board_btn_list
                0x0000000000006eb0        0x4 Output/Transmitter Debug/Obj/boards.o
 .rodata        0x0000000000006eb4       0x70 Output/Transmitter Debug/Obj/app_error_weak.o
 .rodata        0x0000000000006f24       0x60 Output/Transmitter Debug/Obj/app_timer2.o
 .rodata        0x0000000000006f84       0x4a Output/Transmitter Debug/Obj/app_util_platform.o
 *fill*         0x0000000000006fce        0x2 
 .rodata        0x0000000000006fd0       0x51 Output/Transmitter Debug/Obj/nrf_balloc.o
 *fill*         0x0000000000007021        0x3 
 .rodata        0x0000000000007024       0x47 Output/Transmitter Debug/Obj/nrf_fprintf.o
 *fill*         0x000000000000706b        0x1 
 .rodata        0x000000000000706c       0x4e Output/Transmitter Debug/Obj/nrf_fprintf_format.o
 *fill*         0x00000000000070ba        0x2 
 .rodata._aV2C.7790
                0x00000000000070bc       0x10 Output/Transmitter Debug/Obj/nrf_fprintf_format.o
 .rodata        0x00000000000070cc       0x51 Output/Transmitter Debug/Obj/nrf_memobj.o
 *fill*         0x000000000000711d        0x3 
 .rodata        0x0000000000007120       0x61 Output/Transmitter Debug/Obj/nrf_sortlist.o
 *fill*         0x0000000000007181        0x3 
 .rodata.m_unknown_str
                0x0000000000007184       0x13 Output/Transmitter Debug/Obj/nrf_strerror.o
 *fill*         0x0000000000007197        0x1 
 .rodata        0x0000000000007198      0x3bd Output/Transmitter Debug/Obj/nrf_strerror.o
 *fill*         0x0000000000007555        0x3 
 .rodata.nrf_strerror_array
                0x0000000000007558      0x118 Output/Transmitter Debug/Obj/nrf_strerror.o
 .rodata        0x0000000000007670       0x72 Output/Transmitter Debug/Obj/app_uart_fifo.o
 *fill*         0x00000000000076e2        0x2 
 .rodata        0x00000000000076e4       0x1f Output/Transmitter Debug/Obj/main.o
 *fill*         0x0000000000007703        0xd 
 .rodata.delay_machine_code.7862
                0x0000000000007710        0x6 Output/Transmitter Debug/Obj/main.o
 *fill*         0x0000000000007716        0x2 
 .rodata        0x0000000000007718       0x54 Output/Transmitter Debug/Obj/alluart.o
 .rodata.spi    0x000000000000776c       0x10 Output/Transmitter Debug/Obj/allspi.o
                0x000000000000776c                spi
 .rodata        0x000000000000777c       0x48 Output/Transmitter Debug/Obj/allspi.o
 .rodata        0x00000000000077c4       0x10 Output/Transmitter Debug/Obj/nrf_drv_spi.o
 .rodata        0x00000000000077d4       0x4f Output/Transmitter Debug/Obj/nrf_drv_uart.o
 *fill*         0x0000000000007823        0x1 
 .rodata        0x0000000000007824       0xa7 Output/Transmitter Debug/Obj/nrfx_gpiote.o
 *fill*         0x00000000000078cb        0x1 
 .rodata        0x00000000000078cc       0x54 Output/Transmitter Debug/Obj/nrfx_prs.o
 .rodata        0x0000000000007920       0x9d Output/Transmitter Debug/Obj/nrfx_spim.o
 *fill*         0x00000000000079bd        0x3 
 .rodata.irq_handlers.8823
                0x00000000000079c0        0x4 Output/Transmitter Debug/Obj/nrfx_spim.o
 .rodata        0x00000000000079c4       0x9d Output/Transmitter Debug/Obj/nrfx_uart.o
 *fill*         0x0000000000007a61        0x3 
 .rodata.irq_handlers.8807
                0x0000000000007a64        0x4 Output/Transmitter Debug/Obj/nrfx_uart.o
 .rodata        0x0000000000007a68       0x9e Output/Transmitter Debug/Obj/nrfx_uarte.o
 *fill*         0x0000000000007b06        0x2 
 .rodata.irq_handlers.8849
                0x0000000000007b08        0x4 Output/Transmitter Debug/Obj/nrfx_uarte.o
 .rodata.libc.__RAL_find_locale.str1.4
                0x0000000000007b0c        0xa D:/Programming/Segger Embedded Studio/lib/libc_v7em_fpv4_sp_d16_hard_t_le_eabi.a(libc2.o)
 *fill*         0x0000000000007b16        0x2 
 .rodata.libc.__RAL_ascii_ctype_map
                0x0000000000007b18       0x80 D:/Programming/Segger Embedded Studio/lib/libc_v7em_fpv4_sp_d16_hard_t_le_eabi.a(libc2.o)
                0x0000000000007b18                __RAL_ascii_ctype_map
 .rodata.libc.__RAL_ascii_ctype_mask
                0x0000000000007b98        0xd D:/Programming/Segger Embedded Studio/lib/libc_v7em_fpv4_sp_d16_hard_t_le_eabi.a(libc2.o)
 *fill*         0x0000000000007ba5        0x3 
 .rodata.libc.__RAL_c_locale
                0x0000000000007ba8        0xc D:/Programming/Segger Embedded Studio/lib/libc_v7em_fpv4_sp_d16_hard_t_le_eabi.a(libc2.o)
                0x0000000000007ba8                __RAL_c_locale
 .rodata.libc.__RAL_c_locale_abbrev_day_names
                0x0000000000007bb4       0x1d D:/Programming/Segger Embedded Studio/lib/libc_v7em_fpv4_sp_d16_hard_t_le_eabi.a(libc2.o)
                0x0000000000007bb4                __RAL_c_locale_abbrev_day_names
 *fill*         0x0000000000007bd1        0x3 
 .rodata.libc.__RAL_c_locale_abbrev_month_names
                0x0000000000007bd4       0x31 D:/Programming/Segger Embedded Studio/lib/libc_v7em_fpv4_sp_d16_hard_t_le_eabi.a(libc2.o)
                0x0000000000007bd4                __RAL_c_locale_abbrev_month_names
 *fill*         0x0000000000007c05        0x3 
 .rodata.libc.__RAL_c_locale_am_pm_indicator
                0x0000000000007c08        0x7 D:/Programming/Segger Embedded Studio/lib/libc_v7em_fpv4_sp_d16_hard_t_le_eabi.a(libc2.o)
                0x0000000000007c08                __RAL_c_locale_am_pm_indicator
 *fill*         0x0000000000007c0f        0x1 
 .rodata.libc.__RAL_c_locale_data
                0x0000000000007c10       0x58 D:/Programming/Segger Embedded Studio/lib/libc_v7em_fpv4_sp_d16_hard_t_le_eabi.a(libc2.o)
                0x0000000000007c10                __RAL_c_locale_data
 .rodata.libc.__RAL_c_locale_date_format
                0x0000000000007c68        0x9 D:/Programming/Segger Embedded Studio/lib/libc_v7em_fpv4_sp_d16_hard_t_le_eabi.a(libc2.o)
                0x0000000000007c68                __RAL_c_locale_date_format
 *fill*         0x0000000000007c71        0x3 
 .rodata.libc.__RAL_c_locale_date_time_format
                0x0000000000007c74        0xf D:/Programming/Segger Embedded Studio/lib/libc_v7em_fpv4_sp_d16_hard_t_le_eabi.a(libc2.o)
                0x0000000000007c74                __RAL_c_locale_date_time_format
 *fill*         0x0000000000007c83        0x1 
 .rodata.libc.__RAL_c_locale_day_names
                0x0000000000007c84       0x3a D:/Programming/Segger Embedded Studio/lib/libc_v7em_fpv4_sp_d16_hard_t_le_eabi.a(libc2.o)
                0x0000000000007c84                __RAL_c_locale_day_names
 *fill*         0x0000000000007cbe        0x2 
 .rodata.libc.__RAL_c_locale_month_names
                0x0000000000007cc0       0x57 D:/Programming/Segger Embedded Studio/lib/libc_v7em_fpv4_sp_d16_hard_t_le_eabi.a(libc2.o)
                0x0000000000007cc0                __RAL_c_locale_month_names
 *fill*         0x0000000000007d17        0x1 
 .rodata.libc.__RAL_c_locale_time_format
                0x0000000000007d18        0x9 D:/Programming/Segger Embedded Studio/lib/libc_v7em_fpv4_sp_d16_hard_t_le_eabi.a(libc2.o)
                0x0000000000007d18                __RAL_c_locale_time_format
 *fill*         0x0000000000007d21        0x3 
 .rodata.libc.__RAL_codeset_ascii
                0x0000000000007d24       0x20 D:/Programming/Segger Embedded Studio/lib/libc_v7em_fpv4_sp_d16_hard_t_le_eabi.a(libc2.o)
                0x0000000000007d24                __RAL_codeset_ascii
 .rodata.libc.__RAL_data_empty_string
                0x0000000000007d44        0x1 D:/Programming/Segger Embedded Studio/lib/libc_v7em_fpv4_sp_d16_hard_t_le_eabi.a(libc2.o)
                0x0000000000007d44                __RAL_data_empty_string
 *fill*         0x0000000000007d45        0x3 
 .rodata.libc.__RAL_data_utf8_period
                0x0000000000007d48        0x2 D:/Programming/Segger Embedded Studio/lib/libc_v7em_fpv4_sp_d16_hard_t_le_eabi.a(libc2.o)
                0x0000000000007d48                __RAL_data_utf8_period
 *fill*         0x0000000000007d4a        0x2 
 .rodata.libc.__RAL_hex_lc
                0x0000000000007d4c       0x10 D:/Programming/Segger Embedded Studio/lib/libc_v7em_fpv4_sp_d16_hard_t_le_eabi.a(libc2.o)
                0x0000000000007d4c                __RAL_hex_lc
 .rodata.libc.__RAL_hex_uc
                0x0000000000007d5c       0x10 D:/Programming/Segger Embedded Studio/lib/libc_v7em_fpv4_sp_d16_hard_t_le_eabi.a(libc2.o)
                0x0000000000007d5c                __RAL_hex_uc
 .rodata.libc.__vfprintf_int.str1.4
                0x0000000000007d6c        0x7 D:/Programming/Segger Embedded Studio/lib/libvfprintf_v7em_fpv4_sp_d16_hard_t_le_eabi.o
                0x0000000000007d73                __rodata_end__ = (__rodata_start__ + SIZEOF (.rodata))
                0x0000000000001147                __rodata_size__ = SIZEOF (.rodata)
                0x0000000000007d73                __rodata_load_end__ = __rodata_end__

.rel.dyn        0x0000000000007d74        0x0
 .rel.iplt      0x0000000000007d74        0x0 Output/Transmitter Debug/Obj/thumb_crt0.o
                0x0000000000000001                . = ASSERT (((__rodata_start__ == __rodata_end__) || ((__rodata_end__ - __FLASH_segment_start__) <= __FLASH_segment_size__)), error: .rodata is too large to fit in FLASH memory segment)
                0x0000000000007d74                __ARM.exidx_load_start__ = ALIGN (__rodata_end__, 0x4)

.ARM.exidx      0x0000000000007d74        0x0
                0x0000000000007d74                __ARM.exidx_start__ = .
                0x0000000000007d74                __exidx_start = __ARM.exidx_start__
 *(.ARM.exidx .ARM.exidx.*)
                0x0000000000007d74                __ARM.exidx_end__ = (__ARM.exidx_start__ + SIZEOF (.ARM.exidx))
                0x0000000000000000                __ARM.exidx_size__ = SIZEOF (.ARM.exidx)
                0x0000000000007d74                __exidx_end = __ARM.exidx_end__
                0x0000000000007d74                __ARM.exidx_load_end__ = __ARM.exidx_end__
                0x0000000000000001                . = ASSERT (((__ARM.exidx_start__ == __ARM.exidx_end__) || ((__ARM.exidx_end__ - __FLASH_segment_start__) <= __FLASH_segment_size__)), error: .ARM.exidx is too large to fit in FLASH memory segment)
                0x0000000000007d74                __fast_load_start__ = ALIGN (__ARM.exidx_end__, 0x4)

.fast           0x0000000020000000        0x0 load address 0x0000000000007d74
                0x0000000020000000                __fast_start__ = .
 *(.fast .fast.*)
                0x0000000020000000                __fast_end__ = (__fast_start__ + SIZEOF (.fast))
                0x0000000000000000                __fast_size__ = SIZEOF (.fast)
                0x0000000000007d74                __fast_load_end__ = (__fast_load_start__ + SIZEOF (.fast))
                0x0000000000000001                . = ASSERT (((__fast_load_start__ == __fast_load_end__) || ((__fast_load_end__ - __FLASH_segment_start__) <= __FLASH_segment_size__)), error: .fast is too large to fit in FLASH memory segment)

.fast_run       0x0000000020000000        0x0
                0x0000000020000000                __fast_run_start__ = .
                0x0000000020000000                . = MAX ((__fast_run_start__ + SIZEOF (.fast)), .)
                0x0000000020000000                __fast_run_end__ = (__fast_run_start__ + SIZEOF (.fast_run))
                0x0000000000000000                __fast_run_size__ = SIZEOF (.fast_run)
                0x0000000020000000                __fast_run_load_end__ = __fast_run_end__
                0x0000000000000001                . = ASSERT (((__fast_run_start__ == __fast_run_end__) || ((__fast_run_end__ - __RAM_segment_start__) <= __RAM_segment_size__)), error: .fast_run is too large to fit in RAM memory segment)
                0x0000000000007d74                __data_load_start__ = ALIGN ((__fast_load_start__ + SIZEOF (.fast)), 0x4)

.data           0x0000000020000000       0x80 load address 0x0000000000007d74
                0x0000000020000000                __data_start__ = .
 *(.data .data.* .gnu.linkonce.d.*)
 .data.m_uart   0x0000000020000000       0x14 Output/Transmitter Debug/Obj/nrf_log_backend_uart.o
                0x0000000020000000                m_uart
 .data.log_backend_cb_uart_log_backend
                0x0000000020000014        0x8 Output/Transmitter Debug/Obj/nrf_log_default_backends.o
 .data.severity_names
                0x000000002000001c       0x14 Output/Transmitter Debug/Obj/nrf_log_str_formatter.o
 .data.m_colors
                0x0000000020000030       0x24 Output/Transmitter Debug/Obj/nrf_log_str_formatter.o
 .data.app_uart_inst
                0x0000000020000054       0x14 Output/Transmitter Debug/Obj/app_uart_fifo.o
 .data.SystemCoreClock
                0x0000000020000068        0x4 Output/Transmitter Debug/Obj/system_nrf52840.o
                0x0000000020000068                SystemCoreClock
 .data.libc.__RAL_global_locale
                0x000000002000006c       0x14 D:/Programming/Segger Embedded Studio/lib/libc_v7em_fpv4_sp_d16_hard_t_le_eabi.a(libc2.o)
                0x000000002000006c                __RAL_global_locale
                0x0000000020000080                __data_end__ = (__data_start__ + SIZEOF (.data))
                0x0000000000000080                __data_size__ = SIZEOF (.data)
                0x0000000000007df4                __data_load_end__ = (__data_load_start__ + SIZEOF (.data))

.igot.plt       0x0000000100000000        0x0
 .igot.plt      0x0000000100000000        0x0 Output/Transmitter Debug/Obj/thumb_crt0.o
                0x0000000000000001                . = ASSERT (((__data_load_start__ == __data_load_end__) || ((__data_load_end__ - __FLASH_segment_start__) <= __FLASH_segment_size__)), error: .data is too large to fit in FLASH memory segment)

.data_run       0x0000000020000000       0x80 load address 0x0000000000007d74
                0x0000000020000000                __data_run_start__ = .
                0x0000000020000080                . = MAX ((__data_run_start__ + SIZEOF (.data)), .)
 *fill*         0x0000000020000000       0x80 
                0x0000000020000080                __data_run_end__ = (__data_run_start__ + SIZEOF (.data_run))
                0x0000000000000080                __data_run_size__ = SIZEOF (.data_run)
                0x0000000020000080                __data_run_load_end__ = __data_run_end__
                0x0000000000000001                . = ASSERT (((__data_run_start__ == __data_run_end__) || ((__data_run_end__ - __RAM_segment_start__) <= __RAM_segment_size__)), error: .data_run is too large to fit in RAM memory segment)
                0x0000000000007df4                __tdata_load_start__ = ALIGN ((__data_load_start__ + SIZEOF (.data)), 0x4)

.tdata          0x0000000020000080        0x0 load address 0x0000000000007df4
                0x0000000020000080                __tdata_start__ = .
 *(.tdata .tdata.*)
                0x0000000020000080                __tdata_end__ = (__tdata_start__ + SIZEOF (.tdata))
                0x0000000000000000                __tdata_size__ = SIZEOF (.tdata)
                0x0000000000007df4                __tdata_load_end__ = (__tdata_load_start__ + SIZEOF (.tdata))
                0x0000000000007df4                __FLASH_segment_used_end__ = (ALIGN ((__data_load_start__ + SIZEOF (.data)), 0x4) + SIZEOF (.tdata))
                0x0000000000007df4                __FLASH_segment_used_size__ = (__FLASH_segment_used_end__ - __FLASH_segment_start__)
                0x0000000000000001                . = ASSERT (((__tdata_load_start__ == __tdata_load_end__) || ((__tdata_load_end__ - __FLASH_segment_start__) <= __FLASH_segment_size__)), error: .tdata is too large to fit in FLASH memory segment)

.tdata_run      0x0000000020000080        0x0
                0x0000000020000080                __tdata_run_start__ = .
                0x0000000020000080                . = MAX ((__tdata_run_start__ + SIZEOF (.tdata)), .)
                0x0000000020000080                __tdata_run_end__ = (__tdata_run_start__ + SIZEOF (.tdata_run))
                0x0000000000000000                __tdata_run_size__ = SIZEOF (.tdata_run)
                0x0000000020000080                __tdata_run_load_end__ = __tdata_run_end__
                0x0000000000000001                . = ASSERT (((__tdata_run_start__ == __tdata_run_end__) || ((__tdata_run_end__ - __RAM_segment_start__) <= __RAM_segment_size__)), error: .tdata_run is too large to fit in RAM memory segment)
                0x0000000020000080                __bss_load_start__ = ALIGN (__tdata_run_end__, 0x4)

.bss            0x0000000020000080      0x8b8
                0x0000000020000080                __bss_start__ = .
 *(.bss .bss.* .gnu.linkonce.b.*)
 .bss.m_string_buff
                0x0000000020000080       0x40 Output/Transmitter Debug/Obj/nrf_log_backend_uart.o
 .bss.m_xfer_done
                0x00000000200000c0        0x1 Output/Transmitter Debug/Obj/nrf_log_backend_uart.o
 .bss.m_async_mode
                0x00000000200000c1        0x1 Output/Transmitter Debug/Obj/nrf_log_backend_uart.o
 *fill*         0x00000000200000c2        0x2 
 .bss.log_mempool_nrf_balloc_pool_stack
                0x00000000200000c4        0x8 Output/Transmitter Debug/Obj/nrf_log_frontend.o
 .bss.log_mempool_nrf_balloc_pool_mem
                0x00000000200000cc       0xc0 Output/Transmitter Debug/Obj/nrf_log_frontend.o
 .bss.log_mempool_nrf_balloc_cb
                0x000000002000018c        0x8 Output/Transmitter Debug/Obj/nrf_log_frontend.o
 .bss.m_log_data
                0x0000000020000194      0x424 Output/Transmitter Debug/Obj/nrf_log_frontend.o
 .bss.m_error_data.7715
                0x00000000200005b8       0x20 Output/Transmitter Debug/Obj/app_error.o
 .bss.m_in_critical_region
                0x00000000200005d8        0x4 Output/Transmitter Debug/Obj/app_util_platform.o
 .bss.m_handlers
                0x00000000200005dc        0x4 Output/Transmitter Debug/Obj/drv_rtc.o
 .bss.m_cb      0x00000000200005e0        0x8 Output/Transmitter Debug/Obj/drv_rtc.o
 .bss.m_event_handler
                0x00000000200005e8        0x4 Output/Transmitter Debug/Obj/app_uart_fifo.o
 .bss.tx_buffer
                0x00000000200005ec        0x1 Output/Transmitter Debug/Obj/app_uart_fifo.o
 *fill*         0x00000000200005ed        0x3 
 .bss.rx_buffer
                0x00000000200005f0        0x1 Output/Transmitter Debug/Obj/app_uart_fifo.o
 .bss.m_rx_ovf  0x00000000200005f1        0x1 Output/Transmitter Debug/Obj/app_uart_fifo.o
 *fill*         0x00000000200005f2        0x2 
 .bss.m_rx_fifo
                0x00000000200005f4       0x10 Output/Transmitter Debug/Obj/app_uart_fifo.o
 .bss.m_tx_fifo
                0x0000000020000604       0x10 Output/Transmitter Debug/Obj/app_uart_fifo.o
 .bss.done      0x0000000020000614        0x1 Output/Transmitter Debug/Obj/main.o
 .bss.rx        0x0000000020000615        0x1 Output/Transmitter Debug/Obj/main.o
 *fill*         0x0000000020000616        0x2 
 .bss.rx_buf.8501
                0x0000000020000618      0x100 Output/Transmitter Debug/Obj/alluart.o
 .bss.tx_buf.8502
                0x0000000020000718      0x100 Output/Transmitter Debug/Obj/alluart.o
 .bss.m_handlers
                0x0000000020000818       0x10 Output/Transmitter Debug/Obj/nrf_drv_spi.o
 .bss.m_contexts
                0x0000000020000828       0x10 Output/Transmitter Debug/Obj/nrf_drv_spi.o
 .bss.m_handlers
                0x0000000020000838        0x8 Output/Transmitter Debug/Obj/nrf_drv_uart.o
 .bss.m_contexts
                0x0000000020000840        0x8 Output/Transmitter Debug/Obj/nrf_drv_uart.o
 .bss.nrf_drv_uart_use_easy_dma
                0x0000000020000848        0x2 Output/Transmitter Debug/Obj/nrf_drv_uart.o
                0x0000000020000848                nrf_drv_uart_use_easy_dma
 *fill*         0x000000002000084a        0x2 
 .bss.m_cb      0x000000002000084c       0x6c Output/Transmitter Debug/Obj/nrfx_gpiote.o
 .bss.m_prs_box_4
                0x00000000200008b8        0x8 Output/Transmitter Debug/Obj/nrfx_prs.o
 .bss.m_cb      0x00000000200008c0       0x24 Output/Transmitter Debug/Obj/nrfx_spim.o
 .bss.m_cb      0x00000000200008e4       0x2c Output/Transmitter Debug/Obj/nrfx_uart.o
 .bss.m_cb      0x0000000020000910       0x24 Output/Transmitter Debug/Obj/nrfx_uarte.o
 .bss.libc.__user_format_extender
                0x0000000020000934        0x4 D:/Programming/Segger Embedded Studio/lib/libc_v7em_fpv4_sp_d16_hard_t_le_eabi.a(libc2.o)
                0x0000000020000934                __user_format_extender
 *(COMMON)
                0x0000000020000938                __bss_end__ = (__bss_start__ + SIZEOF (.bss))
                0x00000000000008b8                __bss_size__ = SIZEOF (.bss)
                0x0000000020000938                __bss_load_end__ = __bss_end__
                0x0000000000000001                . = ASSERT (((__bss_start__ == __bss_end__) || ((__bss_end__ - __RAM_segment_start__) <= __RAM_segment_size__)), error: .bss is too large to fit in RAM memory segment)
                0x0000000020000938                __tbss_load_start__ = ALIGN (__bss_end__, 0x4)

.tbss           0x0000000020000938        0x0
                0x0000000020000938                __tbss_start__ = .
 *(.tbss .tbss.*)
                0x0000000020000938                __tbss_end__ = (__tbss_start__ + SIZEOF (.tbss))
                0x0000000000000000                __tbss_size__ = SIZEOF (.tbss)
                0x0000000020000938                __tbss_load_end__ = __tbss_end__
                0x0000000000000001                . = ASSERT (((__tbss_start__ == __tbss_end__) || ((__tbss_end__ - __RAM_segment_start__) <= __RAM_segment_size__)), error: .tbss is too large to fit in RAM memory segment)
                0x0000000020000938                __non_init_load_start__ = ALIGN (__tbss_end__, 0x4)

.non_init       0x0000000020000938        0x0
                0x0000000020000938                __non_init_start__ = .
 *(.non_init .non_init.*)
                0x0000000020000938                __non_init_end__ = (__non_init_start__ + SIZEOF (.non_init))
                0x0000000000000000                __non_init_size__ = SIZEOF (.non_init)
                0x0000000020000938                __non_init_load_end__ = __non_init_end__
                0x0000000000000001                . = ASSERT (((__non_init_start__ == __non_init_end__) || ((__non_init_end__ - __RAM_segment_start__) <= __RAM_segment_size__)), error: .non_init is too large to fit in RAM memory segment)
                0x0000000020000938                __heap_load_start__ = ALIGN (__non_init_end__, 0x4)

.heap           0x0000000020000938     0x2000
                0x0000000020000938                __heap_start__ = .
 *(.heap .heap.*)
                0x0000000020002938                . = ALIGN (MAX ((__heap_start__ + __HEAPSIZE__), .), 0x4)
 *fill*         0x0000000020000938     0x2000 
                0x0000000020002938                __heap_end__ = (__heap_start__ + SIZEOF (.heap))
                0x0000000000002000                __heap_size__ = SIZEOF (.heap)
                0x0000000020002938                __heap_load_end__ = __heap_end__
                0x0000000000000001                . = ASSERT (((__heap_start__ == __heap_end__) || ((__heap_end__ - __RAM_segment_start__) <= __RAM_segment_size__)), error: .heap is too large to fit in RAM memory segment)
                0x000000002003e000                __stack_load_start__ = (__RAM_segment_start__ + (__RAM_segment_size__ - 0x2000))

.stack          0x000000002003e000     0x2000
                0x000000002003e000                __stack_start__ = .
                0x000000002003e000                __StackLimit = __stack_start__
 *(.stack .stack.*)
                0x0000000020040000                . = ALIGN (MAX ((__stack_start__ + __STACKSIZE__), .), 0x8)
 *fill*         0x000000002003e000     0x2000 
                0x0000000020040000                __stack_end__ = (__stack_start__ + SIZEOF (.stack))
                0x0000000000002000                __stack_size__ = SIZEOF (.stack)
                0x0000000020040000                __StackTop = __stack_end__
                0x0000000020040000                __stack_load_end__ = __stack_end__
                0x0000000000000001                . = ASSERT (((__stack_start__ == __stack_end__) || ((__stack_end__ - __RAM_segment_start__) <= __RAM_segment_size__)), error: .stack is too large to fit in RAM memory segment)
                0x0000000000000001                . = ASSERT ((__heap_end__ <= __stack_start__), error: section .heap overlaps absolute placed section .stack)
                0x0000000020040000                __stack_process_load_start__ = ALIGN (__stack_end__, 0x8)

.stack_process  0x0000000020040000        0x0
                0x0000000020040000                __stack_process_start__ = .
 *(.stack_process .stack_process.*)
                0x0000000020040000                . = ALIGN (MAX ((__stack_process_start__ + __STACKSIZE_PROCESS__), .), 0x8)
                0x0000000020040000                __stack_process_end__ = (__stack_process_start__ + SIZEOF (.stack_process))
                0x0000000000000000                __stack_process_size__ = SIZEOF (.stack_process)
                0x0000000020040000                __stack_process_load_end__ = __stack_process_end__
                0x0000000020040000                __RAM_segment_used_end__ = (ALIGN (__stack_end__, 0x8) + SIZEOF (.stack_process))