Archive member included to satisfy reference by file (symbol)

D:/Programming/Segger Embedded Studio/lib/libc_v7em_fpv4_sp_d16_hard_t_le_eabi.a(libc_asm.o)
                              Output/Transmitter Debug/Obj/bsp.o (__aeabi_uldivmod)
D:/Programming/Segger Embedded Studio/lib/libc_v7em_fpv4_sp_d16_hard_t_le_eabi.a(libc2.o)
                              Output/Transmitter Debug/Obj/fnmatch.o (isupper)
D:/Programming/Segger Embedded Studio/lib/libc_v7em_fpv4_sp_d16_hard_t_le_eabi.a(libc2_asm.o)
                              Output/Transmitter Debug/Obj/app_scheduler.o (memcpy)
D:/Programming/Segger Embedded Studio/lib/libc_v7em_fpv4_sp_d16_hard_t_le_eabi.a(libc.o)
                              D:/Programming/Segger Embedded Studio/lib/libc_v7em_fpv4_sp_d16_hard_t_le_eabi.a(libc2.o) (__heap_lock)
D:/Programming/Segger Embedded Studio/lib/libdebugio_v7em_fpv4_sp_d16_hard_t_le_eabi.a(libdebugio.o)
                              Output/Transmitter Debug/Obj/thumb_crt0.o (debug_fopen)
D:/Programming/Segger Embedded Studio/lib/libdebugio_mempoll_v7em_fpv4_sp_d16_hard_t_le_eabi.a(mempoll_debug_operations.o)
                              D:/Programming/Segger Embedded Studio/lib/libdebugio_v7em_fpv4_sp_d16_hard_t_le_eabi.a(libdebugio.o) (__do_debug_operation)
D:/Programming/Segger Embedded Studio/lib/libdebugio_mempoll_v7em_fpv4_sp_d16_hard_t_le_eabi.a(do_nv_debug_operation.o)
                              D:/Programming/Segger Embedded Studio/lib/libdebugio_v7em_fpv4_sp_d16_hard_t_le_eabi.a(libdebugio.o) (__do_nvdebug_operation)
D:/Programming/Segger Embedded Studio/lib/libm_v7em_fpv4_sp_d16_hard_t_le_eabi.a(libm_asm.o)
                              D:/Programming/Segger Embedded Studio/lib/libc_v7em_fpv4_sp_d16_hard_t_le_eabi.a(libc2.o) (__aeabi_dadd)
D:/Programming/Segger Embedded Studio/lib/libm_v7em_fpv4_sp_d16_hard_t_le_eabi.a(libm2.o)
                              D:/Programming/Segger Embedded Studio/lib/libvfprintf_v7em_fpv4_sp_d16_hard_t_le_eabi.o (frexp)

Discarded input sections

 .text          0x0000000000000000        0x0 Output/Transmitter Debug/Obj/thumb_crt0.o
 .data          0x0000000000000000        0x0 Output/Transmitter Debug/Obj/thumb_crt0.o
 .bss           0x0000000000000000        0x0 Output/Transmitter Debug/Obj/thumb_crt0.o
 .text.abort    0x0000000000000000        0x2 Output/Transmitter Debug/Obj/thumb_crt0.o
 .text.__assert
                0x0000000000000000        0x2 Output/Transmitter Debug/Obj/thumb_crt0.o
 .text.__aeabi_assert
                0x0000000000000000        0x2 Output/Transmitter Debug/Obj/thumb_crt0.o
 .text.__sync_synchronize
                0x0000000000000000        0x2 Output/Transmitter Debug/Obj/thumb_crt0.o
 .text.__getchar
                0x0000000000000000        0x4 Output/Transmitter Debug/Obj/thumb_crt0.o
 .text.__putchar
                0x0000000000000000        0x4 Output/Transmitter Debug/Obj/thumb_crt0.o
 .text.__open   0x0000000000000000        0x4 Output/Transmitter Debug/Obj/thumb_crt0.o
 .text.__close  0x0000000000000000        0x4 Output/Transmitter Debug/Obj/thumb_crt0.o
 .text.__write  0x0000000000000000        0xa Output/Transmitter Debug/Obj/thumb_crt0.o
 .text.__read   0x0000000000000000        0xa Output/Transmitter Debug/Obj/thumb_crt0.o
 .text.__seek   0x0000000000000000       0x1a Output/Transmitter Debug/Obj/thumb_crt0.o
 .bss.__user_locale_name_buffer
                0x0000000000000000        0x4 Output/Transmitter Debug/Obj/thumb_crt0.o
 .stack         0x0000000000000000        0x0 Output/Transmitter Debug/Obj/thumb_crt0.o
 .stack_process
                0x0000000000000000        0x0 Output/Transmitter Debug/Obj/thumb_crt0.o
 .heap          0x0000000000000000        0x0 Output/Transmitter Debug/Obj/thumb_crt0.o
 .group         0x0000000000000000        0xc Output/Transmitter Debug/Obj/nrf_log_backend_rtt.o
 .group         0x0000000000000000        0xc Output/Transmitter Debug/Obj/nrf_log_backend_rtt.o
 .group         0x0000000000000000        0xc Output/Transmitter Debug/Obj/nrf_log_backend_rtt.o
 .group         0x0000000000000000        0xc Output/Transmitter Debug/Obj/nrf_log_backend_rtt.o
 .group         0x0000000000000000        0xc Output/Transmitter Debug/Obj/nrf_log_backend_rtt.o
 .group         0x0000000000000000        0xc Output/Transmitter Debug/Obj/nrf_log_backend_rtt.o
 .group         0x0000000000000000        0xc Output/Transmitter Debug/Obj/nrf_log_backend_rtt.o
 .group         0x0000000000000000        0xc Output/Transmitter Debug/Obj/nrf_log_backend_rtt.o
 .group         0x0000000000000000        0xc Output/Transmitter Debug/Obj/nrf_log_backend_rtt.o
 .group         0x0000000000000000        0xc Output/Transmitter Debug/Obj/nrf_log_backend_rtt.o
 .group         0x0000000000000000        0xc Output/Transmitter Debug/Obj/nrf_log_backend_rtt.o
 .group         0x0000000000000000        0xc Output/Transmitter Debug/Obj/nrf_log_backend_rtt.o
[...]
Memory Configuration

Name             Origin             Length             Attributes
UNPLACED_SECTIONS 0x0000000100000000 0x0000000000000000 xw
RAM              0x0000000020000000 0x0000000000040000 xw
FLASH            0x0000000000000000 0x0000000000100000 xw
*default*        0x0000000000000000 0xffffffffffffffff

Linker script and memory map

                0x0000000000000000                __vfprintf = __vfprintf_long
                0x0000000000000000                __vfscanf = __vfscanf_long
                0x0000000020000000                __RAM_segment_start__ = 0x20000000
                0x0000000020040000                __RAM_segment_end__ = 0x20040000
                0x0000000000040000                __RAM_segment_size__ = 0x40000
                0x0000000000000000                __FLASH_segment_start__ = 0x0
                0x0000000000100000                __FLASH_segment_end__ = 0x100000
                0x0000000000100000                __FLASH_segment_size__ = 0x100000
                0x0000000000002000                __HEAPSIZE__ = 0x2000
                0x0000000000000000                __STACKSIZE_PROCESS__ = 0x0
                0x0000000000002000                __STACKSIZE__ = 0x2000
                0x0000000020000000                __vectors_ram_load_start__ = 0x20000000

.vectors_ram    0x0000000020000000        0x0
                0x0000000020000000                __vectors_ram_start__ = .
                0x0000000020000000                __app_ram_start__ = __vectors_ram_start__
 *(.vectors_ram .vectors_ram.*)
                0x0000000020000000                __vectors_ram_end__ = (__vectors_ram_start__ + SIZEOF (.vectors_ram))
                0x0000000000000000                __vectors_ram_size__ = SIZEOF (.vectors_ram)
                0x0000000020000000                __vectors_ram_load_end__ = __vectors_ram_end__
                0x0000000000000001                . = ASSERT (((__vectors_ram_start__ == __vectors_ram_end__) || ((__vectors_ram_end__ - __RAM_segment_start__) <= __RAM_segment_size__)), error: .vectors_ram is too large to fit in RAM memory segment)
                0x0000000020000000                __nrf_sections_run_load_start__ = ALIGN (__vectors_ram_end__, 0x4)

.nrf_sections_run
                0x0000000020000000        0x0
                0x0000000020000000                __nrf_sections_run_start__ = .
                0x0000000020000000                __start_nrf_sections_run = __nrf_sections_run_start__
 *(.nrf_sections_run .nrf_sections_run.*)
                0x0000000020000000                __nrf_sections_run_end__ = (__nrf_sections_run_start__ + SIZEOF (.nrf_sections_run))
                0x0000000000000000                __nrf_sections_run_size__ = SIZEOF (.nrf_sections_run)
                0x0000000020000000                __nrf_sections_run_load_end__ = __nrf_sections_run_end__
                0x0000000000000001                . = ASSERT (((__nrf_sections_run_start__ == __nrf_sections_run_end__) || ((__nrf_sections_run_end__ - __RAM_segment_start__) <= __RAM_segment_size__)), error: .nrf_sections_run is too large to fit in RAM memory segment)
                0x0000000000000000                __vectors_load_start__ = 0x0

.vectors        0x0000000000000000      0x200
                0x0000000000000000                __vectors_start__ = .
 *(.vectors .vectors.*)
 .vectors       0x0000000000000000      0x200 Output/Transmitter Debug/Obj/ses_startup_nrf52840.o
                0x0000000000000000                _vectors
                0x0000000000000200                __vectors_end__ = (__vectors_start__ + SIZEOF (.vectors))
                0x0000000000000200                __vectors_size__ = SIZEOF (.vectors)
                0x0000000000000200                __vectors_load_end__ = __vectors_end__
                0x0000000000000001                . = ASSERT (((__vectors_start__ == __vectors_end__) || ((__vectors_end__ - __FLASH_segment_start__) <= __FLASH_segment_size__)), error: .vectors is too large to fit in FLASH memory segment)
                0x0000000000000200                __init_load_start__ = ALIGN (__vectors_end__, 0x4)

.init           0x0000000000000200      0x1d0
                0x0000000000000200                __init_start__ = .
 *(.init .init.*)
 .init          0x0000000000000200      0x15c Output/Transmitter Debug/Obj/thumb_crt0.o
                0x0000000000000200                _start
                0x00000000000002b4                exit
 .init          0x000000000000035c       0x18 Output/Transmitter Debug/Obj/ses_startup_nrf52840.o
                0x000000000000035c                NMI_Handler
                0x000000000000035e                HardFault_Handler
                0x0000000000000360                MemoryManagement_Handler
                0x0000000000000362                BusFault_Handler
                0x0000000000000364                UsageFault_Handler
                0x0000000000000366                SVC_Handler
                0x0000000000000368                DebugMon_Handler
                0x000000000000036a                PendSV_Handler
                0x000000000000036c                SysTick_Handler
                0x000000000000036e                PWM1_IRQHandler
                0x000000000000036e                RTC0_IRQHandler
                0x000000000000036e                RADIO_IRQHandler
                0x000000000000036e                PDM_IRQHandler
                0x000000000000036e                SWI2_EGU2_IRQHandler
                0x000000000000036e                QDEC_IRQHandler
                0x000000000000036e                TIMER3_IRQHandler
                0x000000000000036e                PWM3_IRQHandler
                0x000000000000036e                FPU_IRQHandler
                0x000000000000036e                USBD_IRQHandler
                0x000000000000036e                QSPI_IRQHandler
                0x000000000000036e                TIMER4_IRQHandler
                0x000000000000036e                CRYPTOCELL_IRQHandler
                0x000000000000036e                TEMP_IRQHandler
                0x000000000000036e                SWI4_EGU4_IRQHandler
                0x000000000000036e                TIMER0_IRQHandler
                0x000000000000036e                UARTE1_IRQHandler
                0x000000000000036e                Dummy_Handler
                0x000000000000036e                TIMER1_IRQHandler
                0x000000000000036e                SPIM3_IRQHandler
                0x000000000000036e                PWM2_IRQHandler
                0x000000000000036e                ECB_IRQHandler
                0x000000000000036e                SPIM1_SPIS1_TWIM1_TWIS1_SPI1_TWI1_IRQHandler
                0x000000000000036e                SAADC_IRQHandler
                0x000000000000036e                CCM_AAR_IRQHandler
                0x000000000000036e                WDT_IRQHandler
                0x000000000000036e                SWI0_EGU0_IRQHandler
                0x000000000000036e                SWI5_EGU5_IRQHandler
                0x000000000000036e                RNG_IRQHandler
                0x000000000000036e                RTC2_IRQHandler
                0x000000000000036e                PWM0_IRQHandler
                0x000000000000036e                SWI3_EGU3_IRQHandler
                0x000000000000036e                SWI1_EGU1_IRQHandler
                0x000000000000036e                SPIM2_SPIS2_SPI2_IRQHandler
                0x000000000000036e                NFCT_IRQHandler
                0x000000000000036e                I2S_IRQHandler
                0x000000000000036e                MWU_IRQHandler
                0x000000000000036e                TIMER2_IRQHandler
                0x000000000000036e                COMP_LPCOMP_IRQHandler
                0x0000000000000370                nRFInitialize
 .init          0x0000000000000374       0x5c Output/Transmitter Debug/Obj/ses_startup_nrf_common.o
                0x0000000000000374                Reset_Handler
                0x0000000000000378                afterInitialize
                0x000000000000039c                InitializeUserMemorySections
                0x00000000000003d0                __init_end__ = (__init_start__ + SIZEOF (.init))
                0x00000000000001d0                __init_size__ = SIZEOF (.init)
                0x00000000000003d0                __init_load_end__ = __init_end__
                0x0000000000000001                . = ASSERT (((__init_start__ == __init_end__) || ((__init_end__ - __FLASH_segment_start__) <= __FLASH_segment_size__)), error: .init is too large to fit in FLASH memory segment)
                0x00000000000003d0                __init_rodata_load_start__ = ALIGN (__init_end__, 0x4)

.init_rodata    0x00000000000003d0        0x0
                0x00000000000003d0                __init_rodata_start__ = .
 *(.init_rodata .init_rodata.*)
                0x00000000000003d0                __init_rodata_end__ = (__init_rodata_start__ + SIZEOF (.init_rodata))
                0x0000000000000000                __init_rodata_size__ = SIZEOF (.init_rodata)
                0x00000000000003d0                __init_rodata_load_end__ = __init_rodata_end__
                0x0000000000000001                . = ASSERT (((__init_rodata_start__ == __init_rodata_end__) || ((__init_rodata_end__ - __FLASH_segment_start__) <= __FLASH_segment_size__)), error: .init_rodata is too large to fit in FLASH memory segment)
                0x00000000000003d0                __text_load_start__ = ALIGN (__init_rodata_end__, 0x4)

.text           0x00000000000003d0     0xd282
                0x00000000000003d0                __text_start__ = .
 *(.text .text.* .glue_7t .glue_7 .gnu.linkonce.t.* .gcc_except_table .ARM.extab* .gnu.linkonce.armextab.*)
 .glue_7        0x00000000000003d0        0x0 linker stubs
 .glue_7t       0x00000000000003d0        0x0 linker stubs
 .text.__aeabi_read_tp
                0x00000000000003d0        0x8 Output/Transmitter Debug/Obj/thumb_crt0.o
                0x00000000000003d0                __aeabi_read_tp
 .text.nrf_gpio_pin_port_decode
                0x00000000000003d8       0x44 Output/Transmitter Debug/Obj/boards.o
 .text.nrf_gpio_cfg
                0x000000000000041c       0x62 Output/Transmitter Debug/Obj/boards.o
 .text.nrf_gpio_cfg_output
                0x000000000000047e       0x22 Output/Transmitter Debug/Obj/boards.o
 .text.nrf_gpio_cfg_input
                0x00000000000004a0       0x2a Output/Transmitter Debug/Obj/boards.o
 .text.nrf_gpio_pin_set
                0x00000000000004ca       0x28 Output/Transmitter Debug/Obj/boards.o
 .text.nrf_gpio_pin_clear
                0x00000000000004f2       0x28 Output/Transmitter Debug/Obj/boards.o
 .text.nrf_gpio_pin_toggle
                0x000000000000051a       0x44 Output/Transmitter Debug/Obj/boards.o
 .text.nrf_gpio_pin_write
                0x000000000000055e       0x24 Output/Transmitter Debug/Obj/boards.o
 .text.nrf_gpio_pin_out_read
                0x0000000000000582       0x2a Output/Transmitter Debug/Obj/boards.o
 .text.nrf_gpio_port_out_read
                0x00000000000005ac       0x10 Output/Transmitter Debug/Obj/boards.o
 .text.nrf_gpio_port_out_set
                0x00000000000005bc       0x14 Output/Transmitter Debug/Obj/boards.o
 .text.nrf_gpio_port_out_clear
                0x00000000000005d0       0x14 Output/Transmitter Debug/Obj/boards.o
 .text.bsp_board_led_state_get
                0x00000000000005e4       0x5c Output/Transmitter Debug/Obj/boards.o
                0x00000000000005e4                bsp_board_led_state_get
 .text.bsp_board_led_on
                0x0000000000000640       0x34 Output/Transmitter Debug/Obj/boards.o
                0x0000000000000640                bsp_board_led_on
 .text.bsp_board_led_off
                0x0000000000000674       0x34 Output/Transmitter Debug/Obj/boards.o
                0x0000000000000674                bsp_board_led_off
 .text.bsp_board_leds_off
                0x00000000000006a8       0x26 Output/Transmitter Debug/Obj/boards.o
                0x00000000000006a8                bsp_board_leds_off
 .text.bsp_board_leds_on
                0x00000000000006ce       0x26 Output/Transmitter Debug/Obj/boards.o
                0x00000000000006ce                bsp_board_leds_on
 .text.bsp_board_led_invert
                0x00000000000006f4       0x34 Output/Transmitter Debug/Obj/boards.o
                0x00000000000006f4                bsp_board_led_invert
 .text.bsp_board_leds_init
                0x0000000000000728       0x34 Output/Transmitter Debug/Obj/boards.o
 .text.bsp_board_buttons_init
                0x000000000000075c       0x34 Output/Transmitter Debug/Obj/boards.o
 .text.bsp_board_pin_to_button_idx
                0x0000000000000790       0x40 Output/Transmitter Debug/Obj/boards.o
                0x0000000000000790                bsp_board_pin_to_button_idx
 .text.bsp_board_init
                0x00000000000007d0       0x2a Output/Transmitter Debug/Obj/boards.o
                0x00000000000007d0                bsp_board_init
 *fill*         0x00000000000007fa        0x2 
 .text.app_error_save_and_stop
                0x00000000000007fc       0x9c Output/Transmitter Debug/Obj/app_error.o
                0x00000000000007fc                app_error_save_and_stop
 .text.app_error_handler
                0x0000000000000898       0x1c Output/Transmitter Debug/Obj/app_error_handler_gcc.o
                0x0000000000000898                app_error_handler
 .text.app_error_fault_handler
                0x00000000000008b4       0x54 Output/Transmitter Debug/Obj/app_error_weak.o
                0x00000000000008b4                app_error_fault_handler
 .text.get_now  0x0000000000000908       0x5c Output/Transmitter Debug/Obj/app_timer2.o
 .text.compare_func
                0x0000000000000964       0x3e Output/Transmitter Debug/Obj/app_timer2.o
 *fill*         0x00000000000009a2        0x2 
 .text.timer_expire
                0x00000000000009a4       0xc8 Output/Transmitter Debug/Obj/app_timer2.o
 .text.rtc_schedule
                0x0000000000000a6c       0xa8 Output/Transmitter Debug/Obj/app_timer2.o
 .text.sortlist_pop
                0x0000000000000b14       0x1c Output/Transmitter Debug/Obj/app_timer2.o
 .text.sortlist_peek
                0x0000000000000b30       0x1c Output/Transmitter Debug/Obj/app_timer2.o
 .text.sorted_list_stop_all
                0x0000000000000b4c       0x26 Output/Transmitter Debug/Obj/app_timer2.o
 *fill*         0x0000000000000b72        0x2 
 .text.on_overflow_evt
                0x0000000000000b74       0x1c Output/Transmitter Debug/Obj/app_timer2.o
 .text.on_compare_evt
                0x0000000000000b90       0x5c Output/Transmitter Debug/Obj/app_timer2.o
 .text.on_compare1_evt
                0x0000000000000bec       0x20 Output/Transmitter Debug/Obj/app_timer2.o
 .text.rtc_update
                0x0000000000000c0c       0xd0 Output/Transmitter Debug/Obj/app_timer2.o
 .text.timer_req_process
                0x0000000000000cdc       0xc8 Output/Transmitter Debug/Obj/app_timer2.o
 .text.rtc_irq  0x0000000000000da4       0x52 Output/Transmitter Debug/Obj/app_timer2.o
 *fill*         0x0000000000000df6        0x2 
 .text.timer_request_proc_trigger
                0x0000000000000df8       0x10 Output/Transmitter Debug/Obj/app_timer2.o
 .text.timer_req_schedule
                0x0000000000000e08       0x58 Output/Transmitter Debug/Obj/app_timer2.o
 .text.app_timer_init
                0x0000000000000e60       0x7c Output/Transmitter Debug/Obj/app_timer2.o
                0x0000000000000e60                app_timer_init
 .text.app_timer_create
                0x0000000000000edc       0x68 Output/Transmitter Debug/Obj/app_timer2.o
                0x0000000000000edc                app_timer_create
 .text.app_timer_start
                0x0000000000000f44       0x6c Output/Transmitter Debug/Obj/app_timer2.o
                0x0000000000000f44                app_timer_start
 .text.app_timer_stop
                0x0000000000000fb0       0x38 Output/Transmitter Debug/Obj/app_timer2.o
                0x0000000000000fb0                app_timer_stop
 .text.app_timer_cnt_diff_compute
                0x0000000000000fe8       0x16 Output/Transmitter Debug/Obj/app_timer2.o
                0x0000000000000fe8                app_timer_cnt_diff_compute
 *fill*         0x0000000000000ffe        0x2 
 .text.app_timer_cnt_get
                0x0000000000001000       0x14 Output/Transmitter Debug/Obj/app_timer2.o
                0x0000000000001000                app_timer_cnt_get
 .text.app_util_disable_irq
                0x0000000000001014       0x18 Output/Transmitter Debug/Obj/app_util_platform.o
                0x0000000000001014                app_util_disable_irq
 .text.app_util_enable_irq
                0x000000000000102c       0x20 Output/Transmitter Debug/Obj/app_util_platform.o
                0x000000000000102c                app_util_enable_irq
 .text.app_util_critical_region_enter
                0x000000000000104c       0x28 Output/Transmitter Debug/Obj/app_util_platform.o
                0x000000000000104c                app_util_critical_region_enter
 .text.app_util_critical_region_exit
                0x0000000000001074       0x2c Output/Transmitter Debug/Obj/app_util_platform.o
                0x0000000000001074                app_util_critical_region_exit
 .text.privilege_level_get
                0x00000000000010a0       0x3a Output/Transmitter Debug/Obj/app_util_platform.o
                0x00000000000010a0                privilege_level_get
 *fill*         0x00000000000010da        0x2 
 .text.NVIC_EnableIRQ
                0x00000000000010dc       0x2c Output/Transmitter Debug/Obj/drv_rtc.o
 .text.NVIC_SetPendingIRQ
                0x0000000000001108       0x30 Output/Transmitter Debug/Obj/drv_rtc.o
 .text.NVIC_SetPriority
                0x0000000000001138       0x50 Output/Transmitter Debug/Obj/drv_rtc.o
 .text._NRFX_IRQ_PRIORITY_SET
                0x0000000000001188       0x40 Output/Transmitter Debug/Obj/drv_rtc.o
 .text._NRFX_IRQ_ENABLE
                0x00000000000011c8       0x1c Output/Transmitter Debug/Obj/drv_rtc.o
 .text.nrfx_coredep_delay_us
                0x00000000000011e4       0x30 Output/Transmitter Debug/Obj/drv_rtc.o
 .text.nrf_rtc_cc_set
                0x0000000000001214       0x1c Output/Transmitter Debug/Obj/drv_rtc.o
 .text.nrf_rtc_cc_get
                0x0000000000001230       0x18 Output/Transmitter Debug/Obj/drv_rtc.o
 .text.nrf_rtc_int_enable
                0x0000000000001248       0x14 Output/Transmitter Debug/Obj/drv_rtc.o
 .text.nrf_rtc_int_disable
                0x000000000000125c       0x14 Output/Transmitter Debug/Obj/drv_rtc.o
 .text.nrf_rtc_event_pending
                0x0000000000001270       0x1a Output/Transmitter Debug/Obj/drv_rtc.o
 .text.nrf_rtc_event_clear
                0x000000000000128a       0x2a Output/Transmitter Debug/Obj/drv_rtc.o
 .text.nrf_rtc_counter_get
                0x00000000000012b4       0x10 Output/Transmitter Debug/Obj/drv_rtc.o
 .text.nrf_rtc_prescaler_set
                0x00000000000012c4       0x30 Output/Transmitter Debug/Obj/drv_rtc.o
 .text.nrf_rtc_task_trigger
                0x00000000000012f4       0x1e Output/Transmitter Debug/Obj/drv_rtc.o
 .text.nrf_rtc_event_enable
                0x0000000000001312       0x14 Output/Transmitter Debug/Obj/drv_rtc.o
 .text.nrf_rtc_event_disable
                0x0000000000001326       0x14 Output/Transmitter Debug/Obj/drv_rtc.o
 *fill*         0x000000000000133a        0x2 
 .text.drv_rtc_init
                0x000000000000133c       0xc0 Output/Transmitter Debug/Obj/drv_rtc.o
                0x000000000000133c                drv_rtc_init
 .text.drv_rtc_start
                0x00000000000013fc       0x2c Output/Transmitter Debug/Obj/drv_rtc.o
                0x00000000000013fc                drv_rtc_start
 .text.drv_rtc_stop
                0x0000000000001428       0x2c Output/Transmitter Debug/Obj/drv_rtc.o
                0x0000000000001428                drv_rtc_stop
 .text.drv_rtc_compare_set
                0x0000000000001454       0xa0 Output/Transmitter Debug/Obj/drv_rtc.o
                0x0000000000001454                drv_rtc_compare_set
 .text.evt_enable
                0x00000000000014f4       0x48 Output/Transmitter Debug/Obj/drv_rtc.o
 .text.evt_disable
                0x000000000000153c       0x3c Output/Transmitter Debug/Obj/drv_rtc.o
 .text.evt_pending
                0x0000000000001578       0x54 Output/Transmitter Debug/Obj/drv_rtc.o
 .text.ticks_sub
                0x00000000000015cc       0x16 Output/Transmitter Debug/Obj/drv_rtc.o
 *fill*         0x00000000000015e2        0x2 
 .text.drv_rtc_windowed_compare_set
                0x00000000000015e4      0x174 Output/Transmitter Debug/Obj/drv_rtc.o
                0x00000000000015e4                drv_rtc_windowed_compare_set
 .text.drv_rtc_overflow_enable
                0x0000000000001758       0x22 Output/Transmitter Debug/Obj/drv_rtc.o
                0x0000000000001758                drv_rtc_overflow_enable
 .text.drv_rtc_overflow_pending
                0x000000000000177a       0x1a Output/Transmitter Debug/Obj/drv_rtc.o
                0x000000000000177a                drv_rtc_overflow_pending
 .text.drv_rtc_compare_disable
                0x0000000000001794       0x22 Output/Transmitter Debug/Obj/drv_rtc.o
                0x0000000000001794                drv_rtc_compare_disable
 .text.drv_rtc_compare_pending
                0x00000000000017b6       0x2a Output/Transmitter Debug/Obj/drv_rtc.o
                0x00000000000017b6                drv_rtc_compare_pending
 .text.drv_rtc_counter_get
                0x00000000000017e0       0x1a Output/Transmitter Debug/Obj/drv_rtc.o
                0x00000000000017e0                drv_rtc_counter_get
 .text.drv_rtc_irq_trigger
                0x00000000000017fa       0x1a Output/Transmitter Debug/Obj/drv_rtc.o
                0x00000000000017fa                drv_rtc_irq_trigger
 .text.RTC1_IRQHandler
                0x0000000000001814       0x1c Output/Transmitter Debug/Obj/drv_rtc.o
                0x0000000000001814                RTC1_IRQHandler
 .text.assert_nrf_callback
                0x0000000000001830       0x2e Output/Transmitter Debug/Obj/nrf_assert.o
                0x0000000000001830                assert_nrf_callback
 .text.nrf_atfifo_wspace_req
                0x000000000000185e       0x54 Output/Transmitter Debug/Obj/nrf_atfifo.o
 .text.nrf_atfifo_wspace_close
                0x00000000000018b2       0x20 Output/Transmitter Debug/Obj/nrf_atfifo.o
 .text.nrf_atfifo_rspace_req
                0x00000000000018d2       0x56 Output/Transmitter Debug/Obj/nrf_atfifo.o
 .text.nrf_atfifo_rspace_close
                0x0000000000001928       0x20 Output/Transmitter Debug/Obj/nrf_atfifo.o
 .text.nrf_atfifo_init
                0x0000000000001948       0x66 Output/Transmitter Debug/Obj/nrf_atfifo.o
                0x0000000000001948                nrf_atfifo_init
 .text.nrf_atfifo_item_alloc
                0x00000000000019ae       0x32 Output/Transmitter Debug/Obj/nrf_atfifo.o
                0x00000000000019ae                nrf_atfifo_item_alloc
 .text.nrf_atfifo_item_put
                0x00000000000019e0       0x28 Output/Transmitter Debug/Obj/nrf_atfifo.o
                0x00000000000019e0                nrf_atfifo_item_put
 .text.nrf_atfifo_item_get
                0x0000000000001a08       0x32 Output/Transmitter Debug/Obj/nrf_atfifo.o
                0x0000000000001a08                nrf_atfifo_item_get
 .text.nrf_atfifo_item_free
                0x0000000000001a3a       0x28 Output/Transmitter Debug/Obj/nrf_atfifo.o
                0x0000000000001a3a                nrf_atfifo_item_free
 .text.nrf_atomic_u32_fetch_or
                0x0000000000001a62       0x30 Output/Transmitter Debug/Obj/nrf_atomic.o
                0x0000000000001a62                nrf_atomic_u32_fetch_or
 .text.nrf_atomic_u32_or
                0x0000000000001a92       0x30 Output/Transmitter Debug/Obj/nrf_atomic.o
                0x0000000000001a92                nrf_atomic_u32_or
 .text.nrf_atomic_u32_fetch_and
                0x0000000000001ac2       0x30 Output/Transmitter Debug/Obj/nrf_atomic.o
                0x0000000000001ac2                nrf_atomic_u32_fetch_and
 .text.nrf_atomic_u32_and
                0x0000000000001af2       0x30 Output/Transmitter Debug/Obj/nrf_atomic.o
                0x0000000000001af2                nrf_atomic_u32_and
 .text.nrf_atomic_flag_set_fetch
                0x0000000000001b22       0x18 Output/Transmitter Debug/Obj/nrf_atomic.o
                0x0000000000001b22                nrf_atomic_flag_set_fetch
 .text.nrf_atomic_flag_clear_fetch
                0x0000000000001b3a       0x18 Output/Transmitter Debug/Obj/nrf_atomic.o
                0x0000000000001b3a                nrf_atomic_flag_clear_fetch
 .text.nrf_atomic_flag_clear
                0x0000000000001b52       0x18 Output/Transmitter Debug/Obj/nrf_atomic.o
                0x0000000000001b52                nrf_atomic_flag_clear
 *fill*         0x0000000000001b6a        0x2 
 .text.nrf_balloc_max_utilization_get
                0x0000000000001b6c       0x28 Output/Transmitter Debug/Obj/nrf_balloc.o
 .text.nrf_balloc_utilization_get
                0x0000000000001b94       0x30 Output/Transmitter Debug/Obj/nrf_balloc.o
 .text.nrf_cli_help_requested
                0x0000000000001bc4       0x22 Output/Transmitter Debug/Obj/nrf_balloc.o
 *fill*         0x0000000000001be6        0x2 
 .text.nrf_balloc_status
                0x0000000000001be8      0x100 Output/Transmitter Debug/Obj/nrf_balloc.o
 .text.nrf_balloc_idx2block
                0x0000000000001ce8       0x38 Output/Transmitter Debug/Obj/nrf_balloc.o
 .text.nrf_balloc_block2idx
                0x0000000000001d20       0x34 Output/Transmitter Debug/Obj/nrf_balloc.o
 .text.nrf_balloc_init
                0x0000000000001d54       0xb8 Output/Transmitter Debug/Obj/nrf_balloc.o
                0x0000000000001d54                nrf_balloc_init
 .text.nrf_balloc_alloc
                0x0000000000001e0c       0x84 Output/Transmitter Debug/Obj/nrf_balloc.o
                0x0000000000001e0c                nrf_balloc_alloc
 .text.nrf_balloc_free
                0x0000000000001e90       0x58 Output/Transmitter Debug/Obj/nrf_balloc.o
                0x0000000000001e90                nrf_balloc_free
 .text.nrf_fprintf_buffer_flush
                0x0000000000001ee8       0x44 Output/Transmitter Debug/Obj/nrf_fprintf.o
                0x0000000000001ee8                nrf_fprintf_buffer_flush
 .text.nrf_fprintf
                0x0000000000001f2c       0x74 Output/Transmitter Debug/Obj/nrf_fprintf.o
                0x0000000000001f2c                nrf_fprintf
 .text.buffer_add
                0x0000000000001fa0       0x4c Output/Transmitter Debug/Obj/nrf_fprintf_format.o
 .text.string_print
                0x0000000000001fec       0xc2 Output/Transmitter Debug/Obj/nrf_fprintf_format.o
 *fill*         0x00000000000020ae        0x2 
 .text.unsigned_print
                0x00000000000020b0      0x130 Output/Transmitter Debug/Obj/nrf_fprintf_format.o
 .text.int_print
                0x00000000000021e0      0x11c Output/Transmitter Debug/Obj/nrf_fprintf_format.o
 .text.nrf_fprintf_fmt
                0x00000000000022fc      0x388 Output/Transmitter Debug/Obj/nrf_fprintf_format.o
                0x00000000000022fc                nrf_fprintf_fmt
 .text.nrf_memobj_pool_init
                0x0000000000002684       0x16 Output/Transmitter Debug/Obj/nrf_memobj.o
                0x0000000000002684                nrf_memobj_pool_init
 .text.nrf_memobj_alloc
                0x000000000000269a       0xae Output/Transmitter Debug/Obj/nrf_memobj.o
                0x000000000000269a                nrf_memobj_alloc
 .text.nrf_memobj_free
                0x0000000000002748       0x74 Output/Transmitter Debug/Obj/nrf_memobj.o
                0x0000000000002748                nrf_memobj_free
 .text.memobj_op
                0x00000000000027bc      0x124 Output/Transmitter Debug/Obj/nrf_memobj.o
 .text.nrf_memobj_write
                0x00000000000028e0       0x3c Output/Transmitter Debug/Obj/nrf_memobj.o
                0x00000000000028e0                nrf_memobj_write
 .text.nrf_memobj_read
                0x000000000000291c       0x40 Output/Transmitter Debug/Obj/nrf_memobj.o
                0x000000000000291c                nrf_memobj_read
 .text.nrf_ringbuf_init
                0x000000000000295c       0x3a Output/Transmitter Debug/Obj/nrf_ringbuf.o
                0x000000000000295c                nrf_ringbuf_init
 *fill*         0x0000000000002996        0x2 
 .text.nrf_ringbuf_alloc
                0x0000000000002998      0x100 Output/Transmitter Debug/Obj/nrf_ringbuf.o
                0x0000000000002998                nrf_ringbuf_alloc
 .text.nrf_ringbuf_put
                0x0000000000002a98       0x66 Output/Transmitter Debug/Obj/nrf_ringbuf.o
                0x0000000000002a98                nrf_ringbuf_put
 *fill*         0x0000000000002afe        0x2 
 .text.nrf_ringbuf_cpy_put
                0x0000000000002b00       0xec Output/Transmitter Debug/Obj/nrf_ringbuf.o
                0x0000000000002b00                nrf_ringbuf_cpy_put
 .text.nrf_ringbuf_get
                0x0000000000002bec      0x104 Output/Transmitter Debug/Obj/nrf_ringbuf.o
                0x0000000000002bec                nrf_ringbuf_get
 .text.nrf_ringbuf_cpy_get
                0x0000000000002cf0      0x108 Output/Transmitter Debug/Obj/nrf_ringbuf.o
                0x0000000000002cf0                nrf_ringbuf_cpy_get
 .text.nrf_ringbuf_free
                0x0000000000002df8       0x56 Output/Transmitter Debug/Obj/nrf_ringbuf.o
                0x0000000000002df8                nrf_ringbuf_free
 *fill*         0x0000000000002e4e        0x2 
 .text.nrf_sortlist_add
                0x0000000000002e50       0x74 Output/Transmitter Debug/Obj/nrf_sortlist.o
                0x0000000000002e50                nrf_sortlist_add
 .text.nrf_sortlist_pop
                0x0000000000002ec4       0x44 Output/Transmitter Debug/Obj/nrf_sortlist.o
                0x0000000000002ec4                nrf_sortlist_pop
 .text.nrf_sortlist_peek
                0x0000000000002f08       0x28 Output/Transmitter Debug/Obj/nrf_sortlist.o
                0x0000000000002f08                nrf_sortlist_peek
 .text.nrf_sortlist_remove
                0x0000000000002f30       0x6c Output/Transmitter Debug/Obj/nrf_sortlist.o
                0x0000000000002f30                nrf_sortlist_remove
 .text.nrf_cli_help_requested
                0x0000000000002f9c       0x22 Output/Transmitter Debug/Obj/nrf_cli.o
 *fill*         0x0000000000002fbe        0x2 
 .text.nrfx_coredep_delay_us
                0x0000000000002fc0       0x30 Output/Transmitter Debug/Obj/nrf_cli.o
 .text.transport_buffer_flush
                0x0000000000002ff0       0x18 Output/Transmitter Debug/Obj/nrf_cli.o
 .text.cli_flag_help_set
                0x0000000000003008       0x1a Output/Transmitter Debug/Obj/nrf_cli.o
 .text.cli_flag_help_clear
                0x0000000000003022       0x1a Output/Transmitter Debug/Obj/nrf_cli.o
 .text.cli_flag_echo_set
                0x000000000000303c       0x1a Output/Transmitter Debug/Obj/nrf_cli.o
 .text.cli_flag_echo_clear
                0x0000000000003056       0x1a Output/Transmitter Debug/Obj/nrf_cli.o
 .text.cli_flag_echo_is_set
                0x0000000000003070       0x18 Output/Transmitter Debug/Obj/nrf_cli.o
 .text.cli_flag_last_nl_get
                0x0000000000003088       0x18 Output/Transmitter Debug/Obj/nrf_cli.o
 .text.cli_flag_last_nl_set
                0x00000000000030a0       0x24 Output/Transmitter Debug/Obj/nrf_cli.o
 .text.receive_state_change
                0x00000000000030c4       0x1a Output/Transmitter Debug/Obj/nrf_cli.o
 .text.cli_strlen
                0x00000000000030de       0x20 Output/Transmitter Debug/Obj/nrf_cli.o
 .text.cli_cmd_buffer_clear
                0x00000000000030fe       0x24 Output/Transmitter Debug/Obj/nrf_cli.o
 .text.cursor_in_empty_line
                0x0000000000003122       0x3c Output/Transmitter Debug/Obj/nrf_cli.o
 .text.full_line_cmd
                0x000000000000315e       0x3c Output/Transmitter Debug/Obj/nrf_cli.o
 *fill*         0x000000000000319a        0x2 
 .text.cli_write
                0x000000000000319c       0xd4 Output/Transmitter Debug/Obj/nrf_cli.o
 .text.cli_putc
                0x0000000000003270       0x28 Output/Transmitter Debug/Obj/nrf_cli.o
 .text.cli_read
                0x0000000000003298       0x54 Output/Transmitter Debug/Obj/nrf_cli.o
 .text.cmd_get  0x00000000000032ec      0x110 Output/Transmitter Debug/Obj/nrf_cli.o
 .text.multiline_console_data_check
                0x00000000000033fc       0xb4 Output/Transmitter Debug/Obj/nrf_cli.o
 .text.cli_clear_eos
                0x00000000000034b0       0x4c Output/Transmitter Debug/Obj/nrf_cli.o
 .text.cli_cursor_save
                0x00000000000034fc       0x4c Output/Transmitter Debug/Obj/nrf_cli.o
 .text.cli_cursor_restore
                0x0000000000003548       0x4c Output/Transmitter Debug/Obj/nrf_cli.o
 .text.cursor_next_line_move
                0x0000000000003594       0x20 Output/Transmitter Debug/Obj/nrf_cli.o
 .text.cursor_left_move
                0x00000000000035b4       0x30 Output/Transmitter Debug/Obj/nrf_cli.o
 .text.cursor_right_move
                0x00000000000035e4       0x30 Output/Transmitter Debug/Obj/nrf_cli.o
 .text.cursor_up_move
                0x0000000000003614       0x30 Output/Transmitter Debug/Obj/nrf_cli.o
 .text.cursor_down_move
                0x0000000000003644       0x30 Output/Transmitter Debug/Obj/nrf_cli.o
 .text.cursor_position_increment
                0x0000000000003674       0x60 Output/Transmitter Debug/Obj/nrf_cli.o
 .text.cursor_position_synchronize
                0x00000000000036d4       0xb0 Output/Transmitter Debug/Obj/nrf_cli.o
 .text.cursor_home_position_move
                0x0000000000003784       0x8e Output/Transmitter Debug/Obj/nrf_cli.o
 .text.cursor_end_position_move
                0x0000000000003812       0x92 Output/Transmitter Debug/Obj/nrf_cli.o
 .text.cursor_position_get
                0x00000000000038a4      0x214 Output/Transmitter Debug/Obj/nrf_cli.o
 .text.terminal_size_get
                0x0000000000003ab8       0xc0 Output/Transmitter Debug/Obj/nrf_cli.o
 .text.vt100_color_set
                0x0000000000003b78       0x9c Output/Transmitter Debug/Obj/nrf_cli.o
 .text.vt100_bgcolor_set
                0x0000000000003c14       0x74 Output/Transmitter Debug/Obj/nrf_cli.o
 .text.vt100_colors_store
                0x0000000000003c88       0x20 Output/Transmitter Debug/Obj/nrf_cli.o
 .text.vt100_colors_restore
                0x0000000000003ca8       0x28 Output/Transmitter Debug/Obj/nrf_cli.o
 .text.left_arrow_handle
                0x0000000000003cd0       0x6e Output/Transmitter Debug/Obj/nrf_cli.o
 .text.right_arrow_handle
                0x0000000000003d3e       0x72 Output/Transmitter Debug/Obj/nrf_cli.o
 .text.char_insert_echo_off
                0x0000000000003db0       0x56 Output/Transmitter Debug/Obj/nrf_cli.o
 *fill*         0x0000000000003e06        0x2 
 .text.char_insert
                0x0000000000003e08      0x20c Output/Transmitter Debug/Obj/nrf_cli.o
 .text.char_backspace
                0x0000000000004014      0x11c Output/Transmitter Debug/Obj/nrf_cli.o
 .text.char_delete
                0x0000000000004130      0x118 Output/Transmitter Debug/Obj/nrf_cli.o
 .text.make_argv
                0x0000000000004248      0x338 Output/Transmitter Debug/Obj/nrf_cli.o
 .text.cli_state_set
                0x0000000000004580       0x40 Output/Transmitter Debug/Obj/nrf_cli.o
 .text.history_mode_exit
                0x00000000000045c0       0x14 Output/Transmitter Debug/Obj/nrf_cli.o
 .text.history_handle
                0x00000000000045d4      0x210 Output/Transmitter Debug/Obj/nrf_cli.o
 .text.history_list_element_add
                0x00000000000047e4       0xc8 Output/Transmitter Debug/Obj/nrf_cli.o
 .text.history_list_element_oldest_remove
                0x00000000000048ac       0x9a Output/Transmitter Debug/Obj/nrf_cli.o
 .text.history_save
                0x0000000000004946       0xe6 Output/Transmitter Debug/Obj/nrf_cli.o
 .text.str_similarity_check
                0x0000000000004a2c       0x66 Output/Transmitter Debug/Obj/nrf_cli.o
 *fill*         0x0000000000004a92        0x2 
 .text.completion_insert
                0x0000000000004a94      0x114 Output/Transmitter Debug/Obj/nrf_cli.o
 .text.option_print
                0x0000000000004ba8       0xcc Output/Transmitter Debug/Obj/nrf_cli.o
 .text.is_completion_candidate
                0x0000000000004c74       0x28 Output/Transmitter Debug/Obj/nrf_cli.o
 .text.cli_tab_handle
                0x0000000000004c9c      0x444 Output/Transmitter Debug/Obj/nrf_cli.o
 .text.process_nl
                0x00000000000050e0       0x60 Output/Transmitter Debug/Obj/nrf_cli.o
 .text.ascii_filter
                0x0000000000005140       0x1c Output/Transmitter Debug/Obj/nrf_cli.o
 .text.cli_state_collect
                0x000000000000515c      0x328 Output/Transmitter Debug/Obj/nrf_cli.o
 .text.cmd_trim
                0x0000000000005484      0x140 Output/Transmitter Debug/Obj/nrf_cli.o
 .text.cli_execute
                0x00000000000055c4      0x250 Output/Transmitter Debug/Obj/nrf_cli.o
 .text.string_cmp
                0x0000000000005814       0x50 Output/Transmitter Debug/Obj/nrf_cli.o
 .text.cli_transport_evt_handler
                0x0000000000005864       0x44 Output/Transmitter Debug/Obj/nrf_cli.o
 .text.nrf_cli_instance_init
                0x00000000000058a8      0x19c Output/Transmitter Debug/Obj/nrf_cli.o
 .text.nrf_cli_init
                0x0000000000005a44       0x48 Output/Transmitter Debug/Obj/nrf_cli.o
                0x0000000000005a44                nrf_cli_init
 .text.nrf_cli_start
                0x0000000000005a8c       0x98 Output/Transmitter Debug/Obj/nrf_cli.o
                0x0000000000005a8c                nrf_cli_start
 .text.nrf_cli_process
                0x0000000000005b24      0x100 Output/Transmitter Debug/Obj/nrf_cli.o
                0x0000000000005b24                nrf_cli_process
 .text.nrf_cli_print_stream
                0x0000000000005c24       0x1e Output/Transmitter Debug/Obj/nrf_cli.o
                0x0000000000005c24                nrf_cli_print_stream
 *fill*         0x0000000000005c42        0x2 
 .text.nrf_cli_fprintf
                0x0000000000005c44       0xc8 Output/Transmitter Debug/Obj/nrf_cli.o
                0x0000000000005c44                nrf_cli_fprintf
 .text.format_offset_string_print
                0x0000000000005d0c      0x18e Output/Transmitter Debug/Obj/nrf_cli.o
 *fill*         0x0000000000005e9a        0x2 
 .text.nrf_cli_help_print
                0x0000000000005e9c      0x4b4 Output/Transmitter Debug/Obj/nrf_cli.o
                0x0000000000005e9c                nrf_cli_help_print
 .text.cli_log_entry_process
                0x0000000000006350       0x12 Output/Transmitter Debug/Obj/nrf_cli.o
 *fill*         0x0000000000006362        0x2 
 .text.nrf_cli_build_in_cmd_common_executed
                0x0000000000006364       0x54 Output/Transmitter Debug/Obj/nrf_cli.o
 .text.nrf_cli_cmd_clear
                0x00000000000063b8       0xd0 Output/Transmitter Debug/Obj/nrf_cli.o
 .text.nrf_cli_cmd_cli
                0x0000000000006488       0x78 Output/Transmitter Debug/Obj/nrf_cli.o
 .text.nrf_cli_cmd_colors_off
                0x0000000000006500       0x40 Output/Transmitter Debug/Obj/nrf_cli.o
 .text.nrf_cli_cmd_colors_on
                0x0000000000006540       0x40 Output/Transmitter Debug/Obj/nrf_cli.o
 .text.nrf_cli_cmd_colors
                0x0000000000006580       0x9c Output/Transmitter Debug/Obj/nrf_cli.o
 .text.nrf_cli_cmd_echo
                0x000000000000661c       0x84 Output/Transmitter Debug/Obj/nrf_cli.o
 .text.nrf_cli_cmd_echo_off
                0x00000000000066a0       0x36 Output/Transmitter Debug/Obj/nrf_cli.o
 .text.nrf_cli_cmd_echo_on
                0x00000000000066d6       0x36 Output/Transmitter Debug/Obj/nrf_cli.o
 .text.nrf_cli_cmd_history
                0x000000000000670c       0xd0 Output/Transmitter Debug/Obj/nrf_cli.o
 .text.nrf_cli_cmd_cli_stats
                0x00000000000067dc       0x64 Output/Transmitter Debug/Obj/nrf_cli.o
                0x00000000000067dc                nrf_cli_cmd_cli_stats
 .text.nrf_cli_cmd_cli_stats_show
                0x0000000000006840       0x88 Output/Transmitter Debug/Obj/nrf_cli.o
                0x0000000000006840                nrf_cli_cmd_cli_stats_show
 .text.nrf_cli_cmd_cli_stats_reset
                0x00000000000068c8       0x48 Output/Transmitter Debug/Obj/nrf_cli.o
                0x00000000000068c8                nrf_cli_cmd_cli_stats_reset
 .text.nrf_cli_cmd_resize_default
                0x0000000000006910       0x7c Output/Transmitter Debug/Obj/nrf_cli.o
 .text.nrf_cli_cmd_resize
                0x000000000000698c       0xd0 Output/Transmitter Debug/Obj/nrf_cli.o
 .text.nrf_drv_uart_uninit
                0x0000000000006a5c       0x44 Output/Transmitter Debug/Obj/nrf_cli_uart.o
 .text.nrf_drv_uart_tx
                0x0000000000006aa0       0x64 Output/Transmitter Debug/Obj/nrf_cli_uart.o
 .text.nrf_drv_uart_tx_in_progress
                0x0000000000006b04       0x5c Output/Transmitter Debug/Obj/nrf_cli_uart.o
 .text.nrf_drv_uart_rx
                0x0000000000006b60       0x64 Output/Transmitter Debug/Obj/nrf_cli_uart.o
 .text.nrf_drv_uart_rx_abort
                0x0000000000006bc4       0x44 Output/Transmitter Debug/Obj/nrf_cli_uart.o
 .text.rx_try   0x0000000000006c08       0x70 Output/Transmitter Debug/Obj/nrf_cli_uart.o
 .text.uart_event_handler
                0x0000000000006c78      0x15c Output/Transmitter Debug/Obj/nrf_cli_uart.o
 .text.timer_handler
                0x0000000000006dd4       0x1c Output/Transmitter Debug/Obj/nrf_cli_uart.o
 .text.cli_uart_init
                0x0000000000006df0       0x88 Output/Transmitter Debug/Obj/nrf_cli_uart.o
 .text.cli_uart_uninit
                0x0000000000006e78       0x2a Output/Transmitter Debug/Obj/nrf_cli_uart.o
 *fill*         0x0000000000006ea2        0x2 
 .text.cli_uart_enable
                0x0000000000006ea4       0xc8 Output/Transmitter Debug/Obj/nrf_cli_uart.o
 .text.cli_uart_read
                0x0000000000006f6c       0x44 Output/Transmitter Debug/Obj/nrf_cli_uart.o
 .text.cli_uart_write
                0x0000000000006fb0       0xac Output/Transmitter Debug/Obj/nrf_cli_uart.o
 .text.nrf_pwr_mgmt_feed
                0x000000000000705c        0x4 Output/Transmitter Debug/Obj/nrf_pwr_mgmt.o
                0x000000000000705c                nrf_pwr_mgmt_feed
 .text.nrf_cli_help_requested
                0x0000000000007060       0x22 Output/Transmitter Debug/Obj/nrf_queue.o
 *fill*         0x0000000000007082        0x2 
 .text.nrf_queue_status
                0x0000000000007084      0x100 Output/Transmitter Debug/Obj/nrf_queue.o
 .text.circullar_buffer_size_get
                0x0000000000007184       0x18 Output/Transmitter Debug/Obj/nrf_queue.o
 .text.queue_utilization_get
                0x000000000000719c       0x3e Output/Transmitter Debug/Obj/nrf_queue.o
 *fill*         0x00000000000071da        0x2 
 .text.nrf_queue_utilization_get
                0x00000000000071dc       0x38 Output/Transmitter Debug/Obj/nrf_queue.o
                0x00000000000071dc                nrf_queue_utilization_get
 .text.nrf_queue_max_utilization_get
                0x0000000000007214       0x28 Output/Transmitter Debug/Obj/nrf_queue.o
                0x0000000000007214                nrf_queue_max_utilization_get
 .text.nrf_queue_max_utilization_reset
                0x000000000000723c       0x2c Output/Transmitter Debug/Obj/nrf_queue.o
                0x000000000000723c                nrf_queue_max_utilization_reset
 .text.state_get
                0x0000000000007268       0x4c Output/Transmitter Debug/Obj/app_button.o
 .text.state_set
                0x00000000000072b4       0x98 Output/Transmitter Debug/Obj/app_button.o
 .text.button_get
                0x000000000000734c       0x5c Output/Transmitter Debug/Obj/app_button.o
 .text.usr_event
                0x00000000000073a8       0x44 Output/Transmitter Debug/Obj/app_button.o
 .text.evt_handle
                0x00000000000073ec      0x19c Output/Transmitter Debug/Obj/app_button.o
                0x00000000000073ec                evt_handle
 .text.timer_start
                0x0000000000007588       0x28 Output/Transmitter Debug/Obj/app_button.o
 .text.detection_delay_timeout_handler
                0x00000000000075b0       0x8c Output/Transmitter Debug/Obj/app_button.o
 .text.gpiote_event_handler
                0x000000000000763c       0x6c Output/Transmitter Debug/Obj/app_button.o
 .text.app_button_init
                0x00000000000076a8      0x110 Output/Transmitter Debug/Obj/app_button.o
                0x00000000000076a8                app_button_init
 .text.app_button_enable
                0x00000000000077b8       0x58 Output/Transmitter Debug/Obj/app_button.o
                0x00000000000077b8                app_button_enable
 .text.bsp_button_event_handler
                0x0000000000007810      0x130 Output/Transmitter Debug/Obj/bsp.o
 .text.button_timer_handler
                0x0000000000007940       0x1a Output/Transmitter Debug/Obj/bsp.o
 *fill*         0x000000000000795a        0x2 
 .text.leds_off
                0x000000000000795c       0x3c Output/Transmitter Debug/Obj/bsp.o
 .text.bsp_led_indication
                0x0000000000007998      0x4a4 Output/Transmitter Debug/Obj/bsp.o
 .text.leds_timer_handler
                0x0000000000007e3c       0x2c Output/Transmitter Debug/Obj/bsp.o
 .text.alert_timer_handler
                0x0000000000007e68       0x14 Output/Transmitter Debug/Obj/bsp.o
 .text.bsp_init
                0x0000000000007e7c       0xdc Output/Transmitter Debug/Obj/bsp.o
                0x0000000000007e7c                bsp_init
 .text.bsp_event_to_button_action_assign
                0x0000000000007f58       0xa4 Output/Transmitter Debug/Obj/bsp.o
                0x0000000000007f58                bsp_event_to_button_action_assign
 .text.init     0x0000000000007ffc       0x94 Output/Transmitter Debug/Obj/main.o
                0x0000000000007ffc                init
 .text.main     0x0000000000008090       0x2a Output/Transmitter Debug/Obj/main.o
                0x0000000000008090                main
 .text.nrf_drv_spi_transfer
                0x00000000000080ba       0x42 Output/Transmitter Debug/Obj/allspi.o
 .text.allspi_init
                0x00000000000080fc       0x58 Output/Transmitter Debug/Obj/allspi.o
                0x00000000000080fc                allspi_init
 .text.allspi_transfer
                0x0000000000008154       0x4c Output/Transmitter Debug/Obj/allspi.o
                0x0000000000008154                allspi_transfer
 .text.radio_init
                0x00000000000081a0       0x74 Output/Transmitter Debug/Obj/allradio.o
                0x00000000000081a0                radio_init
 .text.radio_disable
                0x0000000000008214       0x34 Output/Transmitter Debug/Obj/allradio.o
 .text.set_channel
                0x0000000000008248       0x50 Output/Transmitter Debug/Obj/allradio.o
                0x0000000000008248                set_channel
 .text.get_channel
                0x0000000000008298       0x10 Output/Transmitter Debug/Obj/allradio.o
                0x0000000000008298                get_channel
 .text.set_power
                0x00000000000082a8       0x30 Output/Transmitter Debug/Obj/allradio.o
                0x00000000000082a8                set_power
 .text.get_power
                0x00000000000082d8       0x10 Output/Transmitter Debug/Obj/allradio.o
                0x00000000000082d8                get_power
 .text.send_data
                0x00000000000082e8       0x7c Output/Transmitter Debug/Obj/allradio.o
                0x00000000000082e8                send_data
 .text.check_power
                0x0000000000008364       0x84 Output/Transmitter Debug/Obj/allradio.o
                0x0000000000008364                check_power
 .text.best_channel_in_range
                0x00000000000083e8       0xb2 Output/Transmitter Debug/Obj/allradio.o
                0x00000000000083e8                best_channel_in_range
 .text.best_channel
                0x000000000000849a       0x10 Output/Transmitter Debug/Obj/allradio.o
                0x000000000000849a                best_channel
 *fill*         0x00000000000084aa        0x2 
 .text.power_to_str
                0x00000000000084ac      0x16c Output/Transmitter Debug/Obj/allradio.o
                0x00000000000084ac                power_to_str
 .text.allcli_init
                0x0000000000008618       0x5c Output/Transmitter Debug/Obj/allcli.o
                0x0000000000008618                allcli_init
 .text.allcli_start
                0x0000000000008674       0x30 Output/Transmitter Debug/Obj/allcli.o
                0x0000000000008674                allcli_start
 .text.allcli_process
                0x00000000000086a4       0x10 Output/Transmitter Debug/Obj/allcli.o
                0x00000000000086a4                allcli_process
 .text.report_spi_status
                0x00000000000086b4       0x70 Output/Transmitter Debug/Obj/allcli.o
                0x00000000000086b4                report_spi_status
 .text.report_test_result
                0x0000000000008724       0xfc Output/Transmitter Debug/Obj/allcli.o
                0x0000000000008724                report_test_result
 .text.cmd_help
                0x0000000000008820       0x20 Output/Transmitter Debug/Obj/allcli.o
 .text.cmd_set_channel
                0x0000000000008840       0xbc Output/Transmitter Debug/Obj/allcli.o
 .text.cmd_set_delay
                0x00000000000088fc       0x58 Output/Transmitter Debug/Obj/allcli.o
 .text.cmd_check_transmitter
                0x0000000000008954       0x58 Output/Transmitter Debug/Obj/allcli.o
 .text.cmd_check_receiver
                0x00000000000089ac       0x18 Output/Transmitter Debug/Obj/allcli.o
 .text.cmd_loopback
                0x00000000000089c4      0x16c Output/Transmitter Debug/Obj/allcli.o
 .text.unfinished
                0x0000000000008b30       0x20 Output/Transmitter Debug/Obj/allcli.o
 .text.nrfx_coredep_delay_us
                0x0000000000008b50       0x30 Output/Transmitter Debug/Obj/transmitter.o
 .text.nrf_delay_ms
                0x0000000000008b80       0x2a Output/Transmitter Debug/Obj/transmitter.o
 *fill*         0x0000000000008baa        0x2 
 .text.cmd_deliver
                0x0000000000008bac       0xc4 Output/Transmitter Debug/Obj/transmitter.o
 .text.transmitter_set_channel
                0x0000000000008c70       0x3e Output/Transmitter Debug/Obj/transmitter.o
                0x0000000000008c70                transmitter_set_channel
 .text.diff_bits
                0x0000000000008cae       0x62 Output/Transmitter Debug/Obj/transmitter.o
 .text.transmitter_transfer_pack
                0x0000000000008d10      0x120 Output/Transmitter Debug/Obj/transmitter.o
                0x0000000000008d10                transmitter_transfer_pack
 .text.NVIC_SystemReset
                0x0000000000008e30       0x2c Output/Transmitter Debug/Obj/system_nrf52840.o
 .text.SystemCoreClockUpdate
                0x0000000000008e5c       0x14 Output/Transmitter Debug/Obj/system_nrf52840.o
                0x0000000000008e5c                SystemCoreClockUpdate
 .text.SystemInit
                0x0000000000008e70      0x254 Output/Transmitter Debug/Obj/system_nrf52840.o
                0x0000000000008e70                SystemInit
 .text.errata_36
                0x00000000000090c4       0x48 Output/Transmitter Debug/Obj/system_nrf52840.o
 .text.errata_66
                0x000000000000910c       0x48 Output/Transmitter Debug/Obj/system_nrf52840.o
 .text.errata_98
                0x0000000000009154       0x24 Output/Transmitter Debug/Obj/system_nrf52840.o
 .text.errata_103
                0x0000000000009178       0x24 Output/Transmitter Debug/Obj/system_nrf52840.o
 .text.errata_115
                0x000000000000919c       0x24 Output/Transmitter Debug/Obj/system_nrf52840.o
 .text.errata_120
                0x00000000000091c0       0x24 Output/Transmitter Debug/Obj/system_nrf52840.o
 .text.errata_136
                0x00000000000091e4       0x48 Output/Transmitter Debug/Obj/system_nrf52840.o
 .text.spim_evt_handler
                0x000000000000922c       0x5c Output/Transmitter Debug/Obj/nrf_drv_spi.o
 .text.nrf_drv_spi_init
                0x0000000000009288       0xac Output/Transmitter Debug/Obj/nrf_drv_spi.o
                0x0000000000009288                nrf_drv_spi_init
 .text.uarte_evt_handler
                0x0000000000009334       0x50 Output/Transmitter Debug/Obj/nrf_drv_uart.o
 .text.uart_evt_handler
                0x0000000000009384       0x50 Output/Transmitter Debug/Obj/nrf_drv_uart.o
 .text.nrf_drv_uart_init
                0x00000000000093d4       0xdc Output/Transmitter Debug/Obj/nrf_drv_uart.o
                0x00000000000093d4                nrf_drv_uart_init
 .text.NVIC_EnableIRQ
                0x00000000000094b0       0x2c Output/Transmitter Debug/Obj/nrfx_gpiote.o
 .text.NVIC_SetPriority
                0x00000000000094dc       0x50 Output/Transmitter Debug/Obj/nrfx_gpiote.o
 .text._NRFX_IRQ_PRIORITY_SET
                0x000000000000952c       0x40 Output/Transmitter Debug/Obj/nrfx_gpiote.o
 .text._NRFX_IRQ_ENABLE
                0x000000000000956c       0x1c Output/Transmitter Debug/Obj/nrfx_gpiote.o
 .text.nrf_gpiote_event_is_set
                0x0000000000009588       0x2a Output/Transmitter Debug/Obj/nrfx_gpiote.o
 .text.nrf_gpiote_event_clear
                0x00000000000095b2       0x36 Output/Transmitter Debug/Obj/nrfx_gpiote.o
 .text.nrf_gpiote_event_addr_get
                0x00000000000095e8       0x1a Output/Transmitter Debug/Obj/nrfx_gpiote.o
 *fill*         0x0000000000009602        0x2 
 .text.nrf_gpiote_int_enable
                0x0000000000009604       0x18 Output/Transmitter Debug/Obj/nrfx_gpiote.o
 .text.nrf_gpiote_int_is_enabled
                0x000000000000961c       0x18 Output/Transmitter Debug/Obj/nrfx_gpiote.o
 .text.nrf_gpiote_event_enable
                0x0000000000009634       0x2c Output/Transmitter Debug/Obj/nrfx_gpiote.o
 .text.nrf_gpiote_event_configure
                0x0000000000009660       0x64 Output/Transmitter Debug/Obj/nrfx_gpiote.o
 .text.nrf_gpiote_event_pin_get
                0x00000000000096c4       0x20 Output/Transmitter Debug/Obj/nrfx_gpiote.o
 .text.nrf_gpiote_event_polarity_get
                0x00000000000096e4       0x24 Output/Transmitter Debug/Obj/nrfx_gpiote.o
 .text.nrf_gpio_pin_port_decode
                0x0000000000009708       0x44 Output/Transmitter Debug/Obj/nrfx_gpiote.o
 .text.nrf_gpio_cfg
                0x000000000000974c       0x62 Output/Transmitter Debug/Obj/nrfx_gpiote.o
 .text.nrf_gpio_cfg_input
                0x00000000000097ae       0x2a Output/Transmitter Debug/Obj/nrfx_gpiote.o
 .text.nrf_gpio_cfg_watcher
                0x00000000000097d8       0x38 Output/Transmitter Debug/Obj/nrfx_gpiote.o
 .text.nrf_gpio_cfg_sense_set
                0x0000000000009810       0x5c Output/Transmitter Debug/Obj/nrfx_gpiote.o
 .text.nrf_gpio_pin_read
                0x000000000000986c       0x2a Output/Transmitter Debug/Obj/nrfx_gpiote.o
 .text.nrf_gpio_pin_sense_get
                0x0000000000009896       0x2c Output/Transmitter Debug/Obj/nrfx_gpiote.o
 .text.nrf_gpio_port_in_read
                0x00000000000098c2       0x10 Output/Transmitter Debug/Obj/nrfx_gpiote.o
 *fill*         0x00000000000098d2        0x2 
 .text.nrf_gpio_ports_read
                0x00000000000098d4       0x74 Output/Transmitter Debug/Obj/nrfx_gpiote.o
 .text.nrf_bitmask_bit_is_set
                0x0000000000009948       0x30 Output/Transmitter Debug/Obj/nrfx_gpiote.o
 .text.nrf_bitmask_bit_set
                0x0000000000009978       0x40 Output/Transmitter Debug/Obj/nrfx_gpiote.o
 .text.pin_in_use_by_te
                0x00000000000099b8       0x3c Output/Transmitter Debug/Obj/nrfx_gpiote.o
 .text.pin_in_use_by_port
                0x00000000000099f4       0x24 Output/Transmitter Debug/Obj/nrfx_gpiote.o
 .text.pin_in_use_by_gpiote
                0x0000000000009a18       0x24 Output/Transmitter Debug/Obj/nrfx_gpiote.o
 .text.pin_in_use_by_te_set
                0x0000000000009a3c       0x50 Output/Transmitter Debug/Obj/nrfx_gpiote.o
 .text.pin_in_use_clear
                0x0000000000009a8c       0x1c Output/Transmitter Debug/Obj/nrfx_gpiote.o
 .text.pin_configured_set
                0x0000000000009aa8       0x1c Output/Transmitter Debug/Obj/nrfx_gpiote.o
 .text.channel_port_get
                0x0000000000009ac4       0x1c Output/Transmitter Debug/Obj/nrfx_gpiote.o
 .text.channel_handler_get
                0x0000000000009ae0       0x18 Output/Transmitter Debug/Obj/nrfx_gpiote.o
 .text.channel_port_alloc
                0x0000000000009af8       0x7c Output/Transmitter Debug/Obj/nrfx_gpiote.o
 .text.channel_free
                0x0000000000009b74       0x38 Output/Transmitter Debug/Obj/nrfx_gpiote.o
 .text.nrfx_gpiote_init
                0x0000000000009bac       0xa4 Output/Transmitter Debug/Obj/nrfx_gpiote.o
                0x0000000000009bac                nrfx_gpiote_init
 .text.nrfx_gpiote_is_init
                0x0000000000009c50       0x18 Output/Transmitter Debug/Obj/nrfx_gpiote.o
                0x0000000000009c50                nrfx_gpiote_is_init
 .text.nrfx_gpiote_in_init
                0x0000000000009c68       0xf4 Output/Transmitter Debug/Obj/nrfx_gpiote.o
                0x0000000000009c68                nrfx_gpiote_in_init
 .text.nrfx_gpiote_in_event_enable
                0x0000000000009d5c      0x110 Output/Transmitter Debug/Obj/nrfx_gpiote.o
                0x0000000000009d5c                nrfx_gpiote_in_event_enable
 .text.nrfx_gpiote_in_is_set
                0x0000000000009e6c       0x34 Output/Transmitter Debug/Obj/nrfx_gpiote.o
                0x0000000000009e6c                nrfx_gpiote_in_is_set
 .text.GPIOTE_IRQHandler
                0x0000000000009ea0      0x2e8 Output/Transmitter Debug/Obj/nrfx_gpiote.o
                0x0000000000009ea0                GPIOTE_IRQHandler
 .text.UARTE0_UART0_IRQHandler
                0x000000000000a188       0x24 Output/Transmitter Debug/Obj/nrfx_prs.o
                0x000000000000a188                UARTE0_UART0_IRQHandler
 .text.prs_box_get
                0x000000000000a1ac       0x20 Output/Transmitter Debug/Obj/nrfx_prs.o
 .text.nrfx_prs_acquire
                0x000000000000a1cc       0x74 Output/Transmitter Debug/Obj/nrfx_prs.o
                0x000000000000a1cc                nrfx_prs_acquire
 .text.nrfx_prs_release
                0x000000000000a240       0x3c Output/Transmitter Debug/Obj/nrfx_prs.o
                0x000000000000a240                nrfx_prs_release
 .text.NVIC_EnableIRQ
                0x000000000000a27c       0x2c Output/Transmitter Debug/Obj/nrfx_spim.o
 .text.NVIC_SetPriority
                0x000000000000a2a8       0x50 Output/Transmitter Debug/Obj/nrfx_spim.o
 .text.nrfx_is_in_ram
                0x000000000000a2f8       0x1c Output/Transmitter Debug/Obj/nrfx_spim.o
 .text.nrfx_get_irq_number
                0x000000000000a314       0x10 Output/Transmitter Debug/Obj/nrfx_spim.o
 .text._NRFX_IRQ_PRIORITY_SET
                0x000000000000a324       0x40 Output/Transmitter Debug/Obj/nrfx_spim.o
 .text._NRFX_IRQ_ENABLE
                0x000000000000a364       0x1c Output/Transmitter Debug/Obj/nrfx_spim.o
 .text.nrf_spim_task_trigger
                0x000000000000a380       0x1c Output/Transmitter Debug/Obj/nrfx_spim.o
 .text.nrf_spim_event_clear
                0x000000000000a39c       0x2a Output/Transmitter Debug/Obj/nrfx_spim.o
 .text.nrf_spim_event_check
                0x000000000000a3c6       0x24 Output/Transmitter Debug/Obj/nrfx_spim.o
 .text.nrf_spim_int_enable
                0x000000000000a3ea       0x14 Output/Transmitter Debug/Obj/nrfx_spim.o
 .text.nrf_spim_int_disable
                0x000000000000a3fe       0x14 Output/Transmitter Debug/Obj/nrfx_spim.o
 .text.nrf_spim_enable
                0x000000000000a412       0x12 Output/Transmitter Debug/Obj/nrfx_spim.o
 .text.nrf_spim_pins_set
                0x000000000000a424       0x28 Output/Transmitter Debug/Obj/nrfx_spim.o
 .text.nrf_spim_frequency_set
                0x000000000000a44c       0x14 Output/Transmitter Debug/Obj/nrfx_spim.o
 .text.nrf_spim_tx_buffer_set
                0x000000000000a460       0x1e Output/Transmitter Debug/Obj/nrfx_spim.o
 .text.nrf_spim_rx_buffer_set
                0x000000000000a47e       0x1e Output/Transmitter Debug/Obj/nrfx_spim.o
 .text.nrf_spim_configure
                0x000000000000a49c       0x64 Output/Transmitter Debug/Obj/nrfx_spim.o
 .text.nrf_spim_orc_set
                0x000000000000a500       0x1a Output/Transmitter Debug/Obj/nrfx_spim.o
 .text.nrf_spim_tx_list_enable
                0x000000000000a51a       0x12 Output/Transmitter Debug/Obj/nrfx_spim.o
 .text.nrf_spim_tx_list_disable
                0x000000000000a52c       0x12 Output/Transmitter Debug/Obj/nrfx_spim.o
 .text.nrf_spim_rx_list_enable
                0x000000000000a53e       0x12 Output/Transmitter Debug/Obj/nrfx_spim.o
 .text.nrf_spim_rx_list_disable
                0x000000000000a550       0x12 Output/Transmitter Debug/Obj/nrfx_spim.o
 *fill*         0x000000000000a562        0x2 
 .text.nrf_gpio_pin_port_decode
                0x000000000000a564       0x44 Output/Transmitter Debug/Obj/nrfx_spim.o
 .text.nrf_gpio_cfg
                0x000000000000a5a8       0x62 Output/Transmitter Debug/Obj/nrfx_spim.o
 .text.nrf_gpio_cfg_output
                0x000000000000a60a       0x22 Output/Transmitter Debug/Obj/nrfx_spim.o
 .text.nrf_gpio_cfg_input
                0x000000000000a62c       0x2a Output/Transmitter Debug/Obj/nrfx_spim.o
 .text.nrf_gpio_pin_set
                0x000000000000a656       0x28 Output/Transmitter Debug/Obj/nrfx_spim.o
 .text.nrf_gpio_pin_clear
                0x000000000000a67e       0x28 Output/Transmitter Debug/Obj/nrfx_spim.o
 .text.nrf_gpio_port_out_set
                0x000000000000a6a6       0x14 Output/Transmitter Debug/Obj/nrfx_spim.o
 .text.nrf_gpio_port_out_clear
                0x000000000000a6ba       0x14 Output/Transmitter Debug/Obj/nrfx_spim.o
 *fill*         0x000000000000a6ce        0x2 
 .text.nrfx_spim_init
                0x000000000000a6d0      0x1e0 Output/Transmitter Debug/Obj/nrfx_spim.o
                0x000000000000a6d0                nrfx_spim_init
 .text.finish_transfer
                0x000000000000a8b0       0x52 Output/Transmitter Debug/Obj/nrfx_spim.o
 .text.spim_int_enable
                0x000000000000a902       0x34 Output/Transmitter Debug/Obj/nrfx_spim.o
 .text.spim_list_enable_handle
                0x000000000000a936       0x40 Output/Transmitter Debug/Obj/nrfx_spim.o
 .text.spim_xfer
                0x000000000000a976      0x108 Output/Transmitter Debug/Obj/nrfx_spim.o
 *fill*         0x000000000000aa7e        0x2 
 .text.nrfx_spim_xfer
                0x000000000000aa80      0x10c Output/Transmitter Debug/Obj/nrfx_spim.o
                0x000000000000aa80                nrfx_spim_xfer
 .text.irq_handler
                0x000000000000ab8c       0x48 Output/Transmitter Debug/Obj/nrfx_spim.o
 .text.SPIM0_SPIS0_TWIM0_TWIS0_SPI0_TWI0_IRQHandler
                0x000000000000abd4       0x18 Output/Transmitter Debug/Obj/nrfx_spim.o
                0x000000000000abd4                SPIM0_SPIS0_TWIM0_TWIS0_SPI0_TWI0_IRQHandler
 .text.NVIC_EnableIRQ
                0x000000000000abec       0x2c Output/Transmitter Debug/Obj/nrfx_uart.o
 .text.NVIC_DisableIRQ
                0x000000000000ac18       0x30 Output/Transmitter Debug/Obj/nrfx_uart.o
 .text.NVIC_SetPriority
                0x000000000000ac48       0x50 Output/Transmitter Debug/Obj/nrfx_uart.o
 .text.nrfx_get_irq_number
                0x000000000000ac98       0x10 Output/Transmitter Debug/Obj/nrfx_uart.o
 .text._NRFX_IRQ_PRIORITY_SET
                0x000000000000aca8       0x40 Output/Transmitter Debug/Obj/nrfx_uart.o
 .text._NRFX_IRQ_ENABLE
                0x000000000000ace8       0x1c Output/Transmitter Debug/Obj/nrfx_uart.o
 .text._NRFX_IRQ_DISABLE
                0x000000000000ad04       0x1c Output/Transmitter Debug/Obj/nrfx_uart.o
 .text.nrf_uart_event_clear
                0x000000000000ad20       0x2a Output/Transmitter Debug/Obj/nrfx_uart.o
 .text.nrf_uart_event_check
                0x000000000000ad4a       0x24 Output/Transmitter Debug/Obj/nrfx_uart.o
 .text.nrf_uart_int_enable
                0x000000000000ad6e       0x14 Output/Transmitter Debug/Obj/nrfx_uart.o
 .text.nrf_uart_int_enable_check
                0x000000000000ad82       0x20 Output/Transmitter Debug/Obj/nrfx_uart.o
 .text.nrf_uart_int_disable
                0x000000000000ada2       0x14 Output/Transmitter Debug/Obj/nrfx_uart.o
 .text.nrf_uart_errorsrc_get_and_clear
                0x000000000000adb6       0x1c Output/Transmitter Debug/Obj/nrfx_uart.o
 .text.nrf_uart_enable
                0x000000000000add2       0x12 Output/Transmitter Debug/Obj/nrfx_uart.o
 .text.nrf_uart_disable
                0x000000000000ade4       0x12 Output/Transmitter Debug/Obj/nrfx_uart.o
 .text.nrf_uart_txrx_pins_set
                0x000000000000adf6       0x1e Output/Transmitter Debug/Obj/nrfx_uart.o
 .text.nrf_uart_txrx_pins_disconnect
                0x000000000000ae14       0x1c Output/Transmitter Debug/Obj/nrfx_uart.o
 .text.nrf_uart_tx_pin_get
                0x000000000000ae30       0x10 Output/Transmitter Debug/Obj/nrfx_uart.o
 .text.nrf_uart_rx_pin_get
                0x000000000000ae40       0x10 Output/Transmitter Debug/Obj/nrfx_uart.o
 .text.nrf_uart_rts_pin_get
                0x000000000000ae50       0x10 Output/Transmitter Debug/Obj/nrfx_uart.o
 .text.nrf_uart_cts_pin_get
                0x000000000000ae60       0x10 Output/Transmitter Debug/Obj/nrfx_uart.o
 .text.nrf_uart_hwfc_pins_set
                0x000000000000ae70       0x1e Output/Transmitter Debug/Obj/nrfx_uart.o
 .text.nrf_uart_hwfc_pins_disconnect
                0x000000000000ae8e       0x1c Output/Transmitter Debug/Obj/nrfx_uart.o
 .text.nrf_uart_rxd_get
                0x000000000000aeaa       0x12 Output/Transmitter Debug/Obj/nrfx_uart.o
 .text.nrf_uart_txd_set
                0x000000000000aebc       0x1a Output/Transmitter Debug/Obj/nrfx_uart.o
 .text.nrf_uart_task_trigger
                0x000000000000aed6       0x1c Output/Transmitter Debug/Obj/nrfx_uart.o
 .text.nrf_uart_configure
                0x000000000000aef2       0x2a Output/Transmitter Debug/Obj/nrfx_uart.o
 .text.nrf_uart_baudrate_set
                0x000000000000af1c       0x14 Output/Transmitter Debug/Obj/nrfx_uart.o
 .text.nrf_gpio_pin_port_decode
                0x000000000000af30       0x44 Output/Transmitter Debug/Obj/nrfx_uart.o
 .text.nrf_gpio_cfg
                0x000000000000af74       0x62 Output/Transmitter Debug/Obj/nrfx_uart.o
 .text.nrf_gpio_cfg_output
                0x000000000000afd6       0x22 Output/Transmitter Debug/Obj/nrfx_uart.o
 .text.nrf_gpio_cfg_input
                0x000000000000aff8       0x2a Output/Transmitter Debug/Obj/nrfx_uart.o
 .text.nrf_gpio_cfg_default
                0x000000000000b022       0x22 Output/Transmitter Debug/Obj/nrfx_uart.o
 .text.nrf_gpio_pin_set
                0x000000000000b044       0x28 Output/Transmitter Debug/Obj/nrfx_uart.o
 .text.nrf_gpio_port_out_set
                0x000000000000b06c       0x14 Output/Transmitter Debug/Obj/nrfx_uart.o
 .text.apply_config
                0x000000000000b080       0xc6 Output/Transmitter Debug/Obj/nrfx_uart.o
 *fill*         0x000000000000b146        0x2 
 .text.interrupts_enable
                0x000000000000b148       0x6c Output/Transmitter Debug/Obj/nrfx_uart.o
 .text.interrupts_disable
                0x000000000000b1b4       0x30 Output/Transmitter Debug/Obj/nrfx_uart.o
 .text.pins_to_default
                0x000000000000b1e4       0x8a Output/Transmitter Debug/Obj/nrfx_uart.o
 *fill*         0x000000000000b26e        0x2 
 .text.nrfx_uart_init
                0x000000000000b270       0xd4 Output/Transmitter Debug/Obj/nrfx_uart.o
                0x000000000000b270                nrfx_uart_init
 .text.nrfx_uart_uninit
                0x000000000000b344       0x5c Output/Transmitter Debug/Obj/nrfx_uart.o
                0x000000000000b344                nrfx_uart_uninit
 .text.tx_byte  0x000000000000b3a0       0x40 Output/Transmitter Debug/Obj/nrfx_uart.o
 .text.tx_blocking
                0x000000000000b3e0       0x52 Output/Transmitter Debug/Obj/nrfx_uart.o
 *fill*         0x000000000000b432        0x2 
 .text.nrfx_uart_tx
                0x000000000000b434      0x110 Output/Transmitter Debug/Obj/nrfx_uart.o
                0x000000000000b434                nrfx_uart_tx
 .text.nrfx_uart_tx_in_progress
                0x000000000000b544       0x2c Output/Transmitter Debug/Obj/nrfx_uart.o
                0x000000000000b544                nrfx_uart_tx_in_progress
 .text.rx_enable
                0x000000000000b570       0x36 Output/Transmitter Debug/Obj/nrfx_uart.o
 .text.rx_byte  0x000000000000b5a6       0x4e Output/Transmitter Debug/Obj/nrfx_uart.o
 .text.nrfx_uart_rx
                0x000000000000b5f4      0x21c Output/Transmitter Debug/Obj/nrfx_uart.o
                0x000000000000b5f4                nrfx_uart_rx
 .text.rx_done_event
                0x000000000000b810       0x2e Output/Transmitter Debug/Obj/nrfx_uart.o
 .text.tx_done_event
                0x000000000000b83e       0x34 Output/Transmitter Debug/Obj/nrfx_uart.o
 .text.nrfx_uart_rx_abort
                0x000000000000b872       0x28 Output/Transmitter Debug/Obj/nrfx_uart.o
                0x000000000000b872                nrfx_uart_rx_abort
 .text.uart_irq_handler
                0x000000000000b89a      0x1de Output/Transmitter Debug/Obj/nrfx_uart.o
 .text.nrfx_uart_0_irq_handler
                0x000000000000ba78       0x18 Output/Transmitter Debug/Obj/nrfx_uart.o
                0x000000000000ba78                nrfx_uart_0_irq_handler
 .text.NVIC_EnableIRQ
                0x000000000000ba90       0x2c Output/Transmitter Debug/Obj/nrfx_uarte.o
 .text.NVIC_DisableIRQ
                0x000000000000babc       0x30 Output/Transmitter Debug/Obj/nrfx_uarte.o
 .text.NVIC_SetPriority
                0x000000000000baec       0x50 Output/Transmitter Debug/Obj/nrfx_uarte.o
 .text.nrfx_is_in_ram
                0x000000000000bb3c       0x1c Output/Transmitter Debug/Obj/nrfx_uarte.o
 .text.nrfx_get_irq_number
                0x000000000000bb58       0x10 Output/Transmitter Debug/Obj/nrfx_uarte.o
 .text._NRFX_IRQ_PRIORITY_SET
                0x000000000000bb68       0x40 Output/Transmitter Debug/Obj/nrfx_uarte.o
 .text._NRFX_IRQ_ENABLE
                0x000000000000bba8       0x1c Output/Transmitter Debug/Obj/nrfx_uarte.o
 .text._NRFX_IRQ_DISABLE
                0x000000000000bbc4       0x1c Output/Transmitter Debug/Obj/nrfx_uarte.o
 .text.nrf_uarte_event_clear
                0x000000000000bbe0       0x2a Output/Transmitter Debug/Obj/nrfx_uarte.o
 .text.nrf_uarte_event_check
                0x000000000000bc0a       0x24 Output/Transmitter Debug/Obj/nrfx_uarte.o
 .text.nrf_uarte_shorts_enable
                0x000000000000bc2e       0x1c Output/Transmitter Debug/Obj/nrfx_uarte.o
 .text.nrf_uarte_shorts_disable
                0x000000000000bc4a       0x1e Output/Transmitter Debug/Obj/nrfx_uarte.o
 .text.nrf_uarte_int_enable
                0x000000000000bc68       0x14 Output/Transmitter Debug/Obj/nrfx_uarte.o
 .text.nrf_uarte_int_disable
                0x000000000000bc7c       0x14 Output/Transmitter Debug/Obj/nrfx_uarte.o
 .text.nrf_uarte_errorsrc_get_and_clear
                0x000000000000bc90       0x1c Output/Transmitter Debug/Obj/nrfx_uarte.o
 .text.nrf_uarte_enable
                0x000000000000bcac       0x12 Output/Transmitter Debug/Obj/nrfx_uarte.o
 .text.nrf_uarte_disable
                0x000000000000bcbe       0x12 Output/Transmitter Debug/Obj/nrfx_uarte.o
 .text.nrf_uarte_txrx_pins_set
                0x000000000000bcd0       0x1e Output/Transmitter Debug/Obj/nrfx_uarte.o
 .text.nrf_uarte_txrx_pins_disconnect
                0x000000000000bcee       0x1c Output/Transmitter Debug/Obj/nrfx_uarte.o
 .text.nrf_uarte_tx_pin_get
                0x000000000000bd0a       0x10 Output/Transmitter Debug/Obj/nrfx_uarte.o
 .text.nrf_uarte_rx_pin_get
                0x000000000000bd1a       0x10 Output/Transmitter Debug/Obj/nrfx_uarte.o
 .text.nrf_uarte_rts_pin_get
                0x000000000000bd2a       0x10 Output/Transmitter Debug/Obj/nrfx_uarte.o
 .text.nrf_uarte_cts_pin_get
                0x000000000000bd3a       0x10 Output/Transmitter Debug/Obj/nrfx_uarte.o
 .text.nrf_uarte_hwfc_pins_set
                0x000000000000bd4a       0x1e Output/Transmitter Debug/Obj/nrfx_uarte.o
 .text.nrf_uarte_hwfc_pins_disconnect
                0x000000000000bd68       0x1c Output/Transmitter Debug/Obj/nrfx_uarte.o
 .text.nrf_uarte_task_trigger
                0x000000000000bd84       0x1c Output/Transmitter Debug/Obj/nrfx_uarte.o
 .text.nrf_uarte_configure
                0x000000000000bda0       0x2a Output/Transmitter Debug/Obj/nrfx_uarte.o
 .text.nrf_uarte_baudrate_set
                0x000000000000bdca       0x14 Output/Transmitter Debug/Obj/nrfx_uarte.o
 .text.nrf_uarte_tx_buffer_set
                0x000000000000bdde       0x1e Output/Transmitter Debug/Obj/nrfx_uarte.o
 .text.nrf_uarte_tx_amount_get
                0x000000000000bdfc       0x10 Output/Transmitter Debug/Obj/nrfx_uarte.o
 .text.nrf_uarte_rx_buffer_set
                0x000000000000be0c       0x1e Output/Transmitter Debug/Obj/nrfx_uarte.o
 .text.nrf_uarte_rx_amount_get
                0x000000000000be2a       0x10 Output/Transmitter Debug/Obj/nrfx_uarte.o
 *fill*         0x000000000000be3a        0x2 
 .text.nrf_gpio_pin_port_decode
                0x000000000000be3c       0x44 Output/Transmitter Debug/Obj/nrfx_uarte.o
 .text.nrf_gpio_cfg
                0x000000000000be80       0x62 Output/Transmitter Debug/Obj/nrfx_uarte.o
 .text.nrf_gpio_cfg_output
                0x000000000000bee2       0x22 Output/Transmitter Debug/Obj/nrfx_uarte.o
 .text.nrf_gpio_cfg_input
                0x000000000000bf04       0x2a Output/Transmitter Debug/Obj/nrfx_uarte.o
 .text.nrf_gpio_cfg_default
                0x000000000000bf2e       0x22 Output/Transmitter Debug/Obj/nrfx_uarte.o
 .text.nrf_gpio_pin_set
                0x000000000000bf50       0x28 Output/Transmitter Debug/Obj/nrfx_uarte.o
 .text.nrf_gpio_port_out_set
                0x000000000000bf78       0x14 Output/Transmitter Debug/Obj/nrfx_uarte.o
 .text.apply_config
                0x000000000000bf8c       0xc6 Output/Transmitter Debug/Obj/nrfx_uarte.o
 *fill*         0x000000000000c052        0x2 
 .text.interrupts_enable
                0x000000000000c054       0x98 Output/Transmitter Debug/Obj/nrfx_uarte.o
 .text.interrupts_disable
                0x000000000000c0ec       0x30 Output/Transmitter Debug/Obj/nrfx_uarte.o
 .text.pins_to_default
                0x000000000000c11c       0x8a Output/Transmitter Debug/Obj/nrfx_uarte.o
 *fill*         0x000000000000c1a6        0x2 
 .text.nrfx_uarte_init
                0x000000000000c1a8       0xcc Output/Transmitter Debug/Obj/nrfx_uarte.o
                0x000000000000c1a8                nrfx_uarte_init
 .text.nrfx_uarte_uninit
                0x000000000000c274       0xac Output/Transmitter Debug/Obj/nrfx_uarte.o
                0x000000000000c274                nrfx_uarte_uninit
 .text.nrfx_uarte_tx
                0x000000000000c320      0x180 Output/Transmitter Debug/Obj/nrfx_uarte.o
                0x000000000000c320                nrfx_uarte_tx
 .text.nrfx_uarte_tx_in_progress
                0x000000000000c4a0       0x30 Output/Transmitter Debug/Obj/nrfx_uarte.o
                0x000000000000c4a0                nrfx_uarte_tx_in_progress
 .text.nrfx_uarte_rx
                0x000000000000c4d0      0x23c Output/Transmitter Debug/Obj/nrfx_uarte.o
                0x000000000000c4d0                nrfx_uarte_rx
 .text.rx_done_event
                0x000000000000c70c       0x2e Output/Transmitter Debug/Obj/nrfx_uarte.o
 .text.tx_done_event
                0x000000000000c73a       0x34 Output/Transmitter Debug/Obj/nrfx_uarte.o
 *fill*         0x000000000000c76e        0x2 
 .text.nrfx_uarte_rx_abort
                0x000000000000c770       0x48 Output/Transmitter Debug/Obj/nrfx_uarte.o
                0x000000000000c770                nrfx_uarte_rx_abort
 .text.uarte_irq_handler
                0x000000000000c7b8      0x18c Output/Transmitter Debug/Obj/nrfx_uarte.o
 .text.nrfx_uarte_0_irq_handler
                0x000000000000c944       0x18 Output/Transmitter Debug/Obj/nrfx_uarte.o
                0x000000000000c944                nrfx_uarte_0_irq_handler
 .text.NVIC_EnableIRQ
                0x000000000000c95c       0x2c Output/Transmitter Debug/Obj/nrfx_clock.o
 .text.NVIC_SetPriority
                0x000000000000c988       0x50 Output/Transmitter Debug/Obj/nrfx_clock.o
 .text.nrfx_get_irq_number
                0x000000000000c9d8       0x10 Output/Transmitter Debug/Obj/nrfx_clock.o
 .text._NRFX_IRQ_PRIORITY_SET
                0x000000000000c9e8       0x40 Output/Transmitter Debug/Obj/nrfx_clock.o
 .text._NRFX_IRQ_ENABLE
                0x000000000000ca28       0x1c Output/Transmitter Debug/Obj/nrfx_clock.o
 .text._NRFX_IRQ_IS_ENABLED
                0x000000000000ca44       0x4c Output/Transmitter Debug/Obj/nrfx_clock.o
 .text.nrf_clock_int_enable
                0x000000000000ca90       0x14 Output/Transmitter Debug/Obj/nrfx_clock.o
 .text.nrf_clock_int_disable
                0x000000000000caa4       0x14 Output/Transmitter Debug/Obj/nrfx_clock.o
 .text.nrf_clock_task_trigger
                0x000000000000cab8       0x1a Output/Transmitter Debug/Obj/nrfx_clock.o
 .text.nrf_clock_event_clear
                0x000000000000cad2       0x28 Output/Transmitter Debug/Obj/nrfx_clock.o
 .text.nrf_clock_event_check
                0x000000000000cafa       0x22 Output/Transmitter Debug/Obj/nrfx_clock.o
 .text.nrf_clock_lf_src_set
                0x000000000000cb1c       0x14 Output/Transmitter Debug/Obj/nrfx_clock.o
 .text.nrfx_power_clock_irq_init
                0x000000000000cb30       0x56 Output/Transmitter Debug/Obj/nrfx_clock.o
 *fill*         0x000000000000cb86        0x2 
 .text.nrfx_clock_init
                0x000000000000cb88       0x4c Output/Transmitter Debug/Obj/nrfx_clock.o
                0x000000000000cb88                nrfx_clock_init
 .text.nrfx_clock_enable
                0x000000000000cbd4       0x28 Output/Transmitter Debug/Obj/nrfx_clock.o
                0x000000000000cbd4                nrfx_clock_enable
 .text.nrfx_clock_lfclk_start
                0x000000000000cbfc       0x34 Output/Transmitter Debug/Obj/nrfx_clock.o
                0x000000000000cbfc                nrfx_clock_lfclk_start
 .text.POWER_CLOCK_IRQHandler
                0x000000000000cc30       0x68 Output/Transmitter Debug/Obj/nrfx_clock.o
                0x000000000000cc30                POWER_CLOCK_IRQHandler
 .text.nrf_drv_clock_init
                0x000000000000cc98       0x54 Output/Transmitter Debug/Obj/nrf_drv_clock.o
                0x000000000000cc98                nrf_drv_clock_init
 .text.item_enqueue
                0x000000000000ccec       0x38 Output/Transmitter Debug/Obj/nrf_drv_clock.o
 .text.item_dequeue
                0x000000000000cd24       0x20 Output/Transmitter Debug/Obj/nrf_drv_clock.o
 .text.nrf_drv_clock_lfclk_request
                0x000000000000cd44       0x9c Output/Transmitter Debug/Obj/nrf_drv_clock.o
                0x000000000000cd44                nrf_drv_clock_lfclk_request
 .text.clock_clk_started_notify
                0x000000000000cde0       0x4c Output/Transmitter Debug/Obj/nrf_drv_clock.o
 .text.clock_irq_handler
                0x000000000000ce2c       0x40 Output/Transmitter Debug/Obj/nrf_drv_clock.o
 .text.libc.__int64_udivmod
                0x000000000000ce6c       0xce D:/Programming/Segger Embedded Studio/lib/libc_v7em_fpv4_sp_d16_hard_t_le_eabi.a(libc_asm.o)
                0x000000000000ce6c                __aeabi_uldivmod
                0x000000000000ce6c                __int64_udiv
                0x000000000000ce6c                __udivdi3
                0x000000000000ce6c                __int64_udivmod
 *fill*         0x000000000000cf3a        0x2 
 .text.libc.__RAL_ascii_isctype
                0x000000000000cf3c       0x1c D:/Programming/Segger Embedded Studio/lib/libc_v7em_fpv4_sp_d16_hard_t_le_eabi.a(libc2.o)
 .text.libc.__RAL_ascii_toupper
                0x000000000000cf58        0xc D:/Programming/Segger Embedded Studio/lib/libc_v7em_fpv4_sp_d16_hard_t_le_eabi.a(libc2.o)
 .text.libc.__RAL_ascii_tolower
                0x000000000000cf64        0xc D:/Programming/Segger Embedded Studio/lib/libc_v7em_fpv4_sp_d16_hard_t_le_eabi.a(libc2.o)
 .text.libc.__RAL_ascii_iswctype
                0x000000000000cf70       0x1c D:/Programming/Segger Embedded Studio/lib/libc_v7em_fpv4_sp_d16_hard_t_le_eabi.a(libc2.o)
 .text.libc.__RAL_ascii_towupper
                0x000000000000cf8c        0xc D:/Programming/Segger Embedded Studio/lib/libc_v7em_fpv4_sp_d16_hard_t_le_eabi.a(libc2.o)
 .text.libc.__RAL_ascii_towlower
                0x000000000000cf98        0xc D:/Programming/Segger Embedded Studio/lib/libc_v7em_fpv4_sp_d16_hard_t_le_eabi.a(libc2.o)
 .text.libc.__RAL_ascii_wctomb
                0x000000000000cfa4        0xe D:/Programming/Segger Embedded Studio/lib/libc_v7em_fpv4_sp_d16_hard_t_le_eabi.a(libc2.o)
                0x000000000000cfa4                __RAL_ascii_wctomb
 .text.libc.__RAL_ascii_mbtowc
                0x000000000000cfb2       0x24 D:/Programming/Segger Embedded Studio/lib/libc_v7em_fpv4_sp_d16_hard_t_le_eabi.a(libc2.o)
                0x000000000000cfb2                __RAL_ascii_mbtowc
 *fill*         0x000000000000cfd6        0x2 
 .text.libc.__RAL_isctype
                0x000000000000cfd8       0x14 D:/Programming/Segger Embedded Studio/lib/libc_v7em_fpv4_sp_d16_hard_t_le_eabi.a(libc2.o)
                0x000000000000cfd8                __RAL_isctype
 .text.libc.isupper
                0x000000000000cfec        0xa D:/Programming/Segger Embedded Studio/lib/libc_v7em_fpv4_sp_d16_hard_t_le_eabi.a(libc2.o)
                0x000000000000cfec                isupper
 .text.libc.islower
                0x000000000000cff6        0xa D:/Programming/Segger Embedded Studio/lib/libc_v7em_fpv4_sp_d16_hard_t_le_eabi.a(libc2.o)
                0x000000000000cff6                islower
 .text.libc.isdigit
                0x000000000000d000        0xa D:/Programming/Segger Embedded Studio/lib/libc_v7em_fpv4_sp_d16_hard_t_le_eabi.a(libc2.o)
                0x000000000000d000                isdigit
 .text.libc.__digit
                0x000000000000d00a       0x3c D:/Programming/Segger Embedded Studio/lib/libc_v7em_fpv4_sp_d16_hard_t_le_eabi.a(libc2.o)
                0x000000000000d00a                __digit
 .text.libc.isspace
                0x000000000000d046        0xa D:/Programming/Segger Embedded Studio/lib/libc_v7em_fpv4_sp_d16_hard_t_le_eabi.a(libc2.o)
                0x000000000000d046                isspace
 .text.libc.isprint
                0x000000000000d050        0xa D:/Programming/Segger Embedded Studio/lib/libc_v7em_fpv4_sp_d16_hard_t_le_eabi.a(libc2.o)
                0x000000000000d050                isprint
 *fill*         0x000000000000d05a        0x2 
 .text.libc.__aeabi_errno_addr
                0x000000000000d05c       0x14 D:/Programming/Segger Embedded Studio/lib/libc_v7em_fpv4_sp_d16_hard_t_le_eabi.a(libc2.o)
                0x000000000000d05c                __aeabi_errno_addr
 .text.libc.__strtoul
                0x000000000000d070       0xdc D:/Programming/Segger Embedded Studio/lib/libc_v7em_fpv4_sp_d16_hard_t_le_eabi.a(libc2.o)
                0x000000000000d070                __strtoul
 .text.libc.memmove
                0x000000000000d14c       0x3a D:/Programming/Segger Embedded Studio/lib/libc_v7em_fpv4_sp_d16_hard_t_le_eabi.a(libc2.o)
                0x000000000000d14c                __aeabi_memmove8
                0x000000000000d14c                __aeabi_memmove
                0x000000000000d14c                __aeabi_memmove4
                0x000000000000d14c                memmove
 .text.libc.qsort
                0x000000000000d186      0x222 D:/Programming/Segger Embedded Studio/lib/libc_v7em_fpv4_sp_d16_hard_t_le_eabi.a(libc2.o)
                0x000000000000d186                qsort
 .text.libc.strncmp
                0x000000000000d3a8       0x3a D:/Programming/Segger Embedded Studio/lib/libc_v7em_fpv4_sp_d16_hard_t_le_eabi.a(libc2.o)
                0x000000000000d3a8                strncmp
 .text.libc.strtol
                0x000000000000d3e2       0xa6 D:/Programming/Segger Embedded Studio/lib/libc_v7em_fpv4_sp_d16_hard_t_le_eabi.a(libc2.o)
                0x000000000000d3e2                strtol
 .text.libc.atoi
                0x000000000000d488       0x20 D:/Programming/Segger Embedded Studio/lib/libc_v7em_fpv4_sp_d16_hard_t_le_eabi.a(libc2.o)
                0x000000000000d488                atoi
 .text.libc.memcpy
                0x000000000000d4a8       0x52 D:/Programming/Segger Embedded Studio/lib/libc_v7em_fpv4_sp_d16_hard_t_le_eabi.a(libc2_asm.o)
                0x000000000000d4a8                __aeabi_memcpy
                0x000000000000d4a8                memcpy
                0x000000000000d4b4                __aeabi_memcpy8
                0x000000000000d4b4                __aeabi_memcpy4
 .text.libc.memset
                0x000000000000d4fa       0x66 D:/Programming/Segger Embedded Studio/lib/libc_v7em_fpv4_sp_d16_hard_t_le_eabi.a(libc2_asm.o)
                0x000000000000d4fa                memset
 .text.libc.strcpy
                0x000000000000d560       0x44 D:/Programming/Segger Embedded Studio/lib/libc_v7em_fpv4_sp_d16_hard_t_le_eabi.a(libc2_asm.o)
                0x000000000000d560                strcpy
 .text.libc.strcmp
                0x000000000000d5a4       0x4e D:/Programming/Segger Embedded Studio/lib/libc_v7em_fpv4_sp_d16_hard_t_le_eabi.a(libc2_asm.o)
                0x000000000000d5a4                strcmp
 .text.libc.strlen
                0x000000000000d5f2       0x60 D:/Programming/Segger Embedded Studio/lib/libc_v7em_fpv4_sp_d16_hard_t_le_eabi.a(libc2_asm.o)
                0x000000000000d5f2                strlen
                0x000000000000d652                __text_end__ = (__text_start__ + SIZEOF (.text))
                0x000000000000d282                __text_size__ = SIZEOF (.text)
                0x000000000000d652                __text_load_end__ = __text_end__

.vfp11_veneer   0x0000000100000000        0x0
 .vfp11_veneer  0x0000000100000000        0x0 linker stubs

.v4_bx          0x0000000100000000        0x0
 .v4_bx         0x0000000100000000        0x0 linker stubs

.iplt           0x0000000100000000        0x0
 .iplt          0x0000000100000000        0x0 Output/Transmitter Debug/Obj/thumb_crt0.o
                0x0000000000000001                . = ASSERT (((__text_start__ == __text_end__) || ((__text_end__ - __FLASH_segment_start__) <= __FLASH_segment_size__)), error: .text is too large to fit in FLASH memory segment)
                0x000000000000d654                __cli_command_load_start__ = ALIGN (__text_end__, 0x4)

.cli_command    0x000000000000d654       0x50
                0x000000000000d654                __cli_command_start__ = .
                0x000000000000d654                __start_cli_command = __cli_command_start__
 *(.cli_command*)
 .cli_command   0x000000000000d654        0x8 Output/Transmitter Debug/Obj/nrf_balloc.o
                0x000000000000d654                nrf_cli_balloc_const
 .cli_command   0x000000000000d65c       0x20 Output/Transmitter Debug/Obj/nrf_cli.o
                0x000000000000d65c                nrf_cli_clear_const
                0x000000000000d664                nrf_cli_cli_const
                0x000000000000d66c                nrf_cli_history_const
                0x000000000000d674                nrf_cli_resize_const
 .cli_command   0x000000000000d67c        0x8 Output/Transmitter Debug/Obj/nrf_queue.o
                0x000000000000d67c                nrf_cli_queue_const
 .cli_command   0x000000000000d684       0x20 Output/Transmitter Debug/Obj/allcli.o
                0x000000000000d684                nrf_cli_help_const
                0x000000000000d68c                nrf_cli_set_const
                0x000000000000d694                nrf_cli_check_const
                0x000000000000d69c                nrf_cli_loopback_const
                0x000000000000d6a4                __cli_command_end__ = (__cli_command_start__ + SIZEOF (.cli_command))
                0x0000000000000050                __cli_command_size__ = SIZEOF (.cli_command)
                0x000000000000d6a4                __stop_cli_command = __cli_command_end__
                0x000000000000d6a4                __cli_command_load_end__ = __cli_command_end__
                0x0000000000000001                . = ASSERT (((__cli_command_start__ == __cli_command_end__) || ((__cli_command_end__ - __FLASH_segment_start__) <= __FLASH_segment_size__)), error: .cli_command is too large to fit in FLASH memory segment)
                0x000000000000d6a4                __cli_sorted_cmd_ptrs_load_start__ = ALIGN (__cli_command_end__, 0x4)

.cli_sorted_cmd_ptrs
                0x0000000020000000       0x28 load address 0x000000000000d6a4
                0x0000000020000000                __cli_sorted_cmd_ptrs_start__ = .
 *(.cli_sorted_cmd_ptrs*)
 .cli_sorted_cmd_ptrs
                0x0000000020000000        0x4 Output/Transmitter Debug/Obj/nrf_balloc.o
                0x0000000020000000                balloc_str_ptr
 .cli_sorted_cmd_ptrs
                0x0000000020000004       0x10 Output/Transmitter Debug/Obj/nrf_cli.o
                0x0000000020000004                clear_str_ptr
                0x0000000020000008                cli_str_ptr
                0x000000002000000c                history_str_ptr
                0x0000000020000010                resize_str_ptr
 .cli_sorted_cmd_ptrs
                0x0000000020000014        0x4 Output/Transmitter Debug/Obj/nrf_queue.o
                0x0000000020000014                queue_str_ptr
 .cli_sorted_cmd_ptrs
                0x0000000020000018       0x10 Output/Transmitter Debug/Obj/allcli.o
                0x0000000020000018                help_str_ptr
                0x000000002000001c                set_str_ptr
                0x0000000020000020                check_str_ptr
                0x0000000020000024                loopback_str_ptr
                0x0000000020000028                __cli_sorted_cmd_ptrs_end__ = (__cli_sorted_cmd_ptrs_start__ + SIZEOF (.cli_sorted_cmd_ptrs))
                0x0000000000000028                __cli_sorted_cmd_ptrs_size__ = SIZEOF (.cli_sorted_cmd_ptrs)
                0x000000000000d6cc                __cli_sorted_cmd_ptrs_load_end__ = (__cli_sorted_cmd_ptrs_load_start__ + SIZEOF (.cli_sorted_cmd_ptrs))
                0x0000000000000001                . = ASSERT (((__cli_sorted_cmd_ptrs_load_start__ == __cli_sorted_cmd_ptrs_load_end__) || ((__cli_sorted_cmd_ptrs_load_end__ - __FLASH_segment_start__) <= __FLASH_segment_size__)), error: .cli_sorted_cmd_ptrs is too large to fit in FLASH memory segment)

.cli_sorted_cmd_ptrs_run
                0x0000000020000000       0x28 load address 0x000000000000d6a4
                0x0000000020000000                __cli_sorted_cmd_ptrs_run_start__ = .
                0x0000000020000000                __start_cli_sorted_cmd_ptrs = __cli_sorted_cmd_ptrs_run_start__
                0x0000000020000028                . = MAX ((__cli_sorted_cmd_ptrs_run_start__ + SIZEOF (.cli_sorted_cmd_ptrs)), .)
 *fill*         0x0000000020000000       0x28 
                0x0000000020000028                __cli_sorted_cmd_ptrs_run_end__ = (__cli_sorted_cmd_ptrs_run_start__ + SIZEOF (.cli_sorted_cmd_ptrs_run))
                0x0000000000000028                __cli_sorted_cmd_ptrs_run_size__ = SIZEOF (.cli_sorted_cmd_ptrs_run)
                0x0000000020000028                __stop_cli_sorted_cmd_ptrs = __cli_sorted_cmd_ptrs_run_end__
                0x0000000020000028                __cli_sorted_cmd_ptrs_run_load_end__ = __cli_sorted_cmd_ptrs_run_end__
                0x0000000000000001                . = ASSERT (((__cli_sorted_cmd_ptrs_run_start__ == __cli_sorted_cmd_ptrs_run_end__) || ((__cli_sorted_cmd_ptrs_run_end__ - __RAM_segment_start__) <= __RAM_segment_size__)), error: .cli_sorted_cmd_ptrs_run is too large to fit in RAM memory segment)
                0x000000000000d6cc                __nrf_queue_load_start__ = ALIGN ((__cli_sorted_cmd_ptrs_load_start__ + SIZEOF (.cli_sorted_cmd_ptrs)), 0x4)

.nrf_queue      0x000000000000d6cc        0x0
                0x000000000000d6cc                __nrf_queue_start__ = .
                0x000000000000d6cc                __start_nrf_queue = __nrf_queue_start__
 *(.nrf_queue*)
                0x000000000000d6cc                __nrf_queue_end__ = (__nrf_queue_start__ + SIZEOF (.nrf_queue))
                0x0000000000000000                __nrf_queue_size__ = SIZEOF (.nrf_queue)
                0x000000000000d6cc                __stop_nrf_queue = __nrf_queue_end__
                0x000000000000d6cc                __nrf_queue_load_end__ = __nrf_queue_end__
                0x0000000000000001                . = ASSERT (((__nrf_queue_start__ == __nrf_queue_end__) || ((__nrf_queue_end__ - __FLASH_segment_start__) <= __FLASH_segment_size__)), error: .nrf_queue is too large to fit in FLASH memory segment)
                0x000000000000d6cc                __log_const_data_load_start__ = ALIGN (__nrf_queue_end__, 0x4)

.log_const_data
                0x000000000000d6cc        0x0
                0x000000000000d6cc                __log_const_data_start__ = .
                0x000000000000d6cc                __start_log_const_data = __log_const_data_start__
 *(SORT_BY_NAME(.log_const_data*))